Archive member included to satisfy reference by file (symbol)

/usr/lib/gcc/arm-none-eabi/4.9.3/armv7e-m/fpu/libgcc.a(_arm_addsubdf3.o)
                              build/3dmagnetic.o (__aeabi_dsub)
/usr/lib/gcc/arm-none-eabi/4.9.3/armv7e-m/fpu/libgcc.a(_arm_muldivdf3.o)
                              build/3dmagnetic.o (__aeabi_dmul)
/usr/lib/gcc/arm-none-eabi/4.9.3/armv7e-m/fpu/libgcc.a(_arm_cmpdf2.o)
                              build/3dmagnetic.o (__aeabi_dcmpeq)
/usr/lib/gcc/arm-none-eabi/4.9.3/../../../arm-none-eabi/lib/armv7e-m/fpu/libg.a(lib_a-atexit.o)
                              /usr/lib/gcc/arm-none-eabi/4.9.3/../../../arm-none-eabi/lib/armv7e-m/fpu/crt0.o (atexit)
/usr/lib/gcc/arm-none-eabi/4.9.3/../../../arm-none-eabi/lib/armv7e-m/fpu/libg.a(lib_a-ctype_.o)
                              build/parser.o (__ctype_ptr__)
/usr/lib/gcc/arm-none-eabi/4.9.3/../../../arm-none-eabi/lib/armv7e-m/fpu/libg.a(lib_a-errno.o)
                              build/syscall.o (__errno)
/usr/lib/gcc/arm-none-eabi/4.9.3/../../../arm-none-eabi/lib/armv7e-m/fpu/libg.a(lib_a-exit.o)
                              /usr/lib/gcc/arm-none-eabi/4.9.3/../../../arm-none-eabi/lib/armv7e-m/fpu/crt0.o (exit)
/usr/lib/gcc/arm-none-eabi/4.9.3/../../../arm-none-eabi/lib/armv7e-m/fpu/libg.a(lib_a-fini.o)
                              /usr/lib/gcc/arm-none-eabi/4.9.3/../../../arm-none-eabi/lib/armv7e-m/fpu/crt0.o (__libc_fini_array)
/usr/lib/gcc/arm-none-eabi/4.9.3/../../../arm-none-eabi/lib/armv7e-m/fpu/libg.a(lib_a-impure.o)
                              /usr/lib/gcc/arm-none-eabi/4.9.3/../../../arm-none-eabi/lib/armv7e-m/fpu/libg.a(lib_a-exit.o) (_global_impure_ptr)
/usr/lib/gcc/arm-none-eabi/4.9.3/../../../arm-none-eabi/lib/armv7e-m/fpu/libg.a(lib_a-init.o)
                              /usr/lib/gcc/arm-none-eabi/4.9.3/../../../arm-none-eabi/lib/armv7e-m/fpu/crt0.o (__libc_init_array)
/usr/lib/gcc/arm-none-eabi/4.9.3/../../../arm-none-eabi/lib/armv7e-m/fpu/libg.a(lib_a-memset.o)
                              /usr/lib/gcc/arm-none-eabi/4.9.3/../../../arm-none-eabi/lib/armv7e-m/fpu/crt0.o (memset)
/usr/lib/gcc/arm-none-eabi/4.9.3/../../../arm-none-eabi/lib/armv7e-m/fpu/libg.a(lib_a-printf.o)
                              build/main.o (printf)
/usr/lib/gcc/arm-none-eabi/4.9.3/../../../arm-none-eabi/lib/armv7e-m/fpu/libg.a(lib_a-putchar.o)
                              build/parser.o (putchar)
/usr/lib/gcc/arm-none-eabi/4.9.3/../../../arm-none-eabi/lib/armv7e-m/fpu/libg.a(lib_a-puts.o)
                              build/main.o (puts)
/usr/lib/gcc/arm-none-eabi/4.9.3/../../../arm-none-eabi/lib/armv7e-m/fpu/libg.a(lib_a-setvbuf.o)
                              build/terminal.o (setvbuf)
/usr/lib/gcc/arm-none-eabi/4.9.3/../../../arm-none-eabi/lib/armv7e-m/fpu/libg.a(lib_a-strcasecmp.o)
                              build/parser.o (strcasecmp)
/usr/lib/gcc/arm-none-eabi/4.9.3/../../../arm-none-eabi/lib/armv7e-m/fpu/libg.a(lib_a-strcpy.o)
                              build/parser.o (strcpy)
/usr/lib/gcc/arm-none-eabi/4.9.3/../../../arm-none-eabi/lib/armv7e-m/fpu/libg.a(lib_a-strlen.o)
                              build/parser.o (strlen)
/usr/lib/gcc/arm-none-eabi/4.9.3/../../../arm-none-eabi/lib/armv7e-m/fpu/libg.a(lib_a-strtok.o)
                              build/parser.o (strtok)
/usr/lib/gcc/arm-none-eabi/4.9.3/../../../arm-none-eabi/lib/armv7e-m/fpu/libg.a(lib_a-strtok_r.o)
                              /usr/lib/gcc/arm-none-eabi/4.9.3/../../../arm-none-eabi/lib/armv7e-m/fpu/libg.a(lib_a-strtok.o) (__strtok_r)
/usr/lib/gcc/arm-none-eabi/4.9.3/../../../arm-none-eabi/lib/armv7e-m/fpu/libg.a(lib_a-strtol.o)
                              build/parser.o (strtol)
/usr/lib/gcc/arm-none-eabi/4.9.3/../../../arm-none-eabi/lib/armv7e-m/fpu/libg.a(lib_a-strtoul.o)
                              build/parser.o (strtoul)
/usr/lib/gcc/arm-none-eabi/4.9.3/../../../arm-none-eabi/lib/armv7e-m/fpu/libg.a(lib_a-vfprintf.o)
                              /usr/lib/gcc/arm-none-eabi/4.9.3/../../../arm-none-eabi/lib/armv7e-m/fpu/libg.a(lib_a-printf.o) (_vfprintf_r)
/usr/lib/gcc/arm-none-eabi/4.9.3/../../../arm-none-eabi/lib/armv7e-m/fpu/libg.a(lib_a-wsetup.o)
                              /usr/lib/gcc/arm-none-eabi/4.9.3/../../../arm-none-eabi/lib/armv7e-m/fpu/libg.a(lib_a-vfprintf.o) (__swsetup_r)
/usr/lib/gcc/arm-none-eabi/4.9.3/../../../arm-none-eabi/lib/armv7e-m/fpu/libg.a(lib_a-__atexit.o)
                              /usr/lib/gcc/arm-none-eabi/4.9.3/../../../arm-none-eabi/lib/armv7e-m/fpu/libg.a(lib_a-atexit.o) (__register_exitproc)
/usr/lib/gcc/arm-none-eabi/4.9.3/../../../arm-none-eabi/lib/armv7e-m/fpu/libg.a(lib_a-__call_atexit.o)
                              /usr/lib/gcc/arm-none-eabi/4.9.3/../../../arm-none-eabi/lib/armv7e-m/fpu/libg.a(lib_a-exit.o) (__call_exitprocs)
/usr/lib/gcc/arm-none-eabi/4.9.3/../../../arm-none-eabi/lib/armv7e-m/fpu/libg.a(lib_a-dtoa.o)
[...]
Memory Configuration

Name             Origin             Length             Attributes
FLASH            0x0000000008000000 0x0000000000040000 xr
RAM              0x0000000020000000 0x000000000000a000 xrw
CCMRAM           0x0000000010000000 0x0000000000002000 rw
*default*        0x0000000000000000 0xffffffffffffffff

Linker script and memory map

LOAD /usr/lib/gcc/arm-none-eabi/4.9.3/armv7e-m/fpu/crti.o
LOAD /usr/lib/gcc/arm-none-eabi/4.9.3/armv7e-m/fpu/crtbegin.o
LOAD /usr/lib/gcc/arm-none-eabi/4.9.3/../../../arm-none-eabi/lib/armv7e-m/fpu/crt0.o
LOAD build/main.o
LOAD build/i2c.o
LOAD build/3dmagnetic.o
LOAD build/mycode.o
LOAD build/monitor.o
LOAD build/parser.o
LOAD build/dump.o
LOAD build/syscall.o
LOAD build/terminal.o
LOAD build/decoder/decoder.o
LOAD build/decoder/STM32F30x_decoder.o
LOAD build/Drivers/CMSIS/Device/ST/STM32F3xx/Source/Templates/system_stm32f3xx.o
LOAD build/Drivers/STM32F3xx_HAL_Driver/Src/stm32f3xx_hal_rcc.o
LOAD build/Drivers/STM32F3xx_HAL_Driver/Src/stm32f3xx_hal.o
LOAD build/Drivers/STM32F3xx_HAL_Driver/Src/stm32f3xx_hal_cortex.o
LOAD build/Drivers/STM32F3xx_HAL_Driver/Src/stm32f3xx_hal_uart.o
LOAD build/Drivers/STM32F3xx_HAL_Driver/Src/stm32f3xx_hal_gpio.o
LOAD build/Drivers/STM32F3xx_HAL_Driver/Src/stm32f3xx_hal_pcd.o
LOAD build/Drivers/STM32F3xx_HAL_Driver/Src/stm32f3xx_hal_pcd_ex.o
LOAD build/Drivers/STM32F3xx_HAL_Driver/Src/stm32f3xx_hal_rcc_ex.o
LOAD build/Drivers/STM32F3xx_HAL_Driver/Src/stm32f3xx_hal_i2c.o
LOAD build/Drivers/STM32F3xx_HAL_Driver/Src/stm32f3xx_hal_spi.o
LOAD build/Drivers/STM32_USB_Device_Library/Core/Src/usbd_core.o
LOAD build/Drivers/STM32_USB_Device_Library/Core/Src/usbd_ctlreq.o
LOAD build/Drivers/STM32_USB_Device_Library/Core/Src/usbd_ioreq.o
LOAD build/Drivers/STM32_USB_Device_Library/Class/CDC/Src/usbd_cdc.o
LOAD build/usbd_conf.o
LOAD build/usbd_desc.o
LOAD build/usbd_cdc_interface.o
LOAD build/Drivers/BSP/STM32F3-Discovery/stm32f3_discovery.o
LOAD build/Drivers/BSP/STM32F3-Discovery/stm32f3_discovery_accelerometer.o
LOAD build/Drivers/BSP/STM32F3-Discovery/stm32f3_discovery_gyroscope.o
LOAD build/Drivers/BSP/Components/lsm303dlhc/lsm303dlhc.o
LOAD build/Drivers/BSP/Components/l3gd20/l3gd20.o
LOAD build/Drivers/CMSIS/Device/ST/STM32F3xx/Source/Templates/gcc/startup_stm32f303xc.o
START GROUP
LOAD /usr/lib/gcc/arm-none-eabi/4.9.3/armv7e-m/fpu/libgcc.a
LOAD /usr/lib/gcc/arm-none-eabi/4.9.3/../../../arm-none-eabi/lib/armv7e-m/fpu/libg.a
LOAD /usr/lib/gcc/arm-none-eabi/4.9.3/../../../arm-none-eabi/lib/armv7e-m/fpu/libc.a
END GROUP
LOAD /usr/lib/gcc/arm-none-eabi/4.9.3/armv7e-m/fpu/crtend.o
LOAD /usr/lib/gcc/arm-none-eabi/4.9.3/armv7e-m/fpu/crtn.o
                0x0000000020008000                _estack = 0x20008000
                0x0000000000001000                _Min_Heap_Size = 0x1000
                0x0000000000000400                _Min_Stack_Size = 0x400

.isr_vector     0x0000000008000000      0x188
                0x0000000008000000                . = ALIGN (0x4)
 *(.isr_vector)
 .isr_vector    0x0000000008000000      0x188 build/Drivers/CMSIS/Device/ST/STM32F3xx/Source/Templates/gcc/startup_stm32f303xc.o
                0x0000000008000000                g_pfnVectors
                0x0000000008000188                . = ALIGN (0x4)

.text           0x0000000008000188     0x9598
                0x0000000008000188                . = ALIGN (0x4)
 *(.text)
 .text          0x0000000008000188       0xa4 /usr/lib/gcc/arm-none-eabi/4.9.3/armv7e-m/fpu/crtbegin.o
 .text          0x000000000800022c       0xac build/mycode.o
                0x000000000800022c                mytest
                0x0000000008000244                my_Tick
                0x00000000080002a0                my_LED_Function
                0x00000000080002c4                my_Loop
                0x00000000080002c8                my_Init
 .text          0x00000000080002d8      0x370 /usr/lib/gcc/arm-none-eabi/4.9.3/armv7e-m/fpu/libgcc.a(_arm_addsubdf3.o)
                0x00000000080002d8                __aeabi_drsub
                0x00000000080002e0                __aeabi_dsub
                0x00000000080002e0                __subdf3
                0x00000000080002e4                __adddf3
                0x00000000080002e4                __aeabi_dadd
                0x000000000800055c                __aeabi_ui2d
                0x000000000800055c                __floatunsidf
                0x000000000800057c                __floatsidf
                0x000000000800057c                __aeabi_i2d
                0x00000000080005a0                __extendsfdf2
                0x00000000080005a0                __aeabi_f2d
                0x00000000080005dc                __aeabi_ul2d
                0x00000000080005dc                __floatundidf
                0x00000000080005ec                __floatdidf
                0x00000000080005ec                __aeabi_l2d
 .text          0x0000000008000648      0x424 /usr/lib/gcc/arm-none-eabi/4.9.3/armv7e-m/fpu/libgcc.a(_arm_muldivdf3.o)
                0x0000000008000648                __aeabi_dmul
                0x0000000008000648                __muldf3
                0x000000000800089c                __aeabi_ddiv
                0x000000000800089c                __divdf3
 .text          0x0000000008000a6c      0x110 /usr/lib/gcc/arm-none-eabi/4.9.3/armv7e-m/fpu/libgcc.a(_arm_cmpdf2.o)
                0x0000000008000a6c                __gtdf2
                0x0000000008000a6c                __gedf2
                0x0000000008000a74                __ltdf2
                0x0000000008000a74                __ledf2
                0x0000000008000a7c                __cmpdf2
                0x0000000008000a7c                __eqdf2
                0x0000000008000a7c                __nedf2
                0x0000000008000af8                __aeabi_cdrcmple
                0x0000000008000b08                __aeabi_cdcmple
                0x0000000008000b08                __aeabi_cdcmpeq
                0x0000000008000b18                __aeabi_dcmpeq
                0x0000000008000b2c                __aeabi_dcmplt
                0x0000000008000b40                __aeabi_dcmple
                0x0000000008000b54                __aeabi_dcmpge
                0x0000000008000b68                __aeabi_dcmpgt
 .text          0x0000000008000b7c      0x134 /usr/lib/gcc/arm-none-eabi/4.9.3/../../../arm-none-eabi/lib/armv7e-m/fpu/libg.a(lib_a-memcpy.o)
                0x0000000008000b7c                memcpy
 .text          0x0000000008000cb0       0x50 /usr/lib/gcc/arm-none-eabi/4.9.3/armv7e-m/fpu/libgcc.a(_arm_fixdfsi.o)
                0x0000000008000cb0                __fixdfsi
                0x0000000008000cb0                __aeabi_d2iz
 .text          0x0000000008000d00       0x30 /usr/lib/gcc/arm-none-eabi/4.9.3/armv7e-m/fpu/libgcc.a(_aeabi_uldivmod.o)
                0x0000000008000d00                __aeabi_uldivmod
 .text          0x0000000008000d30       0x60 /usr/lib/gcc/arm-none-eabi/4.9.3/armv7e-m/fpu/libgcc.a(bpabi.o)
                0x0000000008000d30                __gnu_ldivmod_helper
                0x0000000008000d60                __gnu_uldivmod_helper
 .text          0x0000000008000d90        0x4 /usr/lib/gcc/arm-none-eabi/4.9.3/armv7e-m/fpu/libgcc.a(_dvmd_tls.o)
                0x0000000008000d90                __aeabi_ldiv0
                0x0000000008000d90                __aeabi_idiv0
 .text          0x0000000008000d94      0x29c /usr/lib/gcc/arm-none-eabi/4.9.3/armv7e-m/fpu/libgcc.a(_divdi3.o)
                0x0000000008000d94                __divdi3
 .text          0x0000000008001030      0x26c /usr/lib/gcc/arm-none-eabi/4.9.3/armv7e-m/fpu/libgcc.a(_udivdi3.o)
                0x0000000008001030                __udivdi3
 *(.text*)
 .text.CmdLED   0x000000000800129c       0x5c build/main.o
                0x000000000800129c                CmdLED
 .text.CmdAccel
                0x00000000080012f8       0x28 build/main.o
                0x00000000080012f8                CmdAccel
 .text.CmdGyro  0x0000000008001320       0x54 build/main.o
                0x0000000008001320                CmdGyro
 .text.CmdButton
                0x0000000008001374       0x2c build/main.o
                0x0000000008001374                CmdButton
 .text.startup.main
                0x00000000080013a0       0x74 build/main.o
                0x00000000080013a0                main
 .text.SysTick_Handler
                0x0000000008001414        0x4 build/main.o
                0x0000000008001414                SysTick_Handler
 .text.i2cInit  0x0000000008001418       0x78 build/i2c.o
                0x0000000008001418                i2cInit
 .text.Init_3DMagneticSensor
                0x0000000008001490       0x6c build/3dmagnetic.o
                0x0000000008001490                Init_3DMagneticSensor
 *fill*         0x00000000080014fc        0x4 
 .text.findAngle
                0x0000000008001500       0xfc build/3dmagnetic.o
                0x0000000008001500                findAngle
 .text.ReadSensor
                0x00000000080015fc       0xd4 build/3dmagnetic.o
                0x00000000080015fc                ReadSensor
 .text.CmdRead  0x00000000080016d0       0x4c build/3dmagnetic.o
                0x00000000080016d0                CmdRead
 .text.CmdW     0x000000000800171c       0x1c build/monitor.o
                0x000000000800171c                CmdW
 .text.CmdR     0x0000000008001738       0x20 build/monitor.o
                0x0000000008001738                CmdR
 .text.parse    0x0000000008001758      0x104 build/parser.o
                0x0000000008001758                parse
 .text.TaskInput
                0x000000000800185c      0x12c build/parser.o
                0x000000000800185c                TaskInput
 .text.fetch_uint32_arg
                0x0000000008001988       0x28 build/parser.o
                0x0000000008001988                fetch_uint32_arg
 .text.fetch_string_arg
                0x00000000080019b0       0x20 build/parser.o
                0x00000000080019b0                fetch_string_arg
 .text.DumpBuffer
                0x00000000080019d0       0xb4 build/dump.o
                0x00000000080019d0                DumpBuffer
 .text.CmdDump  0x0000000008001a84       0x54 build/dump.o
                0x0000000008001a84                CmdDump
 .text._sbrk_r  0x0000000008001ad8       0x34 build/syscall.o
                0x0000000008001ad8                _sbrk_r
 .text._close_r
                0x0000000008001b0c        0x6 build/syscall.o
                0x0000000008001b0c                _close_r
 .text._fstat_r
                0x0000000008001b12        0xa build/syscall.o
                0x0000000008001b12                _fstat_r
 .text._isatty_r
                0x0000000008001b1c        0x4 build/syscall.o
                0x0000000008001b1c                _isatty_r
 .text._lseek_r
                0x0000000008001b20        0x4 build/syscall.o
                0x0000000008001b20                _lseek_r
 .text.CmdStats
                0x0000000008001b24       0x54 build/terminal.o
                0x0000000008001b24                CmdStats
 .text.TerminalRead
                0x0000000008001b78       0x4c build/terminal.o
                0x0000000008001b78                TerminalRead
 .text._read_r  0x0000000008001bc4        0xa build/terminal.o
                0x0000000008001bc4                _read_r
 .text.TerminalReadNonBlock
                0x0000000008001bce       0x10 build/terminal.o
                0x0000000008001bce                TerminalReadNonBlock
 .text.TerminalReadAnyNonBlock
                0x0000000008001bde       0x12 build/terminal.o
                0x0000000008001bde                TerminalReadAnyNonBlock
 .text.TerminalOutputBufferWrite
                0x0000000008001bf0       0xe8 build/terminal.o
                0x0000000008001bf0                TerminalOutputBufferWrite
 .text._write_r
                0x0000000008001cd8       0x38 build/terminal.o
                0x0000000008001cd8                _write_r
 .text.USB_LP_CAN_RX0_IRQHandler
                0x0000000008001d10        0xc build/terminal.o
                0x0000000008001d10                USB_LP_CAN_RX0_IRQHandler
 .text.Uncompress
                0x0000000008001d1c       0x78 build/decoder/decoder.o
 .text.DecodeReadRegister
                0x0000000008001d94       0x58 build/decoder/decoder.o
                0x0000000008001d94                DecodeReadRegister
 .text.DecodeWriteRegister
                0x0000000008001dec       0x54 build/decoder/decoder.o
                0x0000000008001dec                DecodeWriteRegister
 .text.DecodeField
                0x0000000008001e40       0x4c build/decoder/decoder.o
                0x0000000008001e40                DecodeField
 .text.DecodeRegister
                0x0000000008001e8c       0x5c build/decoder/decoder.o
                0x0000000008001e8c                DecodeRegister
 .text.DecodePeripheral
                0x0000000008001ee8       0x50 build/decoder/decoder.o
                0x0000000008001ee8                DecodePeripheral
 .text.DecodePrintPeripherals
                0x0000000008001f38       0x48 build/decoder/decoder.o
                0x0000000008001f38                DecodePrintPeripherals
 .text.DecodePrintRegisters
                0x0000000008001f80       0x58 build/decoder/decoder.o
                0x0000000008001f80                DecodePrintRegisters
 .text.CmdDecode
                0x0000000008001fd8      0x278 build/decoder/decoder.o
                0x0000000008001fd8                CmdDecode
 .text.SystemInit
                0x0000000008002250       0x68 build/Drivers/CMSIS/Device/ST/STM32F3xx/Source/Templates/system_stm32f3xx.o
                0x0000000008002250                SystemInit
 .text.HAL_RCC_OscConfig
                0x00000000080022b8      0x5d4 build/Drivers/STM32F3xx_HAL_Driver/Src/stm32f3xx_hal_rcc.o
                0x00000000080022b8                HAL_RCC_OscConfig
 .text.HAL_RCC_ClockConfig
                0x000000000800288c      0x2cc build/Drivers/STM32F3xx_HAL_Driver/Src/stm32f3xx_hal_rcc.o
                0x000000000800288c                HAL_RCC_ClockConfig
 .text.HAL_RCC_GetSysClockFreq
                0x0000000008002b58       0x6c build/Drivers/STM32F3xx_HAL_Driver/Src/stm32f3xx_hal_rcc.o
                0x0000000008002b58                HAL_RCC_GetSysClockFreq
 .text.HAL_RCC_GetHCLKFreq
                0x0000000008002bc4       0x38 build/Drivers/STM32F3xx_HAL_Driver/Src/stm32f3xx_hal_rcc.o
                0x0000000008002bc4                HAL_RCC_GetHCLKFreq
 .text.HAL_MspInit
                0x0000000008002bfc        0x2 build/Drivers/STM32F3xx_HAL_Driver/Src/stm32f3xx_hal.o
                0x0000000008002bfc                HAL_MspInit
 .text.HAL_InitTick
                0x0000000008002bfe       0x24 build/Drivers/STM32F3xx_HAL_Driver/Src/stm32f3xx_hal.o
                0x0000000008002bfe                HAL_InitTick
 *fill*         0x0000000008002c22        0x2 
 .text.HAL_Init
                0x0000000008002c24       0x24 build/Drivers/STM32F3xx_HAL_Driver/Src/stm32f3xx_hal.o
                0x0000000008002c24                HAL_Init
 .text.HAL_IncTick
                0x0000000008002c48       0x10 build/Drivers/STM32F3xx_HAL_Driver/Src/stm32f3xx_hal.o
                0x0000000008002c48                HAL_IncTick
 .text.HAL_GetTick
                0x0000000008002c58        0xc build/Drivers/STM32F3xx_HAL_Driver/Src/stm32f3xx_hal.o
                0x0000000008002c58                HAL_GetTick
 .text.HAL_NVIC_SetPriorityGrouping
                0x0000000008002c64       0x24 build/Drivers/STM32F3xx_HAL_Driver/Src/stm32f3xx_hal_cortex.o
                0x0000000008002c64                HAL_NVIC_SetPriorityGrouping
 .text.HAL_NVIC_SetPriority
                0x0000000008002c88       0x60 build/Drivers/STM32F3xx_HAL_Driver/Src/stm32f3xx_hal_cortex.o
                0x0000000008002c88                HAL_NVIC_SetPriority
 .text.HAL_SYSTICK_Config
                0x0000000008002ce8       0x2c build/Drivers/STM32F3xx_HAL_Driver/Src/stm32f3xx_hal_cortex.o
                0x0000000008002ce8                HAL_SYSTICK_Config
 .text.HAL_GPIO_Init
                0x0000000008002d14      0x188 build/Drivers/STM32F3xx_HAL_Driver/Src/stm32f3xx_hal_gpio.o
                0x0000000008002d14                HAL_GPIO_Init
 .text.HAL_GPIO_ReadPin
                0x0000000008002e9c        0xc build/Drivers/STM32F3xx_HAL_Driver/Src/stm32f3xx_hal_gpio.o
                0x0000000008002e9c                HAL_GPIO_ReadPin
 .text.HAL_GPIO_WritePin
                0x0000000008002ea8        0xa build/Drivers/STM32F3xx_HAL_Driver/Src/stm32f3xx_hal_gpio.o
                0x0000000008002ea8                HAL_GPIO_WritePin
 .text.HAL_GPIO_TogglePin
                0x0000000008002eb2        0x8 build/Drivers/STM32F3xx_HAL_Driver/Src/stm32f3xx_hal_gpio.o
                0x0000000008002eb2                HAL_GPIO_TogglePin
 .text.HAL_PCD_SetAddress
                0x0000000008002eba       0x2c build/Drivers/STM32F3xx_HAL_Driver/Src/stm32f3xx_hal_pcd.o
                0x0000000008002eba                HAL_PCD_SetAddress
 .text.HAL_PCD_EP_Open
                0x0000000008002ee6      0x338 build/Drivers/STM32F3xx_HAL_Driver/Src/stm32f3xx_hal_pcd.o
                0x0000000008002ee6                HAL_PCD_EP_Open
 .text.HAL_PCD_EP_Receive
                0x000000000800321e       0xf4 build/Drivers/STM32F3xx_HAL_Driver/Src/stm32f3xx_hal_pcd.o
                0x000000000800321e                HAL_PCD_EP_Receive
 .text.HAL_PCD_EP_Transmit
                0x0000000008003312      0x182 build/Drivers/STM32F3xx_HAL_Driver/Src/stm32f3xx_hal_pcd.o
                0x0000000008003312                HAL_PCD_EP_Transmit
 .text.HAL_PCD_IRQHandler
                0x0000000008003494      0x4a6 build/Drivers/STM32F3xx_HAL_Driver/Src/stm32f3xx_hal_pcd.o
                0x0000000008003494                HAL_PCD_IRQHandler
 .text.HAL_PCD_EP_SetStall
                0x000000000800393a       0xa2 build/Drivers/STM32F3xx_HAL_Driver/Src/stm32f3xx_hal_pcd.o
                0x000000000800393a                HAL_PCD_EP_SetStall
 .text.HAL_PCD_EP_ClrStall
                0x00000000080039dc       0xc8 build/Drivers/STM32F3xx_HAL_Driver/Src/stm32f3xx_hal_pcd.o
                0x00000000080039dc                HAL_PCD_EP_ClrStall
 .text.PCD_WritePMA
                0x0000000008003aa4       0x2e build/Drivers/STM32F3xx_HAL_Driver/Src/stm32f3xx_hal_pcd_ex.o
                0x0000000008003aa4                PCD_WritePMA
 .text.PCD_ReadPMA
                0x0000000008003ad2       0x22 build/Drivers/STM32F3xx_HAL_Driver/Src/stm32f3xx_hal_pcd_ex.o
                0x0000000008003ad2                PCD_ReadPMA
 .text.HAL_RCCEx_PeriphCLKConfig
                0x0000000008003af4      0x1d4 build/Drivers/STM32F3xx_HAL_Driver/Src/stm32f3xx_hal_rcc_ex.o
                0x0000000008003af4                HAL_RCCEx_PeriphCLKConfig
 .text.I2C_TransferConfig
                0x0000000008003cc8       0x2a build/Drivers/STM32F3xx_HAL_Driver/Src/stm32f3xx_hal_i2c.o
 *fill*         0x0000000008003cf2        0x2 
 .text.I2C_IsAcknowledgeFailed
                0x0000000008003cf4       0x90 build/Drivers/STM32F3xx_HAL_Driver/Src/stm32f3xx_hal_i2c.o
 .text.I2C_WaitOnFlagUntilTimeout
                0x0000000008003d84       0x68 build/Drivers/STM32F3xx_HAL_Driver/Src/stm32f3xx_hal_i2c.o
 .text.I2C_WaitOnTXISFlagUntilTimeout
                0x0000000008003dec       0x54 build/Drivers/STM32F3xx_HAL_Driver/Src/stm32f3xx_hal_i2c.o
 .text.I2C_WaitOnSTOPFlagUntilTimeout
                0x0000000008003e40       0x50 build/Drivers/STM32F3xx_HAL_Driver/Src/stm32f3xx_hal_i2c.o
 .text.HAL_I2C_MspInit
                0x0000000008003e90        0x2 build/Drivers/STM32F3xx_HAL_Driver/Src/stm32f3xx_hal_i2c.o
                0x0000000008003e90                HAL_I2C_MspInit
 .text.HAL_I2C_Init
                0x0000000008003e92       0x90 build/Drivers/STM32F3xx_HAL_Driver/Src/stm32f3xx_hal_i2c.o
                0x0000000008003e92                HAL_I2C_Init
 *fill*         0x0000000008003f22        0x2 
 .text.HAL_I2C_Master_Transmit
                0x0000000008003f24       0xdc build/Drivers/STM32F3xx_HAL_Driver/Src/stm32f3xx_hal_i2c.o
                0x0000000008003f24                HAL_I2C_Master_Transmit
 .text.HAL_I2C_Master_Receive
                0x0000000008004000       0xdc build/Drivers/STM32F3xx_HAL_Driver/Src/stm32f3xx_hal_i2c.o
                0x0000000008004000                HAL_I2C_Master_Receive
 .text.USBD_SetClassConfig
                0x00000000080040dc       0x16 build/Drivers/STM32_USB_Device_Library/Core/Src/usbd_core.o
                0x00000000080040dc                USBD_SetClassConfig
 .text.USBD_ClrClassConfig
                0x00000000080040f2        0xe build/Drivers/STM32_USB_Device_Library/Core/Src/usbd_core.o
                0x00000000080040f2                USBD_ClrClassConfig
 .text.USBD_LL_SetupStage
                0x0000000008004100       0x5a build/Drivers/STM32_USB_Device_Library/Core/Src/usbd_core.o
                0x0000000008004100                USBD_LL_SetupStage
 .text.USBD_LL_DataOutStage
                0x000000000800415a       0x60 build/Drivers/STM32_USB_Device_Library/Core/Src/usbd_core.o
                0x000000000800415a                USBD_LL_DataOutStage
 .text.USBD_LL_DataInStage
                0x00000000080041ba       0x88 build/Drivers/STM32_USB_Device_Library/Core/Src/usbd_core.o
                0x00000000080041ba                USBD_LL_DataInStage
 .text.USBD_LL_Reset
                0x0000000008004242       0x3e build/Drivers/STM32_USB_Device_Library/Core/Src/usbd_core.o
                0x0000000008004242                USBD_LL_Reset
 .text.USBD_LL_SetSpeed
                0x0000000008004280        0x6 build/Drivers/STM32_USB_Device_Library/Core/Src/usbd_core.o
                0x0000000008004280                USBD_LL_SetSpeed
 .text.USBD_LL_SOF
                0x0000000008004286       0x18 build/Drivers/STM32_USB_Device_Library/Core/Src/usbd_core.o
                0x0000000008004286                USBD_LL_SOF
 .text.USBD_ParseSetupRequest
                0x000000000800429e       0x28 build/Drivers/STM32_USB_Device_Library/Core/Src/usbd_ctlreq.o
                0x000000000800429e                USBD_ParseSetupRequest
 .text.USBD_CtlError
                0x00000000080042c6       0x16 build/Drivers/STM32_USB_Device_Library/Core/Src/usbd_ctlreq.o
                0x00000000080042c6                USBD_CtlError
 .text.USBD_StdDevReq
                0x00000000080042dc      0x218 build/Drivers/STM32_USB_Device_Library/Core/Src/usbd_ctlreq.o
                0x00000000080042dc                USBD_StdDevReq
 .text.USBD_StdItfReq
                0x00000000080044f4       0x30 build/Drivers/STM32_USB_Device_Library/Core/Src/usbd_ctlreq.o
                0x00000000080044f4                USBD_StdItfReq
 .text.USBD_StdEPReq
                0x0000000008004524       0xb2 build/Drivers/STM32_USB_Device_Library/Core/Src/usbd_ctlreq.o
                0x0000000008004524                USBD_StdEPReq
 .text.USBD_CtlSendData
                0x00000000080045d6       0x1c build/Drivers/STM32_USB_Device_Library/Core/Src/usbd_ioreq.o
                0x00000000080045d6                USBD_CtlSendData
 .text.USBD_CtlContinueSendData
                0x00000000080045f2       0x12 build/Drivers/STM32_USB_Device_Library/Core/Src/usbd_ioreq.o
                0x00000000080045f2                USBD_CtlContinueSendData
 .text.USBD_CtlContinueRx
                0x0000000008004604       0x12 build/Drivers/STM32_USB_Device_Library/Core/Src/usbd_ioreq.o
                0x0000000008004604                USBD_CtlContinueRx
 .text.USBD_CtlSendStatus
                0x0000000008004616       0x16 build/Drivers/STM32_USB_Device_Library/Core/Src/usbd_ioreq.o
                0x0000000008004616                USBD_CtlSendStatus
 .text.USBD_CtlReceiveStatus
                0x000000000800462c       0x16 build/Drivers/STM32_USB_Device_Library/Core/Src/usbd_ioreq.o
                0x000000000800462c                USBD_CtlReceiveStatus
 .text.USBD_CDC_SetTxBuffer
                0x0000000008004642       0x10 build/Drivers/STM32_USB_Device_Library/Class/CDC/Src/usbd_cdc.o
                0x0000000008004642                USBD_CDC_SetTxBuffer
 .text.USBD_CDC_TransmitPacket
                0x0000000008004652       0x2e build/Drivers/STM32_USB_Device_Library/Class/CDC/Src/usbd_cdc.o
                0x0000000008004652                USBD_CDC_TransmitPacket
 .text.HAL_PCD_SetupStageCallback
                0x0000000008004680        0xe build/usbd_conf.o
                0x0000000008004680                HAL_PCD_SetupStageCallback
 .text.HAL_PCD_DataOutStageCallback
                0x000000000800468e       0x12 build/usbd_conf.o
                0x000000000800468e                HAL_PCD_DataOutStageCallback
 .text.HAL_PCD_DataInStageCallback
                0x00000000080046a0       0x10 build/usbd_conf.o
                0x00000000080046a0                HAL_PCD_DataInStageCallback
 .text.HAL_PCD_SOFCallback
                0x00000000080046b0        0x8 build/usbd_conf.o
                0x00000000080046b0                HAL_PCD_SOFCallback
 .text.HAL_PCD_ResetCallback
                0x00000000080046b8       0x1a build/usbd_conf.o
                0x00000000080046b8                HAL_PCD_ResetCallback
 .text.HAL_PCD_SuspendCallback
                0x00000000080046d2        0x2 build/usbd_conf.o
                0x00000000080046d2                HAL_PCD_SuspendCallback
 .text.HAL_PCD_ResumeCallback
                0x00000000080046d4        0x2 build/usbd_conf.o
                0x00000000080046d4                HAL_PCD_ResumeCallback
 .text.USBD_LL_OpenEP
                0x00000000080046d6       0x14 build/usbd_conf.o
                0x00000000080046d6                USBD_LL_OpenEP
 .text.USBD_LL_StallEP
                0x00000000080046ea        0xe build/usbd_conf.o
                0x00000000080046ea                USBD_LL_StallEP
 .text.USBD_LL_ClearStallEP
                0x00000000080046f8        0xe build/usbd_conf.o
                0x00000000080046f8                USBD_LL_ClearStallEP
 .text.USBD_LL_IsStallEP
                0x0000000008004706       0x26 build/usbd_conf.o
                0x0000000008004706                USBD_LL_IsStallEP
 .text.USBD_LL_SetUSBAddress
                0x000000000800472c        0xe build/usbd_conf.o
                0x000000000800472c                USBD_LL_SetUSBAddress
 .text.USBD_LL_Transmit
                0x000000000800473a        0xe build/usbd_conf.o
                0x000000000800473a                USBD_LL_Transmit
 .text.USBD_LL_PrepareReceive
                0x0000000008004748        0xe build/usbd_conf.o
                0x0000000008004748                USBD_LL_PrepareReceive
 *fill*         0x0000000008004756        0x2 
 .text.BSP_LED_On
                0x0000000008004758       0x1c build/Drivers/BSP/STM32F3-Discovery/stm32f3_discovery.o
                0x0000000008004758                BSP_LED_On
 .text.BSP_LED_Off
                0x0000000008004774       0x1c build/Drivers/BSP/STM32F3-Discovery/stm32f3_discovery.o
                0x0000000008004774                BSP_LED_Off
 .text.BSP_LED_Toggle
                0x0000000008004790       0x1c build/Drivers/BSP/STM32F3-Discovery/stm32f3_discovery.o
                0x0000000008004790                BSP_LED_Toggle
 .text.BSP_PB_GetState
                0x00000000080047ac       0x14 build/Drivers/BSP/STM32F3-Discovery/stm32f3_discovery.o
                0x00000000080047ac                BSP_PB_GetState
 .text.BSP_ACCELERO_GetXYZ
                0x00000000080047c0       0x10 build/Drivers/BSP/STM32F3-Discovery/stm32f3_discovery_accelerometer.o
                0x00000000080047c0                BSP_ACCELERO_GetXYZ
 .text.BSP_GYRO_GetXYZ
                0x00000000080047d0       0x10 build/Drivers/BSP/STM32F3-Discovery/stm32f3_discovery_gyroscope.o
                0x00000000080047d0                BSP_GYRO_GetXYZ
 .text.Reset_Handler
                0x00000000080047e0       0x50 build/Drivers/CMSIS/Device/ST/STM32F3xx/Source/Templates/gcc/startup_stm32f303xc.o
                0x00000000080047e0                Reset_Handler
 .text.Default_Handler
                0x0000000008004830        0x2 build/Drivers/CMSIS/Device/ST/STM32F3xx/Source/Templates/gcc/startup_stm32f303xc.o
                0x0000000008004830                RTC_Alarm_IRQHandler
                0x0000000008004830                TIM8_TRG_COM_IRQHandler
                0x0000000008004830                TIM8_CC_IRQHandler
                0x0000000008004830                DebugMon_Handler
                0x0000000008004830                TIM1_CC_IRQHandler
                0x0000000008004830                HardFault_Handler
                0x0000000008004830                USB_HP_IRQHandler
                0x0000000008004830                PVD_IRQHandler
                0x0000000008004830                TAMP_STAMP_IRQHandler
                0x0000000008004830                PendSV_Handler
                0x0000000008004830                NMI_Handler
                0x0000000008004830                EXTI3_IRQHandler
                0x0000000008004830                USB_HP_CAN_TX_IRQHandler
                0x0000000008004830                EXTI0_IRQHandler
                0x0000000008004830                I2C2_EV_IRQHandler
                0x0000000008004830                FPU_IRQHandler
                0x0000000008004830                TIM1_UP_TIM16_IRQHandler
                0x0000000008004830                UsageFault_Handler
                0x0000000008004830                ADC1_2_IRQHandler
                0x0000000008004830                SPI1_IRQHandler
                0x0000000008004830                CAN_SCE_IRQHandler
                0x0000000008004830                TIM6_DAC_IRQHandler
                0x0000000008004830                TIM8_UP_IRQHandler
                0x0000000008004830                DMA2_Channel2_IRQHandler
                0x0000000008004830                DMA1_Channel4_IRQHandler
                0x0000000008004830                USART3_IRQHandler
                0x0000000008004830                DMA1_Channel7_IRQHandler
                0x0000000008004830                UART5_IRQHandler
                0x0000000008004830                ADC3_IRQHandler
                0x0000000008004830                TIM4_IRQHandler
                0x0000000008004830                CAN_RX1_IRQHandler
                0x0000000008004830                DMA2_Channel1_IRQHandler
                0x0000000008004830                I2C1_EV_IRQHandler
                0x0000000008004830                DMA1_Channel6_IRQHandler
                0x0000000008004830                UART4_IRQHandler
                0x0000000008004830                DMA2_Channel4_IRQHandler
                0x0000000008004830                TIM3_IRQHandler
                0x0000000008004830                RCC_IRQHandler
                0x0000000008004830                DMA1_Channel1_IRQHandler
                0x0000000008004830                Default_Handler
                0x0000000008004830                USBWakeUp_RMP_IRQHandler
                0x0000000008004830                EXTI15_10_IRQHandler
                0x0000000008004830                TIM7_IRQHandler
                0x0000000008004830                EXTI9_5_IRQHandler
                0x0000000008004830                RTC_WKUP_IRQHandler
                0x0000000008004830                SPI2_IRQHandler
                0x0000000008004830                MemManage_Handler
                0x0000000008004830                SVC_Handler
                0x0000000008004830                DMA2_Channel5_IRQHandler
                0x0000000008004830                DMA1_Channel5_IRQHandler
                0x0000000008004830                USB_LP_IRQHandler
                0x0000000008004830                EXTI4_IRQHandler
                0x0000000008004830                TIM1_TRG_COM_TIM17_IRQHandler
                0x0000000008004830                DMA1_Channel3_IRQHandler
                0x0000000008004830                ADC4_IRQHandler
                0x0000000008004830                WWDG_IRQHandler
                0x0000000008004830                TIM2_IRQHandler
                0x0000000008004830                COMP7_IRQHandler
                0x0000000008004830                COMP1_2_3_IRQHandler
                0x0000000008004830                EXTI1_IRQHandler
                0x0000000008004830                USART2_IRQHandler
                0x0000000008004830                COMP4_5_6_IRQHandler
                0x0000000008004830                I2C2_ER_IRQHandler
                0x0000000008004830                DMA1_Channel2_IRQHandler
                0x0000000008004830                TIM8_BRK_IRQHandler
                0x0000000008004830                FLASH_IRQHandler
                0x0000000008004830                BusFault_Handler
                0x0000000008004830                USART1_IRQHandler
                0x0000000008004830                SPI3_IRQHandler
                0x0000000008004830                I2C1_ER_IRQHandler
                0x0000000008004830                USBWakeUp_IRQHandler
                0x0000000008004830                DMA2_Channel3_IRQHandler
                0x0000000008004830                EXTI2_TSC_IRQHandler
                0x0000000008004830                TIM1_BRK_TIM15_IRQHandler
 *fill*         0x0000000008004832        0x2 
 .text.atexit   0x0000000008004834        0xc /usr/lib/gcc/arm-none-eabi/4.9.3/../../../arm-none-eabi/lib/armv7e-m/fpu/libg.a(lib_a-atexit.o)
                0x0000000008004834                atexit
 .text.__errno  0x0000000008004840        0xc /usr/lib/gcc/arm-none-eabi/4.9.3/../../../arm-none-eabi/lib/armv7e-m/fpu/libg.a(lib_a-errno.o)
                0x0000000008004840                __errno
 .text.__libc_fini_array
                0x000000000800484c       0x2c /usr/lib/gcc/arm-none-eabi/4.9.3/../../../arm-none-eabi/lib/armv7e-m/fpu/libg.a(lib_a-fini.o)
                0x000000000800484c                __libc_fini_array
 .text.__libc_init_array
                0x0000000008004878       0x50 /usr/lib/gcc/arm-none-eabi/4.9.3/../../../arm-none-eabi/lib/armv7e-m/fpu/libg.a(lib_a-init.o)
                0x0000000008004878                __libc_init_array
 .text.memset   0x00000000080048c8       0x9c /usr/lib/gcc/arm-none-eabi/4.9.3/../../../arm-none-eabi/lib/armv7e-m/fpu/libg.a(lib_a-memset.o)
                0x00000000080048c8                memset
 .text.printf   0x0000000008004964       0x28 /usr/lib/gcc/arm-none-eabi/4.9.3/../../../arm-none-eabi/lib/armv7e-m/fpu/libg.a(lib_a-printf.o)
                0x0000000008004964                printf
 .text.putchar  0x000000000800498c       0x14 /usr/lib/gcc/arm-none-eabi/4.9.3/../../../arm-none-eabi/lib/armv7e-m/fpu/libg.a(lib_a-putchar.o)
                0x000000000800498c                putchar
 .text._puts_r  0x00000000080049a0       0x64 /usr/lib/gcc/arm-none-eabi/4.9.3/../../../arm-none-eabi/lib/armv7e-m/fpu/libg.a(lib_a-puts.o)
                0x00000000080049a0                _puts_r
 .text.puts     0x0000000008004a04       0x10 /usr/lib/gcc/arm-none-eabi/4.9.3/../../../arm-none-eabi/lib/armv7e-m/fpu/libg.a(lib_a-puts.o)
                0x0000000008004a04                puts
 .text.strcasecmp
                0x0000000008004a14       0x44 /usr/lib/gcc/arm-none-eabi/4.9.3/../../../arm-none-eabi/lib/armv7e-m/fpu/libg.a(lib_a-strcasecmp.o)
                0x0000000008004a14                strcasecmp
 .text.strcpy   0x0000000008004a58       0xbc /usr/lib/gcc/arm-none-eabi/4.9.3/../../../arm-none-eabi/lib/armv7e-m/fpu/libg.a(lib_a-strcpy.o)
                0x0000000008004a58                strcpy
 .text.strlen   0x0000000008004b14       0x5c /usr/lib/gcc/arm-none-eabi/4.9.3/../../../arm-none-eabi/lib/armv7e-m/fpu/libg.a(lib_a-strlen.o)
                0x0000000008004b14                strlen
 .text.strtok   0x0000000008004b70       0x10 /usr/lib/gcc/arm-none-eabi/4.9.3/../../../arm-none-eabi/lib/armv7e-m/fpu/libg.a(lib_a-strtok.o)
                0x0000000008004b70                strtok
 .text.__strtok_r
                0x0000000008004b80       0x64 /usr/lib/gcc/arm-none-eabi/4.9.3/../../../arm-none-eabi/lib/armv7e-m/fpu/libg.a(lib_a-strtok_r.o)
                0x0000000008004b80                __strtok_r
 .text._strtoul_r
                0x0000000008004be4      0x128 /usr/lib/gcc/arm-none-eabi/4.9.3/../../../arm-none-eabi/lib/armv7e-m/fpu/libg.a(lib_a-strtoul.o)
                0x0000000008004be4                _strtoul_r
 .text.strtoul  0x0000000008004d0c       0x18 /usr/lib/gcc/arm-none-eabi/4.9.3/../../../arm-none-eabi/lib/armv7e-m/fpu/libg.a(lib_a-strtoul.o)
                0x0000000008004d0c                strtoul
 *fill*         0x0000000008004d24        0x4 
 .text._vfprintf_r
                0x0000000008004d28     0x1428 /usr/lib/gcc/arm-none-eabi/4.9.3/../../../arm-none-eabi/lib/armv7e-m/fpu/libg.a(lib_a-vfprintf.o)
                0x0000000008004d28                _vfprintf_r
 .text.__sbprintf
                0x0000000008006150       0x78 /usr/lib/gcc/arm-none-eabi/4.9.3/../../../arm-none-eabi/lib/armv7e-m/fpu/libg.a(lib_a-vfprintf.o)
 .text.__swsetup_r
                0x00000000080061c8       0xc4 /usr/lib/gcc/arm-none-eabi/4.9.3/../../../arm-none-eabi/lib/armv7e-m/fpu/libg.a(lib_a-wsetup.o)
                0x00000000080061c8                __swsetup_r
 .text.__register_exitproc
                0x000000000800628c       0xa4 /usr/lib/gcc/arm-none-eabi/4.9.3/../../../arm-none-eabi/lib/armv7e-m/fpu/libg.a(lib_a-__atexit.o)
                0x000000000800628c                __register_exitproc
 .text.startup.register_fini
                0x0000000008006330       0x14 /usr/lib/gcc/arm-none-eabi/4.9.3/../../../arm-none-eabi/lib/armv7e-m/fpu/libg.a(lib_a-__call_atexit.o)
 .text.quorem   0x0000000008006344      0x12c /usr/lib/gcc/arm-none-eabi/4.9.3/../../../arm-none-eabi/lib/armv7e-m/fpu/libg.a(lib_a-dtoa.o)
 .text._dtoa_r  0x0000000008006470      0xea8 /usr/lib/gcc/arm-none-eabi/4.9.3/../../../arm-none-eabi/lib/armv7e-m/fpu/libg.a(lib_a-dtoa.o)
                0x0000000008006470                _dtoa_r
 .text.__sflush_r
                0x0000000008007318      0x154 /usr/lib/gcc/arm-none-eabi/4.9.3/../../../arm-none-eabi/lib/armv7e-m/fpu/libg.a(lib_a-fflush.o)
                0x0000000008007318                __sflush_r
 .text._fflush_r
                0x000000000800746c       0x2c /usr/lib/gcc/arm-none-eabi/4.9.3/../../../arm-none-eabi/lib/armv7e-m/fpu/libg.a(lib_a-fflush.o)
                0x000000000800746c                _fflush_r
 .text._cleanup_r
                0x0000000008007498        0xc /usr/lib/gcc/arm-none-eabi/4.9.3/../../../arm-none-eabi/lib/armv7e-m/fpu/libg.a(lib_a-findfp.o)
                0x0000000008007498                _cleanup_r
 .text.__sinit.part.1
                0x00000000080074a4       0xf0 /usr/lib/gcc/arm-none-eabi/4.9.3/../../../arm-none-eabi/lib/armv7e-m/fpu/libg.a(lib_a-findfp.o)
 .text.__sinit  0x0000000008007594        0xc /usr/lib/gcc/arm-none-eabi/4.9.3/../../../arm-none-eabi/lib/armv7e-m/fpu/libg.a(lib_a-findfp.o)
                0x0000000008007594                __sinit
 .text.__sfp_lock_acquire
                0x00000000080075a0        0x4 /usr/lib/gcc/arm-none-eabi/4.9.3/../../../arm-none-eabi/lib/armv7e-m/fpu/libg.a(lib_a-findfp.o)
                0x00000000080075a0                __sfp_lock_acquire
 .text.__sfp_lock_release
                0x00000000080075a4        0x4 /usr/lib/gcc/arm-none-eabi/4.9.3/../../../arm-none-eabi/lib/armv7e-m/fpu/libg.a(lib_a-findfp.o)
                0x00000000080075a4                __sfp_lock_release
 .text._malloc_trim_r
                0x00000000080075a8       0x9c /usr/lib/gcc/arm-none-eabi/4.9.3/../../../arm-none-eabi/lib/armv7e-m/fpu/libg.a(lib_a-freer.o)
                0x00000000080075a8                _malloc_trim_r
 .text._free_r  0x0000000008007644      0x1b0 /usr/lib/gcc/arm-none-eabi/4.9.3/../../../arm-none-eabi/lib/armv7e-m/fpu/libg.a(lib_a-freer.o)
                0x0000000008007644                _free_r
 .text.__sfvwrite_r
                0x00000000080077f4      0x318 /usr/lib/gcc/arm-none-eabi/4.9.3/../../../arm-none-eabi/lib/armv7e-m/fpu/libg.a(lib_a-fvwrite.o)
                0x00000000080077f4                __sfvwrite_r
 .text._fwalk_reent
                0x0000000008007b0c       0x54 /usr/lib/gcc/arm-none-eabi/4.9.3/../../../arm-none-eabi/lib/armv7e-m/fpu/libg.a(lib_a-fwalk.o)
                0x0000000008007b0c                _fwalk_reent
 .text.__locale_charset
                0x0000000008007b60        0x8 /usr/lib/gcc/arm-none-eabi/4.9.3/../../../arm-none-eabi/lib/armv7e-m/fpu/libg.a(lib_a-locale.o)
                0x0000000008007b60                __locale_charset
 .text.__locale_mb_cur_max
                0x0000000008007b68        0xc /usr/lib/gcc/arm-none-eabi/4.9.3/../../../arm-none-eabi/lib/armv7e-m/fpu/libg.a(lib_a-locale.o)
                0x0000000008007b68                __locale_mb_cur_max
 .text._localeconv_r
                0x0000000008007b74        0x8 /usr/lib/gcc/arm-none-eabi/4.9.3/../../../arm-none-eabi/lib/armv7e-m/fpu/libg.a(lib_a-locale.o)
                0x0000000008007b74                _localeconv_r
 .text.__smakebuf_r
                0x0000000008007b7c       0xe0 /usr/lib/gcc/arm-none-eabi/4.9.3/../../../arm-none-eabi/lib/armv7e-m/fpu/libg.a(lib_a-makebuf.o)
                0x0000000008007b7c                __smakebuf_r
 .text.malloc   0x0000000008007c5c       0x10 /usr/lib/gcc/arm-none-eabi/4.9.3/../../../arm-none-eabi/lib/armv7e-m/fpu/libg.a(lib_a-malloc.o)
                0x0000000008007c5c                malloc
 .text._malloc_r
                0x0000000008007c6c      0x524 /usr/lib/gcc/arm-none-eabi/4.9.3/../../../arm-none-eabi/lib/armv7e-m/fpu/libg.a(lib_a-mallocr.o)
                0x0000000008007c6c                _malloc_r
 .text.memchr   0x0000000008008190       0x94 /usr/lib/gcc/arm-none-eabi/4.9.3/../../../arm-none-eabi/lib/armv7e-m/fpu/libg.a(lib_a-memchr.o)
                0x0000000008008190                memchr
 .text.memmove  0x0000000008008224       0xc8 /usr/lib/gcc/arm-none-eabi/4.9.3/../../../arm-none-eabi/lib/armv7e-m/fpu/libg.a(lib_a-memmove.o)
                0x0000000008008224                memmove
 .text.__malloc_lock
                0x00000000080082ec        0x4 /usr/lib/gcc/arm-none-eabi/4.9.3/../../../arm-none-eabi/lib/armv7e-m/fpu/libg.a(lib_a-mlock.o)
                0x00000000080082ec                __malloc_lock
 .text.__malloc_unlock
                0x00000000080082f0        0x4 /usr/lib/gcc/arm-none-eabi/4.9.3/../../../arm-none-eabi/lib/armv7e-m/fpu/libg.a(lib_a-mlock.o)
                0x00000000080082f0                __malloc_unlock
 .text._Balloc  0x00000000080082f4       0x4c /usr/lib/gcc/arm-none-eabi/4.9.3/../../../arm-none-eabi/lib/armv7e-m/fpu/libg.a(lib_a-mprec.o)
                0x00000000080082f4                _Balloc
 .text._Bfree   0x0000000008008340       0x14 /usr/lib/gcc/arm-none-eabi/4.9.3/../../../arm-none-eabi/lib/armv7e-m/fpu/libg.a(lib_a-mprec.o)
                0x0000000008008340                _Bfree
 .text.__multadd
                0x0000000008008354       0x84 /usr/lib/gcc/arm-none-eabi/4.9.3/../../../arm-none-eabi/lib/armv7e-m/fpu/libg.a(lib_a-mprec.o)
                0x0000000008008354                __multadd
 .text.__hi0bits
                0x00000000080083d8       0x40 /usr/lib/gcc/arm-none-eabi/4.9.3/../../../arm-none-eabi/lib/armv7e-m/fpu/libg.a(lib_a-mprec.o)
                0x00000000080083d8                __hi0bits
 .text.__lo0bits
                0x0000000008008418       0x5c /usr/lib/gcc/arm-none-eabi/4.9.3/../../../arm-none-eabi/lib/armv7e-m/fpu/libg.a(lib_a-mprec.o)
                0x0000000008008418                __lo0bits
 .text.__i2b    0x0000000008008474       0x14 /usr/lib/gcc/arm-none-eabi/4.9.3/../../../arm-none-eabi/lib/armv7e-m/fpu/libg.a(lib_a-mprec.o)
                0x0000000008008474                __i2b
 .text.__multiply
                0x0000000008008488      0x134 /usr/lib/gcc/arm-none-eabi/4.9.3/../../../arm-none-eabi/lib/armv7e-m/fpu/libg.a(lib_a-mprec.o)
                0x0000000008008488                __multiply
 .text.__pow5mult
                0x00000000080085bc       0xa0 /usr/lib/gcc/arm-none-eabi/4.9.3/../../../arm-none-eabi/lib/armv7e-m/fpu/libg.a(lib_a-mprec.o)
                0x00000000080085bc                __pow5mult
 .text.__lshift
                0x000000000800865c       0xac /usr/lib/gcc/arm-none-eabi/4.9.3/../../../arm-none-eabi/lib/armv7e-m/fpu/libg.a(lib_a-mprec.o)
                0x000000000800865c                __lshift
 .text.__mcmp   0x0000000008008708       0x48 /usr/lib/gcc/arm-none-eabi/4.9.3/../../../arm-none-eabi/lib/armv7e-m/fpu/libg.a(lib_a-mprec.o)
                0x0000000008008708                __mcmp
 .text.__mdiff  0x0000000008008750       0xd4 /usr/lib/gcc/arm-none-eabi/4.9.3/../../../arm-none-eabi/lib/armv7e-m/fpu/libg.a(lib_a-mprec.o)
                0x0000000008008750                __mdiff
 .text.__d2b    0x0000000008008824       0xbc /usr/lib/gcc/arm-none-eabi/4.9.3/../../../arm-none-eabi/lib/armv7e-m/fpu/libg.a(lib_a-mprec.o)
                0x0000000008008824                __d2b
 .text._putc_r  0x00000000080088e0       0x58 /usr/lib/gcc/arm-none-eabi/4.9.3/../../../arm-none-eabi/lib/armv7e-m/fpu/libg.a(lib_a-putc.o)
                0x00000000080088e0                _putc_r
 .text._realloc_r
                0x0000000008008938      0x3ec /usr/lib/gcc/arm-none-eabi/4.9.3/../../../arm-none-eabi/lib/armv7e-m/fpu/libg.a(lib_a-reallocr.o)
                0x0000000008008938                _realloc_r
 .text.__fpclassifyd
                0x0000000008008d24       0x5c /usr/lib/gcc/arm-none-eabi/4.9.3/../../../arm-none-eabi/lib/armv7e-m/fpu/libg.a(lib_a-s_fpclassify.o)
                0x0000000008008d24                __fpclassifyd
 .text.__sread  0x0000000008008d80       0x24 /usr/lib/gcc/arm-none-eabi/4.9.3/../../../arm-none-eabi/lib/armv7e-m/fpu/libg.a(lib_a-stdio.o)
                0x0000000008008d80                __sread
 .text.__swrite
                0x0000000008008da4       0x38 /usr/lib/gcc/arm-none-eabi/4.9.3/../../../arm-none-eabi/lib/armv7e-m/fpu/libg.a(lib_a-stdio.o)
                0x0000000008008da4                __swrite
 .text.__sseek  0x0000000008008ddc       0x20 /usr/lib/gcc/arm-none-eabi/4.9.3/../../../arm-none-eabi/lib/armv7e-m/fpu/libg.a(lib_a-stdio.o)
                0x0000000008008ddc                __sseek
 .text.__sclose
                0x0000000008008dfc        0x8 /usr/lib/gcc/arm-none-eabi/4.9.3/../../../arm-none-eabi/lib/armv7e-m/fpu/libg.a(lib_a-stdio.o)
                0x0000000008008dfc                __sclose
 .text.__sprint_r.part.0
                0x0000000008008e04       0x78 /usr/lib/gcc/arm-none-eabi/4.9.3/../../../arm-none-eabi/lib/armv7e-m/fpu/libg.a(lib_a-vfiprintf.o)
 .text.__sprint_r
                0x0000000008008e7c       0x18 /usr/lib/gcc/arm-none-eabi/4.9.3/../../../arm-none-eabi/lib/armv7e-m/fpu/libg.a(lib_a-vfiprintf.o)
                0x0000000008008e7c                __sprint_r
 .text.__swbuf_r
                0x0000000008008e94       0xa8 /usr/lib/gcc/arm-none-eabi/4.9.3/../../../arm-none-eabi/lib/armv7e-m/fpu/libg.a(lib_a-wbuf.o)
                0x0000000008008e94                __swbuf_r
 .text._calloc_r
                0x0000000008008f3c       0x60 /usr/lib/gcc/arm-none-eabi/4.9.3/../../../arm-none-eabi/lib/armv7e-m/fpu/libg.a(lib_a-callocr.o)
                0x0000000008008f3c                _calloc_r
 .text._fclose_r
                0x0000000008008f9c       0x84 /usr/lib/gcc/arm-none-eabi/4.9.3/../../../arm-none-eabi/lib/armv7e-m/fpu/libg.a(lib_a-fclose.o)
                0x0000000008008f9c                _fclose_r
 .text.__fputwc
                0x0000000008009020       0xb0 /usr/lib/gcc/arm-none-eabi/4.9.3/../../../arm-none-eabi/lib/armv7e-m/fpu/libg.a(lib_a-fputwc.o)
                0x0000000008009020                __fputwc
 .text._fputwc_r
                0x00000000080090d0       0x24 /usr/lib/gcc/arm-none-eabi/4.9.3/../../../arm-none-eabi/lib/armv7e-m/fpu/libg.a(lib_a-fputwc.o)
                0x00000000080090d0                _fputwc_r
 .text._wcrtomb_r
                0x00000000080090f4       0x54 /usr/lib/gcc/arm-none-eabi/4.9.3/../../../arm-none-eabi/lib/armv7e-m/fpu/libg.a(lib_a-wcrtomb.o)
                0x00000000080090f4                _wcrtomb_r
 .text.__ascii_wctomb
                0x0000000008009148       0x1c /usr/lib/gcc/arm-none-eabi/4.9.3/../../../arm-none-eabi/lib/armv7e-m/fpu/libg.a(lib_a-wctomb_r.o)
                0x0000000008009148                __ascii_wctomb
 .text.atan2    0x0000000008009164        0x4 /usr/lib/gcc/arm-none-eabi/4.9.3/../../../arm-none-eabi/lib/armv7e-m/fpu/libm.a(lib_a-w_atan2.o)
                0x0000000008009164                atan2
 .text.__ieee754_atan2
                0x0000000008009168      0x228 /usr/lib/gcc/arm-none-eabi/4.9.3/../../../arm-none-eabi/lib/armv7e-m/fpu/libm.a(lib_a-e_atan2.o)
                0x0000000008009168                __ieee754_atan2
 .text.atan     0x0000000008009390      0x368 /usr/lib/gcc/arm-none-eabi/4.9.3/../../../arm-none-eabi/lib/armv7e-m/fpu/libm.a(lib_a-s_atan.o)
                0x0000000008009390                atan
 .text.fabs     0x00000000080096f8       0x10 /usr/lib/gcc/arm-none-eabi/4.9.3/../../../arm-none-eabi/lib/armv7e-m/fpu/libm.a(lib_a-s_fabs.o)
                0x00000000080096f8                fabs
 *(.glue_7)
 .glue_7        0x0000000008009708        0x0 linker stubs
 *(.glue_7t)
 .glue_7t       0x0000000008009708        0x0 linker stubs
 *(.eh_frame)
 .eh_frame      0x0000000008009708        0x0 /usr/lib/gcc/arm-none-eabi/4.9.3/armv7e-m/fpu/crtbegin.o
 *(.init)
 .init          0x0000000008009708        0x4 /usr/lib/gcc/arm-none-eabi/4.9.3/armv7e-m/fpu/crti.o
                0x0000000008009708                _init
 .init          0x000000000800970c        0x8 /usr/lib/gcc/arm-none-eabi/4.9.3/armv7e-m/fpu/crtn.o
 *(.fini)
 .fini          0x0000000008009714        0x4 /usr/lib/gcc/arm-none-eabi/4.9.3/armv7e-m/fpu/crti.o
                0x0000000008009714                _fini
 .fini          0x0000000008009718        0x8 /usr/lib/gcc/arm-none-eabi/4.9.3/armv7e-m/fpu/crtn.o
                0x0000000008009720                . = ALIGN (0x4)
                0x0000000008009720                _etext = .

.vfp11_veneer   0x0000000008009720        0x0
 .vfp11_veneer  0x0000000008009720        0x0 linker stubs

.v4_bx          0x0000000008009720        0x0
 .v4_bx         0x0000000008009720        0x0 linker stubs

.iplt           0x0000000008009720        0x0
 .iplt          0x0000000008009720        0x0 /usr/lib/gcc/arm-none-eabi/4.9.3/armv7e-m/fpu/crtbegin.o

.rodata         0x0000000008009720     0xf878
                0x0000000008009720                . = ALIGN (0x4)
 *(.rodata)
 .rodata        0x0000000008009720        0x4 build/3dmagnetic.o
 .rodata        0x0000000008009724      0x494 build/decoder/STM32F30x_decoder.o
 *(.rodata*)
 .rodata.str1.1
                0x0000000008009bb8      0x1b2 build/main.o
                                        0x1b9 (size before relaxing)
 .rodata.LEDs   0x0000000008009d6a        0x8 build/main.o
                0x0000000008009d6a                LEDs
 .rodata.str1.1
                0x0000000008009d72       0x1b build/i2c.o
 .rodata.str1.1
                0x0000000008009d8d       0x49 build/3dmagnetic.o
 .rodata.str1.1
                0x0000000008009dd6       0x4b build/monitor.o
                                         0x4d (size before relaxing)
 .rodata.str1.1
                0x0000000008009e21       0xe1 build/parser.o
                                         0xe4 (size before relaxing)
 .rodata.__FUNCTION__.10734
                0x0000000008009f02        0x6 build/parser.o
 .rodata.str1.1
                0x0000000008009f08      0x1fc build/dump.o
                                        0x1fe (size before relaxing)
 .rodata.str1.1
                0x000000000800a104       0xaa build/terminal.o
                                         0xac (size before relaxing)
 .rodata.str1.1
                0x000000000800a1ae      0x51a build/decoder/decoder.o
                                        0x529 (size before relaxing)
 .rodata.DMA1_registers
                0x000000000800a6c8      0x1e0 build/decoder/STM32F30x_decoder.o
                0x000000000800a6c8                DMA1_registers
 .rodata.SPI1_DR_fields
                0x000000000800a8a8        0x8 build/decoder/STM32F30x_decoder.o
                0x000000000800a8a8                SPI1_DR_fields
 .rodata.ADC1_2_CSR_fields
                0x000000000800a8b0       0xb0 build/decoder/STM32F30x_decoder.o
                0x000000000800a8b0                ADC1_2_CSR_fields
 .rodata.USB_FS_USB_EP3R_fields
                0x000000000800a960       0x50 build/decoder/STM32F30x_decoder.o
                0x000000000800a960                USB_FS_USB_EP3R_fields
 .rodata.GPIOB_PUPDR_fields
                0x000000000800a9b0       0x80 build/decoder/STM32F30x_decoder.o
                0x000000000800a9b0                GPIOB_PUPDR_fields
 .rodata.TSC_IOG8CR_fields
                0x000000000800aa30        0x8 build/decoder/STM32F30x_decoder.o
                0x000000000800aa30                TSC_IOG8CR_fields
 .rodata.TIM1_CCMR3_Output_fields
                0x000000000800aa38       0x50 build/decoder/STM32F30x_decoder.o
                0x000000000800aa38                TIM1_CCMR3_Output_fields
 .rodata.TIM1_SMCR_fields
                0x000000000800aa88       0x48 build/decoder/STM32F30x_decoder.o
                0x000000000800aa88                TIM1_SMCR_fields
 .rodata.RTC_SHIFTR_fields
                0x000000000800aad0       0x10 build/decoder/STM32F30x_decoder.o
                0x000000000800aad0                RTC_SHIFTR_fields
 .rodata.CAN_F24R1_fields
                0x000000000800aae0      0x100 build/decoder/STM32F30x_decoder.o
                0x000000000800aae0                CAN_F24R1_fields
 .rodata.RTC_TSDR_fields
                0x000000000800abe0       0x28 build/decoder/STM32F30x_decoder.o
                0x000000000800abe0                RTC_TSDR_fields
 .rodata.RTC_BKP22R_fields
                0x000000000800ac08        0x8 build/decoder/STM32F30x_decoder.o
                0x000000000800ac08                RTC_BKP22R_fields
 .rodata.TIM1_CCMR2_Output_fields
                0x000000000800ac10       0x60 build/decoder/STM32F30x_decoder.o
                0x000000000800ac10                TIM1_CCMR2_Output_fields
 .rodata.TIM17_RCR_fields
                0x000000000800ac70        0x8 build/decoder/STM32F30x_decoder.o
                0x000000000800ac70                TIM17_RCR_fields
 .rodata.EXTI_EMR1_fields
                0x000000000800ac78      0x100 build/decoder/STM32F30x_decoder.o
                0x000000000800ac78                EXTI_EMR1_fields
 .rodata.USB_FS_ISTR_fields
                0x000000000800ad78       0x50 build/decoder/STM32F30x_decoder.o
                0x000000000800ad78                USB_FS_ISTR_fields
 .rodata.I2C1_ICR_fields
                0x000000000800adc8       0x48 build/decoder/STM32F30x_decoder.o
                0x000000000800adc8                I2C1_ICR_fields
 .rodata.TIM16_ARR_fields
                0x000000000800ae10        0x8 build/decoder/STM32F30x_decoder.o
                0x000000000800ae10                TIM16_ARR_fields
 .rodata.RTC_ISR_fields
                0x000000000800ae18       0x88 build/decoder/STM32F30x_decoder.o
                0x000000000800ae18                RTC_ISR_fields
 .rodata.RTC_BKP27R_fields
                0x000000000800aea0        0x8 build/decoder/STM32F30x_decoder.o
                0x000000000800aea0                RTC_BKP27R_fields
 .rodata.TIM8_CCR6_fields
                0x000000000800aea8        0x8 build/decoder/STM32F30x_decoder.o
                0x000000000800aea8                TIM8_CCR6_fields
 .rodata.TIM17_BDTR_fields
                0x000000000800aeb0       0x48 build/decoder/STM32F30x_decoder.o
                0x000000000800aeb0                TIM17_BDTR_fields
 .rodata.TIM8_CCMR1_Input_fields
                0x000000000800aef8       0x30 build/decoder/STM32F30x_decoder.o
                0x000000000800aef8                TIM8_CCMR1_Input_fields
 .rodata.DAC_registers
                0x000000000800af28       0xe0 build/decoder/STM32F30x_decoder.o
                0x000000000800af28                DAC_registers
 .rodata.IWDG_WINR_fields
                0x000000000800b008        0x8 build/decoder/STM32F30x_decoder.o
                0x000000000800b008                IWDG_WINR_fields
 .rodata.CAN_F19R2_fields
                0x000000000800b010      0x100 build/decoder/STM32F30x_decoder.o
                0x000000000800b010                CAN_F19R2_fields
 .rodata.CAN_RF1R_fields
                0x000000000800b110       0x20 build/decoder/STM32F30x_decoder.o
                0x000000000800b110                CAN_RF1R_fields
 .rodata.RTC_CALR_fields
                0x000000000800b130       0x20 build/decoder/STM32F30x_decoder.o
                0x000000000800b130                RTC_CALR_fields
 .rodata.TIM2_SR_fields
                0x000000000800b150       0x50 build/decoder/STM32F30x_decoder.o
                0x000000000800b150                TIM2_SR_fields
 .rodata.SYSCFG_EXTICR2_fields
                0x000000000800b1a0       0x20 build/decoder/STM32F30x_decoder.o
                0x000000000800b1a0                SYSCFG_EXTICR2_fields
 .rodata.CAN_MCR_fields
                0x000000000800b1c0       0x50 build/decoder/STM32F30x_decoder.o
                0x000000000800b1c0                CAN_MCR_fields
 .rodata.TIM17_SR_fields
                0x000000000800b210       0x30 build/decoder/STM32F30x_decoder.o
                0x000000000800b210                TIM17_SR_fields
 .rodata.USART1_GTPR_fields
                0x000000000800b240       0x10 build/decoder/STM32F30x_decoder.o
                0x000000000800b240                USART1_GTPR_fields
 .rodata.DAC_DOR1_fields
                0x000000000800b250        0x8 build/decoder/STM32F30x_decoder.o
                0x000000000800b250                DAC_DOR1_fields
 .rodata.CAN_F1R1_fields
                0x000000000800b258      0x100 build/decoder/STM32F30x_decoder.o
                0x000000000800b258                CAN_F1R1_fields
 .rodata.CAN_FA1R_fields
                0x000000000800b358       0xe0 build/decoder/STM32F30x_decoder.o
                0x000000000800b358                CAN_FA1R_fields
 .rodata.RTC_BKP6R_fields
                0x000000000800b438        0x8 build/decoder/STM32F30x_decoder.o
                0x000000000800b438                RTC_BKP6R_fields
 .rodata.RCC_CFGR_fields
                0x000000000800b440       0x60 build/decoder/STM32F30x_decoder.o
                0x000000000800b440                RCC_CFGR_fields
 .rodata.PWR_CR_fields
                0x000000000800b4a0       0x38 build/decoder/STM32F30x_decoder.o
                0x000000000800b4a0                PWR_CR_fields
 .rodata.NVIC_ISER0_fields
                0x000000000800b4d8        0x8 build/decoder/STM32F30x_decoder.o
                0x000000000800b4d8                NVIC_ISER0_fields
 .rodata.DMA1_CPAR7_fields
                0x000000000800b4e0        0x8 build/decoder/STM32F30x_decoder.o
                0x000000000800b4e0                DMA1_CPAR7_fields
 .rodata.TSC_IOHCR_fields
                0x000000000800b4e8      0x100 build/decoder/STM32F30x_decoder.o
                0x000000000800b4e8                TSC_IOHCR_fields
 .rodata.CAN_F27R1_fields
                0x000000000800b5e8      0x100 build/decoder/STM32F30x_decoder.o
                0x000000000800b5e8                CAN_F27R1_fields
 .rodata.TIM6_ARR_fields
                0x000000000800b6e8        0x8 build/decoder/STM32F30x_decoder.o
                0x000000000800b6e8                TIM6_ARR_fields
 .rodata.CAN_F12R1_fields
                0x000000000800b6f0      0x100 build/decoder/STM32F30x_decoder.o
                0x000000000800b6f0                CAN_F12R1_fields
 .rodata.TIM15_DCR_fields
                0x000000000800b7f0       0x10 build/decoder/STM32F30x_decoder.o
                0x000000000800b7f0                TIM15_DCR_fields
 .rodata.NVIC_IPR18_fields
                0x000000000800b800       0x20 build/decoder/STM32F30x_decoder.o
                0x000000000800b800                NVIC_IPR18_fields
 .rodata.RTC_BKP13R_fields
                0x000000000800b820        0x8 build/decoder/STM32F30x_decoder.o
                0x000000000800b820                RTC_BKP13R_fields
 .rodata.CAN_BTR_fields
                0x000000000800b828       0x30 build/decoder/STM32F30x_decoder.o
                0x000000000800b828                CAN_BTR_fields
 .rodata.TIM15_BDTR_fields
                0x000000000800b858       0x48 build/decoder/STM32F30x_decoder.o
                0x000000000800b858                TIM15_BDTR_fields
 .rodata.NVIC_IPR1_fields
                0x000000000800b8a0       0x20 build/decoder/STM32F30x_decoder.o
                0x000000000800b8a0                NVIC_IPR1_fields
 .rodata.TIM15_PSC_fields
                0x000000000800b8c0        0x8 build/decoder/STM32F30x_decoder.o
                0x000000000800b8c0                TIM15_PSC_fields
 .rodata.Flash_ACR_fields
                0x000000000800b8c8       0x18 build/decoder/STM32F30x_decoder.o
                0x000000000800b8c8                Flash_ACR_fields
 .rodata.TIM17_CCMR1_Output_fields
                0x000000000800b8e0       0x28 build/decoder/STM32F30x_decoder.o
                0x000000000800b8e0                TIM17_CCMR1_Output_fields
 .rodata.TIM2_ARR_fields
                0x000000000800b908       0x10 build/decoder/STM32F30x_decoder.o
                0x000000000800b908                TIM2_ARR_fields
 .rodata.Flash_registers
                0x000000000800b918       0x80 build/decoder/STM32F30x_decoder.o
                0x000000000800b918                Flash_registers
 .rodata.CAN_TDH0R_fields
                0x000000000800b998       0x20 build/decoder/STM32F30x_decoder.o
                0x000000000800b998                CAN_TDH0R_fields
 .rodata.TIM1_DCR_fields
                0x000000000800b9b8       0x10 build/decoder/STM32F30x_decoder.o
                0x000000000800b9b8                TIM1_DCR_fields
 .rodata.CAN_TI2R_fields
                0x000000000800b9c8       0x28 build/decoder/STM32F30x_decoder.o
                0x000000000800b9c8                CAN_TI2R_fields
 .rodata.ADC1_IER_fields
                0x000000000800b9f0       0x58 build/decoder/STM32F30x_decoder.o
                0x000000000800b9f0                ADC1_IER_fields
 .rodata.NVIC_ICPR2_fields
                0x000000000800ba48        0x8 build/decoder/STM32F30x_decoder.o
                0x000000000800ba48                NVIC_ICPR2_fields
 .rodata.EXTI_IMR1_fields
                0x000000000800ba50      0x100 build/decoder/STM32F30x_decoder.o
                0x000000000800ba50                EXTI_IMR1_fields
 .rodata.TSC_IOASCR_fields
                0x000000000800bb50      0x100 build/decoder/STM32F30x_decoder.o
                0x000000000800bb50                TSC_IOASCR_fields
 .rodata.RCC_CFGR2_fields
                0x000000000800bc50       0x18 build/decoder/STM32F30x_decoder.o
                0x000000000800bc50                RCC_CFGR2_fields
 .rodata.TIM1_PSC_fields
                0x000000000800bc68        0x8 build/decoder/STM32F30x_decoder.o
                0x000000000800bc68                TIM1_PSC_fields
 .rodata.Flash_KEYR_fields
                0x000000000800bc70        0x8 build/decoder/STM32F30x_decoder.o
                0x000000000800bc70                Flash_KEYR_fields
 .rodata.TIM8_CR2_fields
                0x000000000800bc78       0x78 build/decoder/STM32F30x_decoder.o
                0x000000000800bc78                TIM8_CR2_fields
 .rodata.ADC1_CFGR_fields
                0x000000000800bcf0       0x98 build/decoder/STM32F30x_decoder.o
                0x000000000800bcf0                ADC1_CFGR_fields
 .rodata.TIM17_EGR_fields
                0x000000000800bd88       0x28 build/decoder/STM32F30x_decoder.o
                0x000000000800bd88                TIM17_EGR_fields
 .rodata.TSC_IOGCSR_fields
                0x000000000800bdb0       0x80 build/decoder/STM32F30x_decoder.o
                0x000000000800bdb0                TSC_IOGCSR_fields
 .rodata.NVIC_IPR0_fields
                0x000000000800be30       0x20 build/decoder/STM32F30x_decoder.o
                0x000000000800be30                NVIC_IPR0_fields
 .rodata.NVIC_IPR8_fields
                0x000000000800be50       0x20 build/decoder/STM32F30x_decoder.o
                0x000000000800be50                NVIC_IPR8_fields
 .rodata.RTC_WUTR_fields
                0x000000000800be70        0x8 build/decoder/STM32F30x_decoder.o
                0x000000000800be70                RTC_WUTR_fields
 .rodata.GPIOB_OSPEEDR_fields
                0x000000000800be78       0x80 build/decoder/STM32F30x_decoder.o
                0x000000000800be78                GPIOB_OSPEEDR_fields
 .rodata.ADC1_ISR_fields
                0x000000000800bef8       0x58 build/decoder/STM32F30x_decoder.o
                0x000000000800bef8                ADC1_ISR_fields
 .rodata.NVIC_ICER1_fields
                0x000000000800bf50        0x8 build/decoder/STM32F30x_decoder.o
                0x000000000800bf50                NVIC_ICER1_fields
 .rodata.RTC_BKP7R_fields
                0x000000000800bf58        0x8 build/decoder/STM32F30x_decoder.o
                0x000000000800bf58                RTC_BKP7R_fields
 .rodata.CAN_RF0R_fields
                0x000000000800bf60       0x20 build/decoder/STM32F30x_decoder.o
                0x000000000800bf60                CAN_RF0R_fields
 .rodata.CAN_FS1R_fields
                0x000000000800bf80       0xe0 build/decoder/STM32F30x_decoder.o
                0x000000000800bf80                CAN_FS1R_fields
 .rodata.GPIOA_AFRL_fields
                0x000000000800c060       0x40 build/decoder/STM32F30x_decoder.o
                0x000000000800c060                GPIOA_AFRL_fields
 .rodata.DMA1_CMAR3_fields
                0x000000000800c0a0        0x8 build/decoder/STM32F30x_decoder.o
                0x000000000800c0a0                DMA1_CMAR3_fields
 .rodata.ADC1_SQR1_fields
                0x000000000800c0a8       0x28 build/decoder/STM32F30x_decoder.o
                0x000000000800c0a8                ADC1_SQR1_fields
 .rodata.CAN_F15R2_fields
                0x000000000800c0d0      0x100 build/decoder/STM32F30x_decoder.o
                0x000000000800c0d0                CAN_F15R2_fields
 .rodata.TIM2_DMAR_fields
                0x000000000800c1d0        0x8 build/decoder/STM32F30x_decoder.o
                0x000000000800c1d0                TIM2_DMAR_fields
 .rodata.I2C1_TIMEOUTR_fields
                0x000000000800c1d8       0x28 build/decoder/STM32F30x_decoder.o
                0x000000000800c1d8                I2C1_TIMEOUTR_fields
 .rodata.GPIOB_LCKR_fields
                0x000000000800c200       0x88 build/decoder/STM32F30x_decoder.o
                0x000000000800c200                GPIOB_LCKR_fields
 .rodata.DAC_DHR8R1_fields
                0x000000000800c288        0x8 build/decoder/STM32F30x_decoder.o
                0x000000000800c288                DAC_DHR8R1_fields
 .rodata.TIM1_CCMR1_Output_fields
                0x000000000800c290       0x60 build/decoder/STM32F30x_decoder.o
                0x000000000800c290                TIM1_CCMR1_Output_fields
 .rodata.TIM1_CCR2_fields
                0x000000000800c2f0        0x8 build/decoder/STM32F30x_decoder.o
                0x000000000800c2f0                TIM1_CCR2_fields
 .rodata.TIM1_OR_fields
                0x000000000800c2f8       0x10 build/decoder/STM32F30x_decoder.o
                0x000000000800c2f8                TIM1_OR_fields
 .rodata.USART1_TDR_fields
                0x000000000800c308        0x8 build/decoder/STM32F30x_decoder.o
                0x000000000800c308                USART1_TDR_fields
 .rodata.NVIC_STIR_fields
                0x000000000800c310        0x8 build/decoder/STM32F30x_decoder.o
                0x000000000800c310                NVIC_STIR_fields
 .rodata.USB_FS_USB_EP7R_fields
                0x000000000800c318       0x50 build/decoder/STM32F30x_decoder.o
                0x000000000800c318                USB_FS_USB_EP7R_fields
 .rodata.ADC1_SQR4_fields
                0x000000000800c368       0x10 build/decoder/STM32F30x_decoder.o
                0x000000000800c368                ADC1_SQR4_fields
 .rodata.SYSCFG_registers
                0x000000000800c378       0x70 build/decoder/STM32F30x_decoder.o
                0x000000000800c378                SYSCFG_registers
 .rodata.PWR_CSR_fields
                0x000000000800c3e8       0x28 build/decoder/STM32F30x_decoder.o
                0x000000000800c3e8                PWR_CSR_fields
 .rodata.GPIOB_AFRH_fields
                0x000000000800c410       0x40 build/decoder/STM32F30x_decoder.o
                0x000000000800c410                GPIOB_AFRH_fields
 .rodata.FPU_FPCCR_fields
                0x000000000800c450       0x48 build/decoder/STM32F30x_decoder.o
                0x000000000800c450                FPU_FPCCR_fields
 .rodata.DBGMCU_APB2FZ_fields
                0x000000000800c498       0x20 build/decoder/STM32F30x_decoder.o
                0x000000000800c498                DBGMCU_APB2FZ_fields
 .rodata.TIM8_CCR1_fields
                0x000000000800c4b8        0x8 build/decoder/STM32F30x_decoder.o
                0x000000000800c4b8                TIM8_CCR1_fields
 .rodata.WWDG_SR_fields
                0x000000000800c4c0        0x8 build/decoder/STM32F30x_decoder.o
                0x000000000800c4c0                WWDG_SR_fields
 .rodata.TIM16_DIER_fields
                0x000000000800c4c8       0x48 build/decoder/STM32F30x_decoder.o
                0x000000000800c4c8                TIM16_DIER_fields
 .rodata.TIM1_CCR5_fields
                0x000000000800c510       0x20 build/decoder/STM32F30x_decoder.o
                0x000000000800c510                TIM1_CCR5_fields
 .rodata.TIM8_BDTR_fields
                0x000000000800c530       0x60 build/decoder/STM32F30x_decoder.o
                0x000000000800c530                TIM8_BDTR_fields
 .rodata.Flash_CR_fields
                0x000000000800c590       0x58 build/decoder/STM32F30x_decoder.o
                0x000000000800c590                Flash_CR_fields
 .rodata.TIM1_DIER_fields
                0x000000000800c5e8       0x78 build/decoder/STM32F30x_decoder.o
                0x000000000800c5e8                TIM1_DIER_fields
 .rodata.RTC_BKP26R_fields
                0x000000000800c660        0x8 build/decoder/STM32F30x_decoder.o
                0x000000000800c660                RTC_BKP26R_fields
 .rodata.Flash_OBR_fields
                0x000000000800c668       0x58 build/decoder/STM32F30x_decoder.o
                0x000000000800c668                Flash_OBR_fields
 .rodata.ADC1_AWD2CR_fields
                0x000000000800c6c0        0x8 build/decoder/STM32F30x_decoder.o
                0x000000000800c6c0                ADC1_AWD2CR_fields
 .rodata.FPU_registers
                0x000000000800c6c8       0x60 build/decoder/STM32F30x_decoder.o
                0x000000000800c6c8                FPU_registers
 .rodata.DAC_CR_fields
                0x000000000800c728       0x80 build/decoder/STM32F30x_decoder.o
                0x000000000800c728                DAC_CR_fields
 .rodata.NVIC_IPR10_fields
                0x000000000800c7a8       0x20 build/decoder/STM32F30x_decoder.o
                0x000000000800c7a8                NVIC_IPR10_fields
 .rodata.TIM15_CCR1_fields
                0x000000000800c7c8        0x8 build/decoder/STM32F30x_decoder.o
                0x000000000800c7c8                TIM15_CCR1_fields
 .rodata.RTC_ALRMAR_fields
                0x000000000800c7d0       0x70 build/decoder/STM32F30x_decoder.o
                0x000000000800c7d0                RTC_ALRMAR_fields
 .rodata.GPIOA_BSRR_fields
                0x000000000800c840      0x100 build/decoder/STM32F30x_decoder.o
                0x000000000800c840                GPIOA_BSRR_fields
 .rodata.TIM16_SR_fields
                0x000000000800c940       0x30 build/decoder/STM32F30x_decoder.o
                0x000000000800c940                TIM16_SR_fields
 .rodata.CAN_F6R1_fields
                0x000000000800c970      0x100 build/decoder/STM32F30x_decoder.o
                0x000000000800c970                CAN_F6R1_fields
 .rodata.ADC1_OFR1_fields
                0x000000000800ca70       0x18 build/decoder/STM32F30x_decoder.o
                0x000000000800ca70                ADC1_OFR1_fields
 .rodata.TIM15_CR1_fields
                0x000000000800ca88       0x38 build/decoder/STM32F30x_decoder.o
                0x000000000800ca88                TIM15_CR1_fields
 .rodata.NVIC_IABR2_fields
                0x000000000800cac0        0x8 build/decoder/STM32F30x_decoder.o
                0x000000000800cac0                NVIC_IABR2_fields
 .rodata.DMA1_CCR2_fields
                0x000000000800cac8       0x60 build/decoder/STM32F30x_decoder.o
                0x000000000800cac8                DMA1_CCR2_fields
 .rodata.NVIC_IPR13_fields
                0x000000000800cb28       0x20 build/decoder/STM32F30x_decoder.o
                0x000000000800cb28                NVIC_IPR13_fields
 .rodata.CAN_F22R2_fields
                0x000000000800cb48      0x100 build/decoder/STM32F30x_decoder.o
                0x000000000800cb48                CAN_F22R2_fields
 .rodata.CAN_F0R2_fields
                0x000000000800cc48      0x100 build/decoder/STM32F30x_decoder.o
                0x000000000800cc48                CAN_F0R2_fields
 .rodata.RTC_BKP0R_fields
                0x000000000800cd48        0x8 build/decoder/STM32F30x_decoder.o
                0x000000000800cd48                RTC_BKP0R_fields
 .rodata.CAN_F19R1_fields
                0x000000000800cd50      0x100 build/decoder/STM32F30x_decoder.o
                0x000000000800cd50                CAN_F19R1_fields
 .rodata.DMA1_IFCR_fields
                0x000000000800ce50       0xe0 build/decoder/STM32F30x_decoder.o
                0x000000000800ce50                DMA1_IFCR_fields
 .rodata.TIM16_CCMR1_Input_fields
                0x000000000800cf30       0x18 build/decoder/STM32F30x_decoder.o
                0x000000000800cf30                TIM16_CCMR1_Input_fields
 .rodata.TIM2_SMCR_fields
                0x000000000800cf48       0x48 build/decoder/STM32F30x_decoder.o
                0x000000000800cf48                TIM2_SMCR_fields
 .rodata.CAN_TDT1R_fields
                0x000000000800cf90       0x18 build/decoder/STM32F30x_decoder.o
                0x000000000800cf90                CAN_TDT1R_fields
 .rodata.COMP_COMP6_CSR_fields
                0x000000000800cfa8       0x58 build/decoder/STM32F30x_decoder.o
                0x000000000800cfa8                COMP_COMP6_CSR_fields
 .rodata.I2C1_CR2_fields
                0x000000000800d000       0x68 build/decoder/STM32F30x_decoder.o
                0x000000000800d000                I2C1_CR2_fields
 .rodata.TIM1_CR1_fields
                0x000000000800d068       0x48 build/decoder/STM32F30x_decoder.o
                0x000000000800d068                TIM1_CR1_fields
 .rodata.CAN_F26R2_fields
                0x000000000800d0b0      0x100 build/decoder/STM32F30x_decoder.o
                0x000000000800d0b0                CAN_F26R2_fields
 .rodata.RTC_BKP10R_fields
                0x000000000800d1b0        0x8 build/decoder/STM32F30x_decoder.o
                0x000000000800d1b0                RTC_BKP10R_fields
 .rodata.DMA1_CMAR6_fields
                0x000000000800d1b8        0x8 build/decoder/STM32F30x_decoder.o
                0x000000000800d1b8                DMA1_CMAR6_fields
 .rodata.CAN_F11R2_fields
                0x000000000800d1c0      0x100 build/decoder/STM32F30x_decoder.o
                0x000000000800d1c0                CAN_F11R2_fields
 .rodata.NVIC_IPR20_fields
                0x000000000800d2c0       0x20 build/decoder/STM32F30x_decoder.o
                0x000000000800d2c0                NVIC_IPR20_fields
 .rodata.ADC1_DR_fields
                0x000000000800d2e0        0x8 build/decoder/STM32F30x_decoder.o
                0x000000000800d2e0                ADC1_DR_fields
 .rodata.CAN_F16R1_fields
                0x000000000800d2e8      0x100 build/decoder/STM32F30x_decoder.o
                0x000000000800d2e8                CAN_F16R1_fields
 .rodata.TSC_registers
                0x000000000800d3e8      0x110 build/decoder/STM32F30x_decoder.o
                0x000000000800d3e8                TSC_registers
 .rodata.ADC1_registers
                0x000000000800d4f8      0x1b0 build/decoder/STM32F30x_decoder.o
                0x000000000800d4f8                ADC1_registers
 .rodata.TIM17_CR2_fields
                0x000000000800d6a8       0x28 build/decoder/STM32F30x_decoder.o
                0x000000000800d6a8                TIM17_CR2_fields
 .rodata.PWR_registers
                0x000000000800d6d0       0x20 build/decoder/STM32F30x_decoder.o
                0x000000000800d6d0                PWR_registers
 .rodata.TIM8_ARR_fields
                0x000000000800d6f0        0x8 build/decoder/STM32F30x_decoder.o
                0x000000000800d6f0                TIM8_ARR_fields
 .rodata.EXTI_RTSR1_fields
                0x000000000800d6f8       0xd0 build/decoder/STM32F30x_decoder.o
                0x000000000800d6f8                EXTI_RTSR1_fields
 .rodata.RCC_APB2ENR_fields
                0x000000000800d7c8       0x40 build/decoder/STM32F30x_decoder.o
                0x000000000800d7c8                RCC_APB2ENR_fields
 .rodata.NVIC_IPR3_fields
                0x000000000800d808       0x20 build/decoder/STM32F30x_decoder.o
                0x000000000800d808                NVIC_IPR3_fields
 .rodata.I2C1_TIMINGR_fields
                0x000000000800d828       0x28 build/decoder/STM32F30x_decoder.o
                0x000000000800d828                I2C1_TIMINGR_fields
 .rodata.USART1_CR1_fields
                0x000000000800d850       0xa0 build/decoder/STM32F30x_decoder.o
                0x000000000800d850                USART1_CR1_fields
 .rodata.USART1_RDR_fields
                0x000000000800d8f0        0x8 build/decoder/STM32F30x_decoder.o
                0x000000000800d8f0                USART1_RDR_fields
 .rodata.CAN_F13R1_fields
                0x000000000800d8f8      0x100 build/decoder/STM32F30x_decoder.o
                0x000000000800d8f8                CAN_F13R1_fields
 .rodata.RCC_CSR_fields
                0x000000000800d9f8       0x50 build/decoder/STM32F30x_decoder.o
                0x000000000800d9f8                RCC_CSR_fields
 .rodata.NVIC_IABR0_fields
                0x000000000800da48        0x8 build/decoder/STM32F30x_decoder.o
                0x000000000800da48                NVIC_IABR0_fields
 .rodata.TIM2_EGR_fields
                0x000000000800da50       0x30 build/decoder/STM32F30x_decoder.o
                0x000000000800da50                TIM2_EGR_fields
 .rodata.USART1_CR3_fields
                0x000000000800da80       0x98 build/decoder/STM32F30x_decoder.o
                0x000000000800da80                USART1_CR3_fields
 .rodata.TIM2_DIER_fields
                0x000000000800db18       0x60 build/decoder/STM32F30x_decoder.o
                0x000000000800db18                TIM2_DIER_fields
 .rodata.CAN_MSR_fields
                0x000000000800db78       0x48 build/decoder/STM32F30x_decoder.o
                0x000000000800db78                CAN_MSR_fields
 .rodata.DAC_DHR12L1_fields
                0x000000000800dbc0        0x8 build/decoder/STM32F30x_decoder.o
                0x000000000800dbc0                DAC_DHR12L1_fields
 .rodata.FPU_MVFR0_fields
                0x000000000800dbc8       0x40 build/decoder/STM32F30x_decoder.o
                0x000000000800dbc8                FPU_MVFR0_fields
 .rodata.SPI1_CR1_fields
                0x000000000800dc08       0x70 build/decoder/STM32F30x_decoder.o
                0x000000000800dc08                SPI1_CR1_fields
 .rodata.EXTI_registers
                0x000000000800dc78       0xc0 build/decoder/STM32F30x_decoder.o
                0x000000000800dc78                EXTI_registers
 .rodata.USB_FS_DADDR_fields
                0x000000000800dd38       0x40 build/decoder/STM32F30x_decoder.o
                0x000000000800dd38                USB_FS_DADDR_fields
 .rodata.RTC_BKP8R_fields
                0x000000000800dd78        0x8 build/decoder/STM32F30x_decoder.o
                0x000000000800dd78                RTC_BKP8R_fields
 .rodata.CAN_F2R1_fields
                0x000000000800dd80      0x100 build/decoder/STM32F30x_decoder.o
                0x000000000800dd80                CAN_F2R1_fields
 .rodata.TIM8_CCR4_fields
                0x000000000800de80        0x8 build/decoder/STM32F30x_decoder.o
                0x000000000800de80                TIM8_CCR4_fields
 .rodata.USB_FS_USB_EP4R_fields
                0x000000000800de88       0x50 build/decoder/STM32F30x_decoder.o
                0x000000000800de88                USB_FS_USB_EP4R_fields
 .rodata.TIM1_CCER_fields
                0x000000000800ded8       0x98 build/decoder/STM32F30x_decoder.o
                0x000000000800ded8                TIM1_CCER_fields
 .rodata.TIM8_CNT_fields
                0x000000000800df70       0x10 build/decoder/STM32F30x_decoder.o
                0x000000000800df70                TIM8_CNT_fields
 .rodata.RTC_PRER_fields
                0x000000000800df80       0x10 build/decoder/STM32F30x_decoder.o
                0x000000000800df80                RTC_PRER_fields
 .rodata.TIM1_SR_fields
                0x000000000800df90       0x78 build/decoder/STM32F30x_decoder.o
                0x000000000800df90                TIM1_SR_fields
 .rodata.DMA1_CPAR2_fields
                0x000000000800e008        0x8 build/decoder/STM32F30x_decoder.o
                0x000000000800e008                DMA1_CPAR2_fields
 .rodata.NVIC_IPR15_fields
                0x000000000800e010       0x20 build/decoder/STM32F30x_decoder.o
                0x000000000800e010                NVIC_IPR15_fields
 .rodata.TSC_CR_fields
                0x000000000800e030       0x60 build/decoder/STM32F30x_decoder.o
                0x000000000800e030                TSC_CR_fields
 .rodata.SPI1_SR_fields
                0x000000000800e090       0x58 build/decoder/STM32F30x_decoder.o
                0x000000000800e090                SPI1_SR_fields
 .rodata.ADC1_JDR3_fields
                0x000000000800e0e8        0x8 build/decoder/STM32F30x_decoder.o
                0x000000000800e0e8                ADC1_JDR3_fields
 .rodata.NVIC_ICTR_fields
                0x000000000800e0f0        0x8 build/decoder/STM32F30x_decoder.o
                0x000000000800e0f0                NVIC_ICTR_fields
 .rodata.RTC_BKP30R_fields
                0x000000000800e0f8        0x8 build/decoder/STM32F30x_decoder.o
                0x000000000800e0f8                RTC_BKP30R_fields
 .rodata.RTC_BKP23R_fields
                0x000000000800e100        0x8 build/decoder/STM32F30x_decoder.o
                0x000000000800e100                RTC_BKP23R_fields
 .rodata.I2C1_OAR2_fields
                0x000000000800e108       0x18 build/decoder/STM32F30x_decoder.o
                0x000000000800e108                I2C1_OAR2_fields
 .rodata.DMA1_CNDTR3_fields
                0x000000000800e120        0x8 build/decoder/STM32F30x_decoder.o
                0x000000000800e120                DMA1_CNDTR3_fields
 .rodata.RTC_registers
                0x000000000800e128      0x320 build/decoder/STM32F30x_decoder.o
                0x000000000800e128                RTC_registers
 .rodata.CAN_F2R2_fields
                0x000000000800e448      0x100 build/decoder/STM32F30x_decoder.o
                0x000000000800e448                CAN_F2R2_fields
 .rodata.NVIC_ISPR2_fields
                0x000000000800e548        0x8 build/decoder/STM32F30x_decoder.o
                0x000000000800e548                NVIC_ISPR2_fields
 .rodata.DMA1_CPAR5_fields
                0x000000000800e550        0x8 build/decoder/STM32F30x_decoder.o
                0x000000000800e550                DMA1_CPAR5_fields
 .rodata.TIM2_CCR4_fields
                0x000000000800e558       0x10 build/decoder/STM32F30x_decoder.o
                0x000000000800e558                TIM2_CCR4_fields
 .rodata.GPIOB_IDR_fields
                0x000000000800e568       0x80 build/decoder/STM32F30x_decoder.o
                0x000000000800e568                GPIOB_IDR_fields
 .rodata.ADC1_OFR4_fields
                0x000000000800e5e8       0x18 build/decoder/STM32F30x_decoder.o
                0x000000000800e5e8                ADC1_OFR4_fields
 .rodata.CAN_RI1R_fields
                0x000000000800e600       0x20 build/decoder/STM32F30x_decoder.o
                0x000000000800e600                CAN_RI1R_fields
 .rodata.CAN_F18R1_fields
                0x000000000800e620      0x100 build/decoder/STM32F30x_decoder.o
                0x000000000800e620                CAN_F18R1_fields
 .rodata.TSC_IOG5CR_fields
                0x000000000800e720        0x8 build/decoder/STM32F30x_decoder.o
                0x000000000800e720                TSC_IOG5CR_fields
 .rodata.DAC_DOR2_fields
                0x000000000800e728        0x8 build/decoder/STM32F30x_decoder.o
                0x000000000800e728                DAC_DOR2_fields
 .rodata.DMA1_CCR5_fields
                0x000000000800e730       0x60 build/decoder/STM32F30x_decoder.o
                0x000000000800e730                DMA1_CCR5_fields
 .rodata.DMA1_CNDTR6_fields
                0x000000000800e790        0x8 build/decoder/STM32F30x_decoder.o
                0x000000000800e790                DMA1_CNDTR6_fields
 .rodata.EXTI_SWIER2_fields
                0x000000000800e798       0x10 build/decoder/STM32F30x_decoder.o
                0x000000000800e798                EXTI_SWIER2_fields
 .rodata.CAN_RDH0R_fields
                0x000000000800e7a8       0x20 build/decoder/STM32F30x_decoder.o
                0x000000000800e7a8                CAN_RDH0R_fields
 .rodata.CAN_TSR_fields
                0x000000000800e7c8       0xb0 build/decoder/STM32F30x_decoder.o
                0x000000000800e7c8                CAN_TSR_fields
 .rodata.CAN_TDL0R_fields
                0x000000000800e878       0x20 build/decoder/STM32F30x_decoder.o
                0x000000000800e878                CAN_TDL0R_fields
 .rodata.CAN_F5R2_fields
                0x000000000800e898      0x100 build/decoder/STM32F30x_decoder.o
                0x000000000800e898                CAN_F5R2_fields
 .rodata.TSC_IOG1CR_fields
                0x000000000800e998        0x8 build/decoder/STM32F30x_decoder.o
                0x000000000800e998                TSC_IOG1CR_fields
 .rodata.CAN_F11R1_fields
                0x000000000800e9a0      0x100 build/decoder/STM32F30x_decoder.o
                0x000000000800e9a0                CAN_F11R1_fields
 .rodata.TIM6_CR2_fields
                0x000000000800eaa0        0x8 build/decoder/STM32F30x_decoder.o
                0x000000000800eaa0                TIM6_CR2_fields
 .rodata.CAN_F25R1_fields
                0x000000000800eaa8      0x100 build/decoder/STM32F30x_decoder.o
                0x000000000800eaa8                CAN_F25R1_fields
 .rodata.CAN_RDL0R_fields
                0x000000000800eba8       0x20 build/decoder/STM32F30x_decoder.o
                0x000000000800eba8                CAN_RDL0R_fields
 .rodata.USART1_registers
                0x000000000800ebc8       0xb0 build/decoder/STM32F30x_decoder.o
                0x000000000800ebc8                USART1_registers
 .rodata.DAC_SWTRIGR_fields
                0x000000000800ec78       0x10 build/decoder/STM32F30x_decoder.o
                0x000000000800ec78                DAC_SWTRIGR_fields
 .rodata.CAN_F12R2_fields
                0x000000000800ec88      0x100 build/decoder/STM32F30x_decoder.o
                0x000000000800ec88                CAN_F12R2_fields
 .rodata.RTC_BKP4R_fields
                0x000000000800ed88        0x8 build/decoder/STM32F30x_decoder.o
                0x000000000800ed88                RTC_BKP4R_fields
 .rodata.RTC_TAFCR_fields
                0x000000000800ed90       0x90 build/decoder/STM32F30x_decoder.o
                0x000000000800ed90                RTC_TAFCR_fields
 .rodata.TIM17_ARR_fields
                0x000000000800ee20        0x8 build/decoder/STM32F30x_decoder.o
                0x000000000800ee20                TIM17_ARR_fields
 .rodata.CAN_F16R2_fields
                0x000000000800ee28      0x100 build/decoder/STM32F30x_decoder.o
                0x000000000800ee28                CAN_F16R2_fields
 .rodata.USART1_ICR_fields
                0x000000000800ef28       0x60 build/decoder/STM32F30x_decoder.o
                0x000000000800ef28                USART1_ICR_fields
 .rodata.NVIC_IPR6_fields
                0x000000000800ef88       0x20 build/decoder/STM32F30x_decoder.o
                0x000000000800ef88                NVIC_IPR6_fields
 .rodata.TIM15_CCMR1_Input_fields
                0x000000000800efa8       0x30 build/decoder/STM32F30x_decoder.o
                0x000000000800efa8                TIM15_CCMR1_Input_fields
 .rodata.DAC_DHR12R2_fields
                0x000000000800efd8        0x8 build/decoder/STM32F30x_decoder.o
                0x000000000800efd8                DAC_DHR12R2_fields
 .rodata.RCC_AHBENR_fields
                0x000000000800efe0       0x70 build/decoder/STM32F30x_decoder.o
                0x000000000800efe0                RCC_AHBENR_fields
 .rodata.RTC_BKP14R_fields
                0x000000000800f050        0x8 build/decoder/STM32F30x_decoder.o
                0x000000000800f050                RTC_BKP14R_fields
 .rodata.CAN_F20R1_fields
                0x000000000800f058      0x100 build/decoder/STM32F30x_decoder.o
                0x000000000800f058                CAN_F20R1_fields
 .rodata.CAN_F27R2_fields
                0x000000000800f158      0x100 build/decoder/STM32F30x_decoder.o
                0x000000000800f158                CAN_F27R2_fields
 .rodata.TIM6_SR_fields
                0x000000000800f258        0x8 build/decoder/STM32F30x_decoder.o
                0x000000000800f258                TIM6_SR_fields
 .rodata.RCC_CIR_fields
                0x000000000800f260       0x88 build/decoder/STM32F30x_decoder.o
                0x000000000800f260                RCC_CIR_fields
 .rodata.CAN_TDH1R_fields
                0x000000000800f2e8       0x20 build/decoder/STM32F30x_decoder.o
                0x000000000800f2e8                CAN_TDH1R_fields
 .rodata.NVIC_IPR9_fields
                0x000000000800f308       0x20 build/decoder/STM32F30x_decoder.o
                0x000000000800f308                NVIC_IPR9_fields
 .rodata.TIM8_CCER_fields
                0x000000000800f328       0x98 build/decoder/STM32F30x_decoder.o
                0x000000000800f328                TIM8_CCER_fields
 .rodata.CAN_FFA1R_fields
                0x000000000800f3c0       0xe0 build/decoder/STM32F30x_decoder.o
                0x000000000800f3c0                CAN_FFA1R_fields
 .rodata.TIM17_registers
                0x000000000800f4a0      0x100 build/decoder/STM32F30x_decoder.o
                0x000000000800f4a0                TIM17_registers
 .rodata.TIM15_DMAR_fields
                0x000000000800f5a0        0x8 build/decoder/STM32F30x_decoder.o
                0x000000000800f5a0                TIM15_DMAR_fields
 .rodata.DBGMCU_registers
                0x000000000800f5a8       0x40 build/decoder/STM32F30x_decoder.o
                0x000000000800f5a8                DBGMCU_registers
 .rodata.EXTI_EMR2_fields
                0x000000000800f5e8       0x20 build/decoder/STM32F30x_decoder.o
                0x000000000800f5e8                EXTI_EMR2_fields
 .rodata.TIM8_SMCR_fields
                0x000000000800f608       0x48 build/decoder/STM32F30x_decoder.o
                0x000000000800f608                TIM8_SMCR_fields
 .rodata.CAN_F10R2_fields
                0x000000000800f650      0x100 build/decoder/STM32F30x_decoder.o
                0x000000000800f650                CAN_F10R2_fields
 .rodata.ADC1_AWD3CR_fields
                0x000000000800f750        0x8 build/decoder/STM32F30x_decoder.o
                0x000000000800f750                ADC1_AWD3CR_fields
 .rodata.TIM16_DCR_fields
                0x000000000800f758       0x10 build/decoder/STM32F30x_decoder.o
                0x000000000800f758                TIM16_DCR_fields
 .rodata.ADC1_2_CCR_fields
                0x000000000800f768       0x40 build/decoder/STM32F30x_decoder.o
                0x000000000800f768                ADC1_2_CCR_fields
 .rodata.TIM15_CCER_fields
                0x000000000800f7a8       0x38 build/decoder/STM32F30x_decoder.o
                0x000000000800f7a8                TIM15_CCER_fields
 .rodata.COMP_COMP1_CSR_fields
                0x000000000800f7e0       0x50 build/decoder/STM32F30x_decoder.o
                0x000000000800f7e0                COMP_COMP1_CSR_fields
 .rodata.RTC_WPR_fields
                0x000000000800f830        0x8 build/decoder/STM32F30x_decoder.o
                0x000000000800f830                RTC_WPR_fields
 .rodata.TIM17_CNT_fields
                0x000000000800f838       0x10 build/decoder/STM32F30x_decoder.o
                0x000000000800f838                TIM17_CNT_fields
 .rodata.GPIOA_BRR_fields
                0x000000000800f848       0x80 build/decoder/STM32F30x_decoder.o
                0x000000000800f848                GPIOA_BRR_fields
 .rodata.RTC_BKP17R_fields
                0x000000000800f8c8        0x8 build/decoder/STM32F30x_decoder.o
                0x000000000800f8c8                RTC_BKP17R_fields
 .rodata.CAN_F7R1_fields
                0x000000000800f8d0      0x100 build/decoder/STM32F30x_decoder.o
                0x000000000800f8d0                CAN_F7R1_fields
 .rodata.GPIOB_MODER_fields
                0x000000000800f9d0       0x80 build/decoder/STM32F30x_decoder.o
                0x000000000800f9d0                GPIOB_MODER_fields
 .rodata.OPAMP_OPAMP4_CR_fields
                0x000000000800fa50       0x80 build/decoder/STM32F30x_decoder.o
                0x000000000800fa50                OPAMP_OPAMP4_CR_fields
 .rodata.GPIOA_IDR_fields
                0x000000000800fad0       0x80 build/decoder/STM32F30x_decoder.o
                0x000000000800fad0                GPIOA_IDR_fields
 .rodata.CAN_F8R2_fields