Archive member included to satisfy reference by file (symbol)

/usr/lib/gcc/arm-none-eabi/4.9.3/../../../arm-none-eabi/lib/armv7e-m/fpu/libg.a(lib_a-atexit.o)
                              /usr/lib/gcc/arm-none-eabi/4.9.3/../../../arm-none-eabi/lib/armv7e-m/fpu/crt0.o (atexit)
/usr/lib/gcc/arm-none-eabi/4.9.3/../../../arm-none-eabi/lib/armv7e-m/fpu/libg.a(lib_a-ctype_.o)
                              build/parser.o (__ctype_ptr__)
/usr/lib/gcc/arm-none-eabi/4.9.3/../../../arm-none-eabi/lib/armv7e-m/fpu/libg.a(lib_a-errno.o)
                              build/syscall.o (__errno)
/usr/lib/gcc/arm-none-eabi/4.9.3/../../../arm-none-eabi/lib/armv7e-m/fpu/libg.a(lib_a-exit.o)
                              /usr/lib/gcc/arm-none-eabi/4.9.3/../../../arm-none-eabi/lib/armv7e-m/fpu/crt0.o (exit)
/usr/lib/gcc/arm-none-eabi/4.9.3/../../../arm-none-eabi/lib/armv7e-m/fpu/libg.a(lib_a-fini.o)
                              /usr/lib/gcc/arm-none-eabi/4.9.3/../../../arm-none-eabi/lib/armv7e-m/fpu/crt0.o (__libc_fini_array)
/usr/lib/gcc/arm-none-eabi/4.9.3/../../../arm-none-eabi/lib/armv7e-m/fpu/libg.a(lib_a-impure.o)
                              /usr/lib/gcc/arm-none-eabi/4.9.3/../../../arm-none-eabi/lib/armv7e-m/fpu/libg.a(lib_a-exit.o) (_global_impure_ptr)
/usr/lib/gcc/arm-none-eabi/4.9.3/../../../arm-none-eabi/lib/armv7e-m/fpu/libg.a(lib_a-init.o)
                              /usr/lib/gcc/arm-none-eabi/4.9.3/../../../arm-none-eabi/lib/armv7e-m/fpu/crt0.o (__libc_init_array)
/usr/lib/gcc/arm-none-eabi/4.9.3/../../../arm-none-eabi/lib/armv7e-m/fpu/libg.a(lib_a-memset.o)
                              /usr/lib/gcc/arm-none-eabi/4.9.3/../../../arm-none-eabi/lib/armv7e-m/fpu/crt0.o (memset)
/usr/lib/gcc/arm-none-eabi/4.9.3/../../../arm-none-eabi/lib/armv7e-m/fpu/libg.a(lib_a-printf.o)
                              build/main.o (printf)
/usr/lib/gcc/arm-none-eabi/4.9.3/../../../arm-none-eabi/lib/armv7e-m/fpu/libg.a(lib_a-putchar.o)
                              build/parser.o (putchar)
/usr/lib/gcc/arm-none-eabi/4.9.3/../../../arm-none-eabi/lib/armv7e-m/fpu/libg.a(lib_a-puts.o)
                              build/main.o (puts)
/usr/lib/gcc/arm-none-eabi/4.9.3/../../../arm-none-eabi/lib/armv7e-m/fpu/libg.a(lib_a-setvbuf.o)
                              build/terminal.o (setvbuf)
/usr/lib/gcc/arm-none-eabi/4.9.3/../../../arm-none-eabi/lib/armv7e-m/fpu/libg.a(lib_a-strcasecmp.o)
                              build/parser.o (strcasecmp)
/usr/lib/gcc/arm-none-eabi/4.9.3/../../../arm-none-eabi/lib/armv7e-m/fpu/libg.a(lib_a-strcpy.o)
                              build/parser.o (strcpy)
/usr/lib/gcc/arm-none-eabi/4.9.3/../../../arm-none-eabi/lib/armv7e-m/fpu/libg.a(lib_a-strlen.o)
                              build/parser.o (strlen)
/usr/lib/gcc/arm-none-eabi/4.9.3/../../../arm-none-eabi/lib/armv7e-m/fpu/libg.a(lib_a-strtok.o)
                              build/parser.o (strtok)
/usr/lib/gcc/arm-none-eabi/4.9.3/../../../arm-none-eabi/lib/armv7e-m/fpu/libg.a(lib_a-strtok_r.o)
                              /usr/lib/gcc/arm-none-eabi/4.9.3/../../../arm-none-eabi/lib/armv7e-m/fpu/libg.a(lib_a-strtok.o) (__strtok_r)
/usr/lib/gcc/arm-none-eabi/4.9.3/../../../arm-none-eabi/lib/armv7e-m/fpu/libg.a(lib_a-strtol.o)
                              build/parser.o (strtol)
/usr/lib/gcc/arm-none-eabi/4.9.3/../../../arm-none-eabi/lib/armv7e-m/fpu/libg.a(lib_a-strtoul.o)
                              build/parser.o (strtoul)
/usr/lib/gcc/arm-none-eabi/4.9.3/../../../arm-none-eabi/lib/armv7e-m/fpu/libg.a(lib_a-vfprintf.o)
                              /usr/lib/gcc/arm-none-eabi/4.9.3/../../../arm-none-eabi/lib/armv7e-m/fpu/libg.a(lib_a-printf.o) (_vfprintf_r)
/usr/lib/gcc/arm-none-eabi/4.9.3/../../../arm-none-eabi/lib/armv7e-m/fpu/libg.a(lib_a-wsetup.o)
                              /usr/lib/gcc/arm-none-eabi/4.9.3/../../../arm-none-eabi/lib/armv7e-m/fpu/libg.a(lib_a-vfprintf.o) (__swsetup_r)
/usr/lib/gcc/arm-none-eabi/4.9.3/../../../arm-none-eabi/lib/armv7e-m/fpu/libg.a(lib_a-__atexit.o)
                              /usr/lib/gcc/arm-none-eabi/4.9.3/../../../arm-none-eabi/lib/armv7e-m/fpu/libg.a(lib_a-atexit.o) (__register_exitproc)
/usr/lib/gcc/arm-none-eabi/4.9.3/../../../arm-none-eabi/lib/armv7e-m/fpu/libg.a(lib_a-__call_atexit.o)
                              /usr/lib/gcc/arm-none-eabi/4.9.3/../../../arm-none-eabi/lib/armv7e-m/fpu/libg.a(lib_a-exit.o) (__call_exitprocs)
/usr/lib/gcc/arm-none-eabi/4.9.3/../../../arm-none-eabi/lib/armv7e-m/fpu/libg.a(lib_a-dtoa.o)
                              /usr/lib/gcc/arm-none-eabi/4.9.3/../../../arm-none-eabi/lib/armv7e-m/fpu/libg.a(lib_a-vfprintf.o) (_dtoa_r)
/usr/lib/gcc/arm-none-eabi/4.9.3/../../../arm-none-eabi/lib/armv7e-m/fpu/libg.a(lib_a-fflush.o)
                              /usr/lib/gcc/arm-none-eabi/4.9.3/../../../arm-none-eabi/lib/armv7e-m/fpu/libg.a(lib_a-setvbuf.o) (_fflush_r)
/usr/lib/gcc/arm-none-eabi/4.9.3/../../../arm-none-eabi/lib/armv7e-m/fpu/libg.a(lib_a-findfp.o)
[...]
Memory Configuration

Name             Origin             Length             Attributes
FLASH            0x0000000008000000 0x0000000000040000 xr
RAM              0x0000000020000000 0x000000000000a000 xrw
CCMRAM           0x0000000010000000 0x0000000000002000 rw
*default*        0x0000000000000000 0xffffffffffffffff

Linker script and memory map

LOAD /usr/lib/gcc/arm-none-eabi/4.9.3/armv7e-m/fpu/crti.o
LOAD /usr/lib/gcc/arm-none-eabi/4.9.3/armv7e-m/fpu/crtbegin.o
LOAD /usr/lib/gcc/arm-none-eabi/4.9.3/../../../arm-none-eabi/lib/armv7e-m/fpu/crt0.o
LOAD build/main.o
LOAD build/i2c.o
LOAD build/mycode.o
LOAD build/monitor.o
LOAD build/parser.o
LOAD build/dump.o
LOAD build/syscall.o
LOAD build/terminal.o
LOAD build/decoder/decoder.o
LOAD build/decoder/STM32F30x_decoder.o
LOAD build/Drivers/CMSIS/Device/ST/STM32F3xx/Source/Templates/system_stm32f3xx.o
LOAD build/Drivers/STM32F3xx_HAL_Driver/Src/stm32f3xx_hal_rcc.o
LOAD build/Drivers/STM32F3xx_HAL_Driver/Src/stm32f3xx_hal.o
LOAD build/Drivers/STM32F3xx_HAL_Driver/Src/stm32f3xx_hal_cortex.o
LOAD build/Drivers/STM32F3xx_HAL_Driver/Src/stm32f3xx_hal_uart.o
LOAD build/Drivers/STM32F3xx_HAL_Driver/Src/stm32f3xx_hal_gpio.o
LOAD build/Drivers/STM32F3xx_HAL_Driver/Src/stm32f3xx_hal_pcd.o
LOAD build/Drivers/STM32F3xx_HAL_Driver/Src/stm32f3xx_hal_pcd_ex.o
LOAD build/Drivers/STM32F3xx_HAL_Driver/Src/stm32f3xx_hal_rcc_ex.o
LOAD build/Drivers/STM32F3xx_HAL_Driver/Src/stm32f3xx_hal_i2c.o
LOAD build/Drivers/STM32F3xx_HAL_Driver/Src/stm32f3xx_hal_spi.o
LOAD build/Drivers/STM32_USB_Device_Library/Core/Src/usbd_core.o
LOAD build/Drivers/STM32_USB_Device_Library/Core/Src/usbd_ctlreq.o
LOAD build/Drivers/STM32_USB_Device_Library/Core/Src/usbd_ioreq.o
LOAD build/Drivers/STM32_USB_Device_Library/Class/CDC/Src/usbd_cdc.o
LOAD build/usbd_conf.o
LOAD build/usbd_desc.o
LOAD build/usbd_cdc_interface.o
LOAD build/Drivers/BSP/STM32F3-Discovery/stm32f3_discovery.o
LOAD build/Drivers/BSP/STM32F3-Discovery/stm32f3_discovery_accelerometer.o
LOAD build/Drivers/BSP/STM32F3-Discovery/stm32f3_discovery_gyroscope.o
LOAD build/Drivers/BSP/Components/lsm303dlhc/lsm303dlhc.o
LOAD build/Drivers/BSP/Components/l3gd20/l3gd20.o
LOAD build/Drivers/CMSIS/Device/ST/STM32F3xx/Source/Templates/gcc/startup_stm32f303xc.o
START GROUP
LOAD /usr/lib/gcc/arm-none-eabi/4.9.3/armv7e-m/fpu/libgcc.a
LOAD /usr/lib/gcc/arm-none-eabi/4.9.3/../../../arm-none-eabi/lib/armv7e-m/fpu/libg.a
LOAD /usr/lib/gcc/arm-none-eabi/4.9.3/../../../arm-none-eabi/lib/armv7e-m/fpu/libc.a
END GROUP
LOAD /usr/lib/gcc/arm-none-eabi/4.9.3/armv7e-m/fpu/crtend.o
LOAD /usr/lib/gcc/arm-none-eabi/4.9.3/armv7e-m/fpu/crtn.o
                0x0000000020008000                _estack = 0x20008000
                0x0000000000001000                _Min_Heap_Size = 0x1000
                0x0000000000000400                _Min_Stack_Size = 0x400

.isr_vector     0x0000000008000000      0x188
                0x0000000008000000                . = ALIGN (0x4)
 *(.isr_vector)
 .isr_vector    0x0000000008000000      0x188 build/Drivers/CMSIS/Device/ST/STM32F3xx/Source/Templates/gcc/startup_stm32f303xc.o
                0x0000000008000000                g_pfnVectors
                0x0000000008000188                . = ALIGN (0x4)

.text           0x0000000008000188     0xa71c
                0x0000000008000188                . = ALIGN (0x4)
 *(.text)
 .text          0x0000000008000188       0xa4 /usr/lib/gcc/arm-none-eabi/4.9.3/armv7e-m/fpu/crtbegin.o
 .text          0x000000000800022c       0xac build/mycode.o
                0x000000000800022c                mytest
                0x0000000008000244                my_Tick
                0x00000000080002a0                my_LED_Function
                0x00000000080002c4                my_Loop
                0x00000000080002c8                my_Init
 .text          0x00000000080002d8      0x134 /usr/lib/gcc/arm-none-eabi/4.9.3/../../../arm-none-eabi/lib/armv7e-m/fpu/libg.a(lib_a-memcpy.o)
                0x00000000080002d8                memcpy
 .text          0x000000000800040c      0x370 /usr/lib/gcc/arm-none-eabi/4.9.3/armv7e-m/fpu/libgcc.a(_arm_addsubdf3.o)
                0x000000000800040c                __aeabi_drsub
                0x0000000008000414                __aeabi_dsub
                0x0000000008000414                __subdf3
                0x0000000008000418                __adddf3
                0x0000000008000418                __aeabi_dadd
                0x0000000008000690                __aeabi_ui2d
                0x0000000008000690                __floatunsidf
                0x00000000080006b0                __floatsidf
                0x00000000080006b0                __aeabi_i2d
                0x00000000080006d4                __extendsfdf2
                0x00000000080006d4                __aeabi_f2d
                0x0000000008000710                __aeabi_ul2d
                0x0000000008000710                __floatundidf
                0x0000000008000720                __floatdidf
                0x0000000008000720                __aeabi_l2d
 .text          0x000000000800077c      0x424 /usr/lib/gcc/arm-none-eabi/4.9.3/armv7e-m/fpu/libgcc.a(_arm_muldivdf3.o)
                0x000000000800077c                __aeabi_dmul
                0x000000000800077c                __muldf3
                0x00000000080009d0                __aeabi_ddiv
                0x00000000080009d0                __divdf3
 .text          0x0000000008000ba0      0x110 /usr/lib/gcc/arm-none-eabi/4.9.3/armv7e-m/fpu/libgcc.a(_arm_cmpdf2.o)
                0x0000000008000ba0                __gtdf2
                0x0000000008000ba0                __gedf2
                0x0000000008000ba8                __ltdf2
                0x0000000008000ba8                __ledf2
                0x0000000008000bb0                __cmpdf2
                0x0000000008000bb0                __eqdf2
                0x0000000008000bb0                __nedf2
                0x0000000008000c2c                __aeabi_cdrcmple
                0x0000000008000c3c                __aeabi_cdcmple
                0x0000000008000c3c                __aeabi_cdcmpeq
                0x0000000008000c4c                __aeabi_dcmpeq
                0x0000000008000c60                __aeabi_dcmplt
                0x0000000008000c74                __aeabi_dcmple
                0x0000000008000c88                __aeabi_dcmpge
                0x0000000008000c9c                __aeabi_dcmpgt
 .text          0x0000000008000cb0       0x50 /usr/lib/gcc/arm-none-eabi/4.9.3/armv7e-m/fpu/libgcc.a(_arm_fixdfsi.o)
                0x0000000008000cb0                __fixdfsi
                0x0000000008000cb0                __aeabi_d2iz
 .text          0x0000000008000d00       0x30 /usr/lib/gcc/arm-none-eabi/4.9.3/armv7e-m/fpu/libgcc.a(_aeabi_uldivmod.o)
                0x0000000008000d00                __aeabi_uldivmod
 .text          0x0000000008000d30       0x60 /usr/lib/gcc/arm-none-eabi/4.9.3/armv7e-m/fpu/libgcc.a(bpabi.o)
                0x0000000008000d30                __gnu_ldivmod_helper
                0x0000000008000d60                __gnu_uldivmod_helper
 .text          0x0000000008000d90        0x4 /usr/lib/gcc/arm-none-eabi/4.9.3/armv7e-m/fpu/libgcc.a(_dvmd_tls.o)
                0x0000000008000d90                __aeabi_ldiv0
                0x0000000008000d90                __aeabi_idiv0
 .text          0x0000000008000d94      0x29c /usr/lib/gcc/arm-none-eabi/4.9.3/armv7e-m/fpu/libgcc.a(_divdi3.o)
                0x0000000008000d94                __divdi3
 .text          0x0000000008001030      0x26c /usr/lib/gcc/arm-none-eabi/4.9.3/armv7e-m/fpu/libgcc.a(_udivdi3.o)
                0x0000000008001030                __udivdi3
 *(.text*)
 .text.CmdLED   0x000000000800129c       0x5c build/main.o
                0x000000000800129c                CmdLED
 .text.CmdAccel
                0x00000000080012f8       0x28 build/main.o
                0x00000000080012f8                CmdAccel
 .text.CmdGyro  0x0000000008001320       0x54 build/main.o
                0x0000000008001320                CmdGyro
 .text.CmdButton
                0x0000000008001374       0x2c build/main.o
                0x0000000008001374                CmdButton
 .text.startup.main
                0x00000000080013a0       0xb0 build/main.o
                0x00000000080013a0                main
 .text.SysTick_Handler
                0x0000000008001450        0xe build/main.o
                0x0000000008001450                SysTick_Handler
 .text.CmdW     0x000000000800145e       0x1c build/monitor.o
                0x000000000800145e                CmdW
 *fill*         0x000000000800147a        0x2 
 .text.CmdR     0x000000000800147c       0x20 build/monitor.o
                0x000000000800147c                CmdR
 .text.parse    0x000000000800149c      0x104 build/parser.o
                0x000000000800149c                parse
 .text.TaskInput
                0x00000000080015a0      0x12c build/parser.o
                0x00000000080015a0                TaskInput
 .text.fetch_uint32_arg
                0x00000000080016cc       0x28 build/parser.o
                0x00000000080016cc                fetch_uint32_arg
 .text.fetch_string_arg
                0x00000000080016f4       0x20 build/parser.o
                0x00000000080016f4                fetch_string_arg
 .text.DumpBuffer
                0x0000000008001714       0xb4 build/dump.o
                0x0000000008001714                DumpBuffer
 .text.CmdDump  0x00000000080017c8       0x54 build/dump.o
                0x00000000080017c8                CmdDump
 .text._sbrk_r  0x000000000800181c       0x34 build/syscall.o
                0x000000000800181c                _sbrk_r
 .text._close_r
                0x0000000008001850        0x6 build/syscall.o
                0x0000000008001850                _close_r
 .text._fstat_r
                0x0000000008001856        0xa build/syscall.o
                0x0000000008001856                _fstat_r
 .text._isatty_r
                0x0000000008001860        0x4 build/syscall.o
                0x0000000008001860                _isatty_r
 .text._lseek_r
                0x0000000008001864        0x4 build/syscall.o
                0x0000000008001864                _lseek_r
 .text.USBD_CDC_DataIn
                0x0000000008001868       0x80 build/terminal.o
 .text.CmdStats
                0x00000000080018e8       0x54 build/terminal.o
                0x00000000080018e8                CmdStats
 .text.TerminalInit
                0x000000000800193c       0x7c build/terminal.o
                0x000000000800193c                TerminalInit
 .text.TerminalRead
                0x00000000080019b8       0x4c build/terminal.o
                0x00000000080019b8                TerminalRead
 .text._read_r  0x0000000008001a04        0xa build/terminal.o
                0x0000000008001a04                _read_r
 .text.TerminalReadNonBlock
                0x0000000008001a0e       0x10 build/terminal.o
                0x0000000008001a0e                TerminalReadNonBlock
 .text.TerminalReadAnyNonBlock
                0x0000000008001a1e       0x12 build/terminal.o
                0x0000000008001a1e                TerminalReadAnyNonBlock
 .text.TerminalOutputBufferWrite
                0x0000000008001a30       0xe8 build/terminal.o
                0x0000000008001a30                TerminalOutputBufferWrite
 .text._write_r
                0x0000000008001b18       0x38 build/terminal.o
                0x0000000008001b18                _write_r
 .text.TerminalInputBufferWrite
                0x0000000008001b50       0x70 build/terminal.o
                0x0000000008001b50                TerminalInputBufferWrite
 .text.USB_LP_CAN_RX0_IRQHandler
                0x0000000008001bc0        0xc build/terminal.o
                0x0000000008001bc0                USB_LP_CAN_RX0_IRQHandler
 .text.Uncompress
                0x0000000008001bcc       0x78 build/decoder/decoder.o
 .text.DecodeReadRegister
                0x0000000008001c44       0x58 build/decoder/decoder.o
                0x0000000008001c44                DecodeReadRegister
 .text.DecodeWriteRegister
                0x0000000008001c9c       0x54 build/decoder/decoder.o
                0x0000000008001c9c                DecodeWriteRegister
 .text.DecodeField
                0x0000000008001cf0       0x4c build/decoder/decoder.o
                0x0000000008001cf0                DecodeField
 .text.DecodeRegister
                0x0000000008001d3c       0x5c build/decoder/decoder.o
                0x0000000008001d3c                DecodeRegister
 .text.DecodePeripheral
                0x0000000008001d98       0x50 build/decoder/decoder.o
                0x0000000008001d98                DecodePeripheral
 .text.DecodePrintPeripherals
                0x0000000008001de8       0x48 build/decoder/decoder.o
                0x0000000008001de8                DecodePrintPeripherals
 .text.DecodePrintRegisters
                0x0000000008001e30       0x58 build/decoder/decoder.o
                0x0000000008001e30                DecodePrintRegisters
 .text.CmdDecode
                0x0000000008001e88      0x278 build/decoder/decoder.o
                0x0000000008001e88                CmdDecode
 .text.SystemInit
                0x0000000008002100       0x68 build/Drivers/CMSIS/Device/ST/STM32F3xx/Source/Templates/system_stm32f3xx.o
                0x0000000008002100                SystemInit
 .text.HAL_RCC_OscConfig
                0x0000000008002168      0x5d4 build/Drivers/STM32F3xx_HAL_Driver/Src/stm32f3xx_hal_rcc.o
                0x0000000008002168                HAL_RCC_OscConfig
 .text.HAL_RCC_ClockConfig
                0x000000000800273c      0x2cc build/Drivers/STM32F3xx_HAL_Driver/Src/stm32f3xx_hal_rcc.o
                0x000000000800273c                HAL_RCC_ClockConfig
 .text.HAL_RCC_GetSysClockFreq
                0x0000000008002a08       0x6c build/Drivers/STM32F3xx_HAL_Driver/Src/stm32f3xx_hal_rcc.o
                0x0000000008002a08                HAL_RCC_GetSysClockFreq
 .text.HAL_RCC_GetHCLKFreq
                0x0000000008002a74       0x38 build/Drivers/STM32F3xx_HAL_Driver/Src/stm32f3xx_hal_rcc.o
                0x0000000008002a74                HAL_RCC_GetHCLKFreq
 .text.HAL_MspInit
                0x0000000008002aac        0x2 build/Drivers/STM32F3xx_HAL_Driver/Src/stm32f3xx_hal.o
                0x0000000008002aac                HAL_MspInit
 .text.HAL_InitTick
                0x0000000008002aae       0x24 build/Drivers/STM32F3xx_HAL_Driver/Src/stm32f3xx_hal.o
                0x0000000008002aae                HAL_InitTick
 *fill*         0x0000000008002ad2        0x2 
 .text.HAL_Init
                0x0000000008002ad4       0x24 build/Drivers/STM32F3xx_HAL_Driver/Src/stm32f3xx_hal.o
                0x0000000008002ad4                HAL_Init
 .text.HAL_IncTick
                0x0000000008002af8       0x10 build/Drivers/STM32F3xx_HAL_Driver/Src/stm32f3xx_hal.o
                0x0000000008002af8                HAL_IncTick
 .text.HAL_GetTick
                0x0000000008002b08        0xc build/Drivers/STM32F3xx_HAL_Driver/Src/stm32f3xx_hal.o
                0x0000000008002b08                HAL_GetTick
 .text.HAL_Delay
                0x0000000008002b14       0x1a build/Drivers/STM32F3xx_HAL_Driver/Src/stm32f3xx_hal.o
                0x0000000008002b14                HAL_Delay
 *fill*         0x0000000008002b2e        0x2 
 .text.HAL_NVIC_SetPriorityGrouping
                0x0000000008002b30       0x24 build/Drivers/STM32F3xx_HAL_Driver/Src/stm32f3xx_hal_cortex.o
                0x0000000008002b30                HAL_NVIC_SetPriorityGrouping
 .text.HAL_NVIC_SetPriority
                0x0000000008002b54       0x60 build/Drivers/STM32F3xx_HAL_Driver/Src/stm32f3xx_hal_cortex.o
                0x0000000008002b54                HAL_NVIC_SetPriority
 .text.HAL_NVIC_EnableIRQ
                0x0000000008002bb4       0x18 build/Drivers/STM32F3xx_HAL_Driver/Src/stm32f3xx_hal_cortex.o
                0x0000000008002bb4                HAL_NVIC_EnableIRQ
 .text.HAL_SYSTICK_Config
                0x0000000008002bcc       0x2c build/Drivers/STM32F3xx_HAL_Driver/Src/stm32f3xx_hal_cortex.o
                0x0000000008002bcc                HAL_SYSTICK_Config
 .text.HAL_GPIO_Init
                0x0000000008002bf8      0x188 build/Drivers/STM32F3xx_HAL_Driver/Src/stm32f3xx_hal_gpio.o
                0x0000000008002bf8                HAL_GPIO_Init
 .text.HAL_GPIO_ReadPin
                0x0000000008002d80        0xc build/Drivers/STM32F3xx_HAL_Driver/Src/stm32f3xx_hal_gpio.o
                0x0000000008002d80                HAL_GPIO_ReadPin
 .text.HAL_GPIO_WritePin
                0x0000000008002d8c        0xa build/Drivers/STM32F3xx_HAL_Driver/Src/stm32f3xx_hal_gpio.o
                0x0000000008002d8c                HAL_GPIO_WritePin
 .text.HAL_GPIO_TogglePin
                0x0000000008002d96        0x8 build/Drivers/STM32F3xx_HAL_Driver/Src/stm32f3xx_hal_gpio.o
                0x0000000008002d96                HAL_GPIO_TogglePin
 .text.HAL_PCD_Init
                0x0000000008002d9e       0x9a build/Drivers/STM32F3xx_HAL_Driver/Src/stm32f3xx_hal_pcd.o
                0x0000000008002d9e                HAL_PCD_Init
 .text.HAL_PCD_Start
                0x0000000008002e38        0xc build/Drivers/STM32F3xx_HAL_Driver/Src/stm32f3xx_hal_pcd.o
                0x0000000008002e38                HAL_PCD_Start
 .text.HAL_PCD_SetAddress
                0x0000000008002e44       0x2c build/Drivers/STM32F3xx_HAL_Driver/Src/stm32f3xx_hal_pcd.o
                0x0000000008002e44                HAL_PCD_SetAddress
 .text.HAL_PCD_EP_Open
                0x0000000008002e70      0x338 build/Drivers/STM32F3xx_HAL_Driver/Src/stm32f3xx_hal_pcd.o
                0x0000000008002e70                HAL_PCD_EP_Open
 .text.HAL_PCD_EP_Close
                0x00000000080031a8      0x1b0 build/Drivers/STM32F3xx_HAL_Driver/Src/stm32f3xx_hal_pcd.o
                0x00000000080031a8                HAL_PCD_EP_Close
 .text.HAL_PCD_EP_Receive
                0x0000000008003358       0xf4 build/Drivers/STM32F3xx_HAL_Driver/Src/stm32f3xx_hal_pcd.o
                0x0000000008003358                HAL_PCD_EP_Receive
 .text.HAL_PCD_EP_GetRxCount
                0x000000000800344c       0x10 build/Drivers/STM32F3xx_HAL_Driver/Src/stm32f3xx_hal_pcd.o
                0x000000000800344c                HAL_PCD_EP_GetRxCount
 .text.HAL_PCD_EP_Transmit
                0x000000000800345c      0x182 build/Drivers/STM32F3xx_HAL_Driver/Src/stm32f3xx_hal_pcd.o
                0x000000000800345c                HAL_PCD_EP_Transmit
 .text.HAL_PCD_IRQHandler
                0x00000000080035de      0x4a6 build/Drivers/STM32F3xx_HAL_Driver/Src/stm32f3xx_hal_pcd.o
                0x00000000080035de                HAL_PCD_IRQHandler
 .text.HAL_PCD_EP_SetStall
                0x0000000008003a84       0xa2 build/Drivers/STM32F3xx_HAL_Driver/Src/stm32f3xx_hal_pcd.o
                0x0000000008003a84                HAL_PCD_EP_SetStall
 .text.HAL_PCD_EP_ClrStall
                0x0000000008003b26       0xc8 build/Drivers/STM32F3xx_HAL_Driver/Src/stm32f3xx_hal_pcd.o
                0x0000000008003b26                HAL_PCD_EP_ClrStall
 .text.HAL_PCDEx_PMAConfig
                0x0000000008003bee       0x34 build/Drivers/STM32F3xx_HAL_Driver/Src/stm32f3xx_hal_pcd_ex.o
                0x0000000008003bee                HAL_PCDEx_PMAConfig
 .text.PCD_WritePMA
                0x0000000008003c22       0x2e build/Drivers/STM32F3xx_HAL_Driver/Src/stm32f3xx_hal_pcd_ex.o
                0x0000000008003c22                PCD_WritePMA
 .text.PCD_ReadPMA
                0x0000000008003c50       0x22 build/Drivers/STM32F3xx_HAL_Driver/Src/stm32f3xx_hal_pcd_ex.o
                0x0000000008003c50                PCD_ReadPMA
 .text.HAL_PCDEx_SetConnectionState
                0x0000000008003c72        0x2 build/Drivers/STM32F3xx_HAL_Driver/Src/stm32f3xx_hal_pcd_ex.o
                0x0000000008003c72                HAL_PCDEx_SetConnectionState
 .text.HAL_RCCEx_PeriphCLKConfig
                0x0000000008003c74      0x1d4 build/Drivers/STM32F3xx_HAL_Driver/Src/stm32f3xx_hal_rcc_ex.o
                0x0000000008003c74                HAL_RCCEx_PeriphCLKConfig
 .text.I2C_TransferConfig
                0x0000000008003e48       0x2a build/Drivers/STM32F3xx_HAL_Driver/Src/stm32f3xx_hal_i2c.o
 *fill*         0x0000000008003e72        0x2 
 .text.I2C_IsAcknowledgeFailed
                0x0000000008003e74       0x90 build/Drivers/STM32F3xx_HAL_Driver/Src/stm32f3xx_hal_i2c.o
 .text.I2C_WaitOnFlagUntilTimeout
                0x0000000008003f04       0x68 build/Drivers/STM32F3xx_HAL_Driver/Src/stm32f3xx_hal_i2c.o
 .text.I2C_WaitOnTXISFlagUntilTimeout
                0x0000000008003f6c       0x54 build/Drivers/STM32F3xx_HAL_Driver/Src/stm32f3xx_hal_i2c.o
 .text.I2C_RequestMemoryWrite
                0x0000000008003fc0       0x64 build/Drivers/STM32F3xx_HAL_Driver/Src/stm32f3xx_hal_i2c.o
 .text.I2C_RequestMemoryRead
                0x0000000008004024       0x62 build/Drivers/STM32F3xx_HAL_Driver/Src/stm32f3xx_hal_i2c.o
 .text.I2C_WaitOnSTOPFlagUntilTimeout
                0x0000000008004086       0x50 build/Drivers/STM32F3xx_HAL_Driver/Src/stm32f3xx_hal_i2c.o
 .text.HAL_I2C_MspInit
                0x00000000080040d6        0x2 build/Drivers/STM32F3xx_HAL_Driver/Src/stm32f3xx_hal_i2c.o
                0x00000000080040d6                HAL_I2C_MspInit
 .text.HAL_I2C_Init
                0x00000000080040d8       0x90 build/Drivers/STM32F3xx_HAL_Driver/Src/stm32f3xx_hal_i2c.o
                0x00000000080040d8                HAL_I2C_Init
 .text.HAL_I2C_MspDeInit
                0x0000000008004168        0x2 build/Drivers/STM32F3xx_HAL_Driver/Src/stm32f3xx_hal_i2c.o
                0x0000000008004168                HAL_I2C_MspDeInit
 .text.HAL_I2C_DeInit
                0x000000000800416a       0x2e build/Drivers/STM32F3xx_HAL_Driver/Src/stm32f3xx_hal_i2c.o
                0x000000000800416a                HAL_I2C_DeInit
 .text.HAL_I2C_Mem_Write
                0x0000000008004198       0xf8 build/Drivers/STM32F3xx_HAL_Driver/Src/stm32f3xx_hal_i2c.o
                0x0000000008004198                HAL_I2C_Mem_Write
 .text.HAL_I2C_Mem_Read
                0x0000000008004290      0x104 build/Drivers/STM32F3xx_HAL_Driver/Src/stm32f3xx_hal_i2c.o
                0x0000000008004290                HAL_I2C_Mem_Read
 .text.HAL_I2C_GetState
                0x0000000008004394        0x6 build/Drivers/STM32F3xx_HAL_Driver/Src/stm32f3xx_hal_i2c.o
                0x0000000008004394                HAL_I2C_GetState
 .text.SPI_WaitFlagStateUntilTimeout
                0x000000000800439a       0x8c build/Drivers/STM32F3xx_HAL_Driver/Src/stm32f3xx_hal_spi.o
 .text.SPI_WaitFifoStateUntilTimeout
                0x0000000008004426       0x9c build/Drivers/STM32F3xx_HAL_Driver/Src/stm32f3xx_hal_spi.o
 .text.SPI_EndRxTxTransaction
                0x00000000080044c2       0x42 build/Drivers/STM32F3xx_HAL_Driver/Src/stm32f3xx_hal_spi.o
 .text.HAL_SPI_MspInit
                0x0000000008004504        0x2 build/Drivers/STM32F3xx_HAL_Driver/Src/stm32f3xx_hal_spi.o
                0x0000000008004504                HAL_SPI_MspInit
 .text.HAL_SPI_Init
                0x0000000008004506       0xa6 build/Drivers/STM32F3xx_HAL_Driver/Src/stm32f3xx_hal_spi.o
                0x0000000008004506                HAL_SPI_Init
 .text.HAL_SPI_MspDeInit
                0x00000000080045ac        0x2 build/Drivers/STM32F3xx_HAL_Driver/Src/stm32f3xx_hal_spi.o
                0x00000000080045ac                HAL_SPI_MspDeInit
 .text.HAL_SPI_DeInit
                0x00000000080045ae       0x2e build/Drivers/STM32F3xx_HAL_Driver/Src/stm32f3xx_hal_spi.o
                0x00000000080045ae                HAL_SPI_DeInit
 .text.HAL_SPI_TransmitReceive
                0x00000000080045dc      0x29a build/Drivers/STM32F3xx_HAL_Driver/Src/stm32f3xx_hal_spi.o
                0x00000000080045dc                HAL_SPI_TransmitReceive
 .text.HAL_SPI_GetState
                0x0000000008004876        0x6 build/Drivers/STM32F3xx_HAL_Driver/Src/stm32f3xx_hal_spi.o
                0x0000000008004876                HAL_SPI_GetState
 .text.USBD_Init
                0x000000000800487c       0x2a build/Drivers/STM32_USB_Device_Library/Core/Src/usbd_core.o
                0x000000000800487c                USBD_Init
 .text.USBD_RegisterClass
                0x00000000080048a6        0xe build/Drivers/STM32_USB_Device_Library/Core/Src/usbd_core.o
                0x00000000080048a6                USBD_RegisterClass
 .text.USBD_Start
                0x00000000080048b4        0xa build/Drivers/STM32_USB_Device_Library/Core/Src/usbd_core.o
                0x00000000080048b4                USBD_Start
 .text.USBD_SetClassConfig
                0x00000000080048be       0x16 build/Drivers/STM32_USB_Device_Library/Core/Src/usbd_core.o
                0x00000000080048be                USBD_SetClassConfig
 .text.USBD_ClrClassConfig
                0x00000000080048d4        0xe build/Drivers/STM32_USB_Device_Library/Core/Src/usbd_core.o
                0x00000000080048d4                USBD_ClrClassConfig
 .text.USBD_LL_SetupStage
                0x00000000080048e2       0x5a build/Drivers/STM32_USB_Device_Library/Core/Src/usbd_core.o
                0x00000000080048e2                USBD_LL_SetupStage
 .text.USBD_LL_DataOutStage
                0x000000000800493c       0x60 build/Drivers/STM32_USB_Device_Library/Core/Src/usbd_core.o
                0x000000000800493c                USBD_LL_DataOutStage
 .text.USBD_LL_DataInStage
                0x000000000800499c       0x88 build/Drivers/STM32_USB_Device_Library/Core/Src/usbd_core.o
                0x000000000800499c                USBD_LL_DataInStage
 .text.USBD_LL_Reset
                0x0000000008004a24       0x3e build/Drivers/STM32_USB_Device_Library/Core/Src/usbd_core.o
                0x0000000008004a24                USBD_LL_Reset
 .text.USBD_LL_SetSpeed
                0x0000000008004a62        0x6 build/Drivers/STM32_USB_Device_Library/Core/Src/usbd_core.o
                0x0000000008004a62                USBD_LL_SetSpeed
 .text.USBD_LL_SOF
                0x0000000008004a68       0x18 build/Drivers/STM32_USB_Device_Library/Core/Src/usbd_core.o
                0x0000000008004a68                USBD_LL_SOF
 .text.USBD_ParseSetupRequest
                0x0000000008004a80       0x28 build/Drivers/STM32_USB_Device_Library/Core/Src/usbd_ctlreq.o
                0x0000000008004a80                USBD_ParseSetupRequest
 .text.USBD_CtlError
                0x0000000008004aa8       0x16 build/Drivers/STM32_USB_Device_Library/Core/Src/usbd_ctlreq.o
                0x0000000008004aa8                USBD_CtlError
 *fill*         0x0000000008004abe        0x2 
 .text.USBD_StdDevReq
                0x0000000008004ac0      0x218 build/Drivers/STM32_USB_Device_Library/Core/Src/usbd_ctlreq.o
                0x0000000008004ac0                USBD_StdDevReq
 .text.USBD_StdItfReq
                0x0000000008004cd8       0x30 build/Drivers/STM32_USB_Device_Library/Core/Src/usbd_ctlreq.o
                0x0000000008004cd8                USBD_StdItfReq
 .text.USBD_StdEPReq
                0x0000000008004d08       0xb2 build/Drivers/STM32_USB_Device_Library/Core/Src/usbd_ctlreq.o
                0x0000000008004d08                USBD_StdEPReq
 .text.USBD_GetString
                0x0000000008004dba       0x3a build/Drivers/STM32_USB_Device_Library/Core/Src/usbd_ctlreq.o
                0x0000000008004dba                USBD_GetString
 .text.USBD_CtlSendData
                0x0000000008004df4       0x1c build/Drivers/STM32_USB_Device_Library/Core/Src/usbd_ioreq.o
                0x0000000008004df4                USBD_CtlSendData
 .text.USBD_CtlContinueSendData
                0x0000000008004e10       0x12 build/Drivers/STM32_USB_Device_Library/Core/Src/usbd_ioreq.o
                0x0000000008004e10                USBD_CtlContinueSendData
 .text.USBD_CtlPrepareRx
                0x0000000008004e22       0x20 build/Drivers/STM32_USB_Device_Library/Core/Src/usbd_ioreq.o
                0x0000000008004e22                USBD_CtlPrepareRx
 .text.USBD_CtlContinueRx
                0x0000000008004e42       0x12 build/Drivers/STM32_USB_Device_Library/Core/Src/usbd_ioreq.o
                0x0000000008004e42                USBD_CtlContinueRx
 .text.USBD_CtlSendStatus
                0x0000000008004e54       0x16 build/Drivers/STM32_USB_Device_Library/Core/Src/usbd_ioreq.o
                0x0000000008004e54                USBD_CtlSendStatus
 .text.USBD_CtlReceiveStatus
                0x0000000008004e6a       0x16 build/Drivers/STM32_USB_Device_Library/Core/Src/usbd_ioreq.o
                0x0000000008004e6a                USBD_CtlReceiveStatus
 .text.USBD_CDC_DataIn
                0x0000000008004e80       0x12 build/Drivers/STM32_USB_Device_Library/Class/CDC/Src/usbd_cdc.o
 .text.USBD_CDC_EP0_RxReady
                0x0000000008004e92       0x28 build/Drivers/STM32_USB_Device_Library/Class/CDC/Src/usbd_cdc.o
 *fill*         0x0000000008004eba        0x2 
 .text.USBD_CDC_GetFSCfgDesc
                0x0000000008004ebc        0xc build/Drivers/STM32_USB_Device_Library/Class/CDC/Src/usbd_cdc.o
 .text.USBD_CDC_GetHSCfgDesc
                0x0000000008004ec8        0xc build/Drivers/STM32_USB_Device_Library/Class/CDC/Src/usbd_cdc.o
 .text.USBD_CDC_GetOtherSpeedCfgDesc
                0x0000000008004ed4        0xc build/Drivers/STM32_USB_Device_Library/Class/CDC/Src/usbd_cdc.o
 .text.USBD_CDC_GetDeviceQualifierDescriptor
                0x0000000008004ee0        0xc build/Drivers/STM32_USB_Device_Library/Class/CDC/Src/usbd_cdc.o
                0x0000000008004ee0                USBD_CDC_GetDeviceQualifierDescriptor
 .text.USBD_CDC_DataOut
                0x0000000008004eec       0x2e build/Drivers/STM32_USB_Device_Library/Class/CDC/Src/usbd_cdc.o
 .text.USBD_CDC_Setup
                0x0000000008004f1a       0x5a build/Drivers/STM32_USB_Device_Library/Class/CDC/Src/usbd_cdc.o
 .text.USBD_CDC_DeInit
                0x0000000008004f74       0x3a build/Drivers/STM32_USB_Device_Library/Class/CDC/Src/usbd_cdc.o
 .text.USBD_CDC_Init
                0x0000000008004fae       0x86 build/Drivers/STM32_USB_Device_Library/Class/CDC/Src/usbd_cdc.o
 .text.USBD_CDC_RegisterInterface
                0x0000000008005034        0xe build/Drivers/STM32_USB_Device_Library/Class/CDC/Src/usbd_cdc.o
                0x0000000008005034                USBD_CDC_RegisterInterface
 .text.USBD_CDC_SetTxBuffer
                0x0000000008005042       0x10 build/Drivers/STM32_USB_Device_Library/Class/CDC/Src/usbd_cdc.o
                0x0000000008005042                USBD_CDC_SetTxBuffer
 .text.USBD_CDC_SetRxBuffer
                0x0000000008005052        0xc build/Drivers/STM32_USB_Device_Library/Class/CDC/Src/usbd_cdc.o
                0x0000000008005052                USBD_CDC_SetRxBuffer
 .text.USBD_CDC_TransmitPacket
                0x000000000800505e       0x2e build/Drivers/STM32_USB_Device_Library/Class/CDC/Src/usbd_cdc.o
                0x000000000800505e                USBD_CDC_TransmitPacket
 .text.USBD_CDC_ReceivePacket
                0x000000000800508c       0x26 build/Drivers/STM32_USB_Device_Library/Class/CDC/Src/usbd_cdc.o
                0x000000000800508c                USBD_CDC_ReceivePacket
 *fill*         0x00000000080050b2        0x2 
 .text.HAL_PCD_MspInit
                0x00000000080050b4       0x9c build/usbd_conf.o
                0x00000000080050b4                HAL_PCD_MspInit
 .text.HAL_PCD_SetupStageCallback
                0x0000000008005150        0xe build/usbd_conf.o
                0x0000000008005150                HAL_PCD_SetupStageCallback
 .text.HAL_PCD_DataOutStageCallback
                0x000000000800515e       0x12 build/usbd_conf.o
                0x000000000800515e                HAL_PCD_DataOutStageCallback
 .text.HAL_PCD_DataInStageCallback
                0x0000000008005170       0x10 build/usbd_conf.o
                0x0000000008005170                HAL_PCD_DataInStageCallback
 .text.HAL_PCD_SOFCallback
                0x0000000008005180        0x8 build/usbd_conf.o
                0x0000000008005180                HAL_PCD_SOFCallback
 .text.HAL_PCD_ResetCallback
                0x0000000008005188       0x1a build/usbd_conf.o
                0x0000000008005188                HAL_PCD_ResetCallback
 .text.HAL_PCD_SuspendCallback
                0x00000000080051a2        0x2 build/usbd_conf.o
                0x00000000080051a2                HAL_PCD_SuspendCallback
 .text.HAL_PCD_ResumeCallback
                0x00000000080051a4        0x2 build/usbd_conf.o
                0x00000000080051a4                HAL_PCD_ResumeCallback
 *fill*         0x00000000080051a6        0x2 
 .text.USBD_LL_Init
                0x00000000080051a8       0x7c build/usbd_conf.o
                0x00000000080051a8                USBD_LL_Init
 .text.USBD_LL_Start
                0x0000000008005224        0xe build/usbd_conf.o
                0x0000000008005224                USBD_LL_Start
 .text.USBD_LL_OpenEP
                0x0000000008005232       0x14 build/usbd_conf.o
                0x0000000008005232                USBD_LL_OpenEP
 .text.USBD_LL_CloseEP
                0x0000000008005246        0xe build/usbd_conf.o
                0x0000000008005246                USBD_LL_CloseEP
 .text.USBD_LL_StallEP
                0x0000000008005254        0xe build/usbd_conf.o
                0x0000000008005254                USBD_LL_StallEP
 .text.USBD_LL_ClearStallEP
                0x0000000008005262        0xe build/usbd_conf.o
                0x0000000008005262                USBD_LL_ClearStallEP
 .text.USBD_LL_IsStallEP
                0x0000000008005270       0x26 build/usbd_conf.o
                0x0000000008005270                USBD_LL_IsStallEP
 .text.USBD_LL_SetUSBAddress
                0x0000000008005296        0xe build/usbd_conf.o
                0x0000000008005296                USBD_LL_SetUSBAddress
 .text.USBD_LL_Transmit
                0x00000000080052a4        0xe build/usbd_conf.o
                0x00000000080052a4                USBD_LL_Transmit
 .text.USBD_LL_PrepareReceive
                0x00000000080052b2        0xe build/usbd_conf.o
                0x00000000080052b2                USBD_LL_PrepareReceive
 .text.USBD_LL_GetRxDataSize
                0x00000000080052c0        0xc build/usbd_conf.o
                0x00000000080052c0                USBD_LL_GetRxDataSize
 .text.USBD_static_malloc
                0x00000000080052cc        0x8 build/usbd_conf.o
                0x00000000080052cc                USBD_static_malloc
 .text.USBD_static_free
                0x00000000080052d4        0x2 build/usbd_conf.o
                0x00000000080052d4                USBD_static_free
 *fill*         0x00000000080052d6        0x2 
 .text.USBD_VCP_DeviceDescriptor
                0x00000000080052d8        0xc build/usbd_desc.o
                0x00000000080052d8                USBD_VCP_DeviceDescriptor
 .text.USBD_VCP_LangIDStrDescriptor
                0x00000000080052e4        0xc build/usbd_desc.o
                0x00000000080052e4                USBD_VCP_LangIDStrDescriptor
 .text.IntToUnicode
                0x00000000080052f0       0x28 build/usbd_desc.o
 .text.USBD_VCP_SerialStrDescriptor
                0x0000000008005318       0x40 build/usbd_desc.o
                0x0000000008005318                USBD_VCP_SerialStrDescriptor
 .text.USBD_VCP_ProductStrDescriptor
                0x0000000008005358       0x1c build/usbd_desc.o
                0x0000000008005358                USBD_VCP_ProductStrDescriptor
 .text.USBD_VCP_ManufacturerStrDescriptor
                0x0000000008005374       0x1c build/usbd_desc.o
                0x0000000008005374                USBD_VCP_ManufacturerStrDescriptor
 .text.USBD_VCP_ConfigStrDescriptor
                0x0000000008005390       0x1c build/usbd_desc.o
                0x0000000008005390                USBD_VCP_ConfigStrDescriptor
 .text.USBD_VCP_InterfaceStrDescriptor
                0x00000000080053ac       0x1c build/usbd_desc.o
                0x00000000080053ac                USBD_VCP_InterfaceStrDescriptor
 .text.CDC_Itf_DeInit
                0x00000000080053c8        0x4 build/usbd_cdc_interface.o
 .text.CDC_Itf_Receive
                0x00000000080053cc       0x20 build/usbd_cdc_interface.o
 .text.CDC_Itf_Init
                0x00000000080053ec       0x18 build/usbd_cdc_interface.o
 .text.CDC_Itf_Control
                0x0000000008005404       0x58 build/usbd_cdc_interface.o
 .text.SPIx_Init
                0x000000000800545c       0x80 build/Drivers/BSP/STM32F3-Discovery/stm32f3_discovery.o
 .text.SPIx_WriteRead
                0x00000000080054dc       0x40 build/Drivers/BSP/STM32F3-Discovery/stm32f3_discovery.o
 .text.I2Cx_Init
                0x000000000800551c       0x6c build/Drivers/BSP/STM32F3-Discovery/stm32f3_discovery.o
 .text.BSP_LED_Init
                0x0000000008005588       0x68 build/Drivers/BSP/STM32F3-Discovery/stm32f3_discovery.o
                0x0000000008005588                BSP_LED_Init
 .text.BSP_LED_On
                0x00000000080055f0       0x1c build/Drivers/BSP/STM32F3-Discovery/stm32f3_discovery.o
                0x00000000080055f0                BSP_LED_On
 .text.BSP_LED_Off
                0x000000000800560c       0x1c build/Drivers/BSP/STM32F3-Discovery/stm32f3_discovery.o
                0x000000000800560c                BSP_LED_Off
 .text.BSP_LED_Toggle
                0x0000000008005628       0x1c build/Drivers/BSP/STM32F3-Discovery/stm32f3_discovery.o
                0x0000000008005628                BSP_LED_Toggle
 .text.BSP_PB_Init
                0x0000000008005644       0x74 build/Drivers/BSP/STM32F3-Discovery/stm32f3_discovery.o
                0x0000000008005644                BSP_PB_Init
 .text.BSP_PB_GetState
                0x00000000080056b8       0x14 build/Drivers/BSP/STM32F3-Discovery/stm32f3_discovery.o
                0x00000000080056b8                BSP_PB_GetState
 .text.GYRO_IO_Init
                0x00000000080056cc       0x68 build/Drivers/BSP/STM32F3-Discovery/stm32f3_discovery.o
                0x00000000080056cc                GYRO_IO_Init
 .text.GYRO_IO_Write
                0x0000000008005734       0x44 build/Drivers/BSP/STM32F3-Discovery/stm32f3_discovery.o
                0x0000000008005734                GYRO_IO_Write
 .text.GYRO_IO_Read
                0x0000000008005778       0x48 build/Drivers/BSP/STM32F3-Discovery/stm32f3_discovery.o
                0x0000000008005778                GYRO_IO_Read
 .text.COMPASSACCELERO_IO_Init
                0x00000000080057c0       0x64 build/Drivers/BSP/STM32F3-Discovery/stm32f3_discovery.o
                0x00000000080057c0                COMPASSACCELERO_IO_Init
 .text.COMPASSACCELERO_IO_ITConfig
                0x0000000008005824       0x48 build/Drivers/BSP/STM32F3-Discovery/stm32f3_discovery.o
                0x0000000008005824                COMPASSACCELERO_IO_ITConfig
 .text.COMPASSACCELERO_IO_Write
                0x000000000800586c       0x3c build/Drivers/BSP/STM32F3-Discovery/stm32f3_discovery.o
                0x000000000800586c                COMPASSACCELERO_IO_Write
 .text.COMPASSACCELERO_IO_Read
                0x00000000080058a8       0x40 build/Drivers/BSP/STM32F3-Discovery/stm32f3_discovery.o
                0x00000000080058a8                COMPASSACCELERO_IO_Read
 .text.BSP_ACCELERO_Init
                0x00000000080058e8       0x30 build/Drivers/BSP/STM32F3-Discovery/stm32f3_discovery_accelerometer.o
                0x00000000080058e8                BSP_ACCELERO_Init
 .text.BSP_ACCELERO_GetXYZ
                0x0000000008005918       0x10 build/Drivers/BSP/STM32F3-Discovery/stm32f3_discovery_accelerometer.o
                0x0000000008005918                BSP_ACCELERO_GetXYZ
 .text.BSP_GYRO_Init
                0x0000000008005928       0x44 build/Drivers/BSP/STM32F3-Discovery/stm32f3_discovery_gyroscope.o
                0x0000000008005928                BSP_GYRO_Init
 .text.BSP_GYRO_GetXYZ
                0x000000000800596c       0x10 build/Drivers/BSP/STM32F3-Discovery/stm32f3_discovery_gyroscope.o
                0x000000000800596c                BSP_GYRO_GetXYZ
 .text.LSM303DLHC_AccInit
                0x000000000800597c       0x20 build/Drivers/BSP/Components/lsm303dlhc/lsm303dlhc.o
                0x000000000800597c                LSM303DLHC_AccInit
 .text.LSM303DLHC_AccReadID
                0x000000000800599c       0x12 build/Drivers/BSP/Components/lsm303dlhc/lsm303dlhc.o
                0x000000000800599c                LSM303DLHC_AccReadID
 .text.LSM303DLHC_AccRebootCmd
                0x00000000080059ae       0x1c build/Drivers/BSP/Components/lsm303dlhc/lsm303dlhc.o
                0x00000000080059ae                LSM303DLHC_AccRebootCmd
 .text.LSM303DLHC_AccFilterConfig
                0x00000000080059ca       0x1e build/Drivers/BSP/Components/lsm303dlhc/lsm303dlhc.o
                0x00000000080059ca                LSM303DLHC_AccFilterConfig
 .text.LSM303DLHC_AccFilterCmd
                0x00000000080059e8       0x1e build/Drivers/BSP/Components/lsm303dlhc/lsm303dlhc.o
                0x00000000080059e8                LSM303DLHC_AccFilterCmd
 .text.LSM303DLHC_AccReadXYZ
                0x0000000008005a06       0xe6 build/Drivers/BSP/Components/lsm303dlhc/lsm303dlhc.o
                0x0000000008005a06                LSM303DLHC_AccReadXYZ
 .text.LSM303DLHC_AccFilterClickCmd
                0x0000000008005aec       0x1e build/Drivers/BSP/Components/lsm303dlhc/lsm303dlhc.o
                0x0000000008005aec                LSM303DLHC_AccFilterClickCmd
 .text.LSM303DLHC_AccIT1Enable
                0x0000000008005b0a       0x1e build/Drivers/BSP/Components/lsm303dlhc/lsm303dlhc.o
                0x0000000008005b0a                LSM303DLHC_AccIT1Enable
 .text.LSM303DLHC_AccClickITEnable
                0x0000000008005b28       0x46 build/Drivers/BSP/Components/lsm303dlhc/lsm303dlhc.o
                0x0000000008005b28                LSM303DLHC_AccClickITEnable
 .text.LSM303DLHC_AccZClickITConfig
                0x0000000008005b6e       0x1c build/Drivers/BSP/Components/lsm303dlhc/lsm303dlhc.o
                0x0000000008005b6e                LSM303DLHC_AccZClickITConfig
 .text.L3GD20_Init
                0x0000000008005b8a       0x32 build/Drivers/BSP/Components/l3gd20/l3gd20.o
                0x0000000008005b8a                L3GD20_Init
 .text.L3GD20_ReadID
                0x0000000008005bbc       0x1c build/Drivers/BSP/Components/l3gd20/l3gd20.o
                0x0000000008005bbc                L3GD20_ReadID
 .text.L3GD20_RebootCmd
                0x0000000008005bd8       0x2c build/Drivers/BSP/Components/l3gd20/l3gd20.o
                0x0000000008005bd8                L3GD20_RebootCmd
 .text.L3GD20_INT1InterruptConfig
                0x0000000008005c04       0x5c build/Drivers/BSP/Components/l3gd20/l3gd20.o
                0x0000000008005c04                L3GD20_INT1InterruptConfig
 .text.L3GD20_EnableIT
                0x0000000008005c60       0x40 build/Drivers/BSP/Components/l3gd20/l3gd20.o
                0x0000000008005c60                L3GD20_EnableIT
 .text.L3GD20_DisableIT
                0x0000000008005ca0       0x3c build/Drivers/BSP/Components/l3gd20/l3gd20.o
                0x0000000008005ca0                L3GD20_DisableIT
 .text.L3GD20_FilterConfig
                0x0000000008005cdc       0x2e build/Drivers/BSP/Components/l3gd20/l3gd20.o
                0x0000000008005cdc                L3GD20_FilterConfig
 .text.L3GD20_FilterCmd
                0x0000000008005d0a       0x2e build/Drivers/BSP/Components/l3gd20/l3gd20.o
                0x0000000008005d0a                L3GD20_FilterCmd
 .text.L3GD20_ReadXYZAngRate
                0x0000000008005d38       0xd8 build/Drivers/BSP/Components/l3gd20/l3gd20.o
                0x0000000008005d38                L3GD20_ReadXYZAngRate
 .text.Reset_Handler
                0x0000000008005e10       0x50 build/Drivers/CMSIS/Device/ST/STM32F3xx/Source/Templates/gcc/startup_stm32f303xc.o
                0x0000000008005e10                Reset_Handler
 .text.Default_Handler
                0x0000000008005e60        0x2 build/Drivers/CMSIS/Device/ST/STM32F3xx/Source/Templates/gcc/startup_stm32f303xc.o
                0x0000000008005e60                RTC_Alarm_IRQHandler
                0x0000000008005e60                TIM8_TRG_COM_IRQHandler
                0x0000000008005e60                TIM8_CC_IRQHandler
                0x0000000008005e60                DebugMon_Handler
                0x0000000008005e60                TIM1_CC_IRQHandler
                0x0000000008005e60                HardFault_Handler
                0x0000000008005e60                USB_HP_IRQHandler
                0x0000000008005e60                PVD_IRQHandler
                0x0000000008005e60                TAMP_STAMP_IRQHandler
                0x0000000008005e60                PendSV_Handler
                0x0000000008005e60                NMI_Handler
                0x0000000008005e60                EXTI3_IRQHandler
                0x0000000008005e60                USB_HP_CAN_TX_IRQHandler
                0x0000000008005e60                EXTI0_IRQHandler
                0x0000000008005e60                I2C2_EV_IRQHandler
                0x0000000008005e60                FPU_IRQHandler
                0x0000000008005e60                TIM1_UP_TIM16_IRQHandler
                0x0000000008005e60                UsageFault_Handler
                0x0000000008005e60                ADC1_2_IRQHandler
                0x0000000008005e60                SPI1_IRQHandler
                0x0000000008005e60                CAN_SCE_IRQHandler
                0x0000000008005e60                TIM6_DAC_IRQHandler
                0x0000000008005e60                TIM8_UP_IRQHandler
                0x0000000008005e60                DMA2_Channel2_IRQHandler
                0x0000000008005e60                DMA1_Channel4_IRQHandler
                0x0000000008005e60                USART3_IRQHandler
                0x0000000008005e60                DMA1_Channel7_IRQHandler
                0x0000000008005e60                UART5_IRQHandler
                0x0000000008005e60                ADC3_IRQHandler
                0x0000000008005e60                TIM4_IRQHandler
                0x0000000008005e60                CAN_RX1_IRQHandler
                0x0000000008005e60                DMA2_Channel1_IRQHandler
                0x0000000008005e60                I2C1_EV_IRQHandler
                0x0000000008005e60                DMA1_Channel6_IRQHandler
                0x0000000008005e60                UART4_IRQHandler
                0x0000000008005e60                DMA2_Channel4_IRQHandler
                0x0000000008005e60                TIM3_IRQHandler
                0x0000000008005e60                RCC_IRQHandler
                0x0000000008005e60                DMA1_Channel1_IRQHandler
                0x0000000008005e60                Default_Handler
                0x0000000008005e60                USBWakeUp_RMP_IRQHandler
                0x0000000008005e60                EXTI15_10_IRQHandler
                0x0000000008005e60                TIM7_IRQHandler
                0x0000000008005e60                EXTI9_5_IRQHandler
                0x0000000008005e60                RTC_WKUP_IRQHandler
                0x0000000008005e60                SPI2_IRQHandler
                0x0000000008005e60                MemManage_Handler
                0x0000000008005e60                SVC_Handler
                0x0000000008005e60                DMA2_Channel5_IRQHandler
                0x0000000008005e60                DMA1_Channel5_IRQHandler
                0x0000000008005e60                USB_LP_IRQHandler
                0x0000000008005e60                EXTI4_IRQHandler
                0x0000000008005e60                TIM1_TRG_COM_TIM17_IRQHandler
                0x0000000008005e60                DMA1_Channel3_IRQHandler
                0x0000000008005e60                ADC4_IRQHandler
                0x0000000008005e60                WWDG_IRQHandler
                0x0000000008005e60                TIM2_IRQHandler
                0x0000000008005e60                COMP7_IRQHandler
                0x0000000008005e60                COMP1_2_3_IRQHandler
                0x0000000008005e60                EXTI1_IRQHandler
                0x0000000008005e60                USART2_IRQHandler
                0x0000000008005e60                COMP4_5_6_IRQHandler
                0x0000000008005e60                I2C2_ER_IRQHandler
                0x0000000008005e60                DMA1_Channel2_IRQHandler
                0x0000000008005e60                TIM8_BRK_IRQHandler
                0x0000000008005e60                FLASH_IRQHandler
                0x0000000008005e60                BusFault_Handler
                0x0000000008005e60                USART1_IRQHandler
                0x0000000008005e60                SPI3_IRQHandler
                0x0000000008005e60                I2C1_ER_IRQHandler
                0x0000000008005e60                USBWakeUp_IRQHandler
                0x0000000008005e60                DMA2_Channel3_IRQHandler
                0x0000000008005e60                EXTI2_TSC_IRQHandler
                0x0000000008005e60                TIM1_BRK_TIM15_IRQHandler
 *fill*         0x0000000008005e62        0x2 
 .text.atexit   0x0000000008005e64        0xc /usr/lib/gcc/arm-none-eabi/4.9.3/../../../arm-none-eabi/lib/armv7e-m/fpu/libg.a(lib_a-atexit.o)
                0x0000000008005e64                atexit
 .text.__errno  0x0000000008005e70        0xc /usr/lib/gcc/arm-none-eabi/4.9.3/../../../arm-none-eabi/lib/armv7e-m/fpu/libg.a(lib_a-errno.o)
                0x0000000008005e70                __errno
 .text.__libc_fini_array
                0x0000000008005e7c       0x2c /usr/lib/gcc/arm-none-eabi/4.9.3/../../../arm-none-eabi/lib/armv7e-m/fpu/libg.a(lib_a-fini.o)
                0x0000000008005e7c                __libc_fini_array
 .text.__libc_init_array
                0x0000000008005ea8       0x50 /usr/lib/gcc/arm-none-eabi/4.9.3/../../../arm-none-eabi/lib/armv7e-m/fpu/libg.a(lib_a-init.o)
                0x0000000008005ea8                __libc_init_array
 .text.memset   0x0000000008005ef8       0x9c /usr/lib/gcc/arm-none-eabi/4.9.3/../../../arm-none-eabi/lib/armv7e-m/fpu/libg.a(lib_a-memset.o)
                0x0000000008005ef8                memset
 .text.printf   0x0000000008005f94       0x28 /usr/lib/gcc/arm-none-eabi/4.9.3/../../../arm-none-eabi/lib/armv7e-m/fpu/libg.a(lib_a-printf.o)
                0x0000000008005f94                printf
 .text.putchar  0x0000000008005fbc       0x14 /usr/lib/gcc/arm-none-eabi/4.9.3/../../../arm-none-eabi/lib/armv7e-m/fpu/libg.a(lib_a-putchar.o)
                0x0000000008005fbc                putchar
 .text._puts_r  0x0000000008005fd0       0x64 /usr/lib/gcc/arm-none-eabi/4.9.3/../../../arm-none-eabi/lib/armv7e-m/fpu/libg.a(lib_a-puts.o)
                0x0000000008005fd0                _puts_r
 .text.puts     0x0000000008006034       0x10 /usr/lib/gcc/arm-none-eabi/4.9.3/../../../arm-none-eabi/lib/armv7e-m/fpu/libg.a(lib_a-puts.o)
                0x0000000008006034                puts
 .text.setvbuf  0x0000000008006044       0xf8 /usr/lib/gcc/arm-none-eabi/4.9.3/../../../arm-none-eabi/lib/armv7e-m/fpu/libg.a(lib_a-setvbuf.o)
                0x0000000008006044                setvbuf
 .text.strcasecmp
                0x000000000800613c       0x44 /usr/lib/gcc/arm-none-eabi/4.9.3/../../../arm-none-eabi/lib/armv7e-m/fpu/libg.a(lib_a-strcasecmp.o)
                0x000000000800613c                strcasecmp
 .text.strcpy   0x0000000008006180       0xbc /usr/lib/gcc/arm-none-eabi/4.9.3/../../../arm-none-eabi/lib/armv7e-m/fpu/libg.a(lib_a-strcpy.o)
                0x0000000008006180                strcpy
 .text.strlen   0x000000000800623c       0x5c /usr/lib/gcc/arm-none-eabi/4.9.3/../../../arm-none-eabi/lib/armv7e-m/fpu/libg.a(lib_a-strlen.o)
                0x000000000800623c                strlen
 .text.strtok   0x0000000008006298       0x10 /usr/lib/gcc/arm-none-eabi/4.9.3/../../../arm-none-eabi/lib/armv7e-m/fpu/libg.a(lib_a-strtok.o)
                0x0000000008006298                strtok
 .text.__strtok_r
                0x00000000080062a8       0x64 /usr/lib/gcc/arm-none-eabi/4.9.3/../../../arm-none-eabi/lib/armv7e-m/fpu/libg.a(lib_a-strtok_r.o)
                0x00000000080062a8                __strtok_r
 .text._strtoul_r
                0x000000000800630c      0x128 /usr/lib/gcc/arm-none-eabi/4.9.3/../../../arm-none-eabi/lib/armv7e-m/fpu/libg.a(lib_a-strtoul.o)
                0x000000000800630c                _strtoul_r
 .text.strtoul  0x0000000008006434       0x18 /usr/lib/gcc/arm-none-eabi/4.9.3/../../../arm-none-eabi/lib/armv7e-m/fpu/libg.a(lib_a-strtoul.o)
                0x0000000008006434                strtoul
 *fill*         0x000000000800644c        0x4 
 .text._vfprintf_r
                0x0000000008006450     0x1428 /usr/lib/gcc/arm-none-eabi/4.9.3/../../../arm-none-eabi/lib/armv7e-m/fpu/libg.a(lib_a-vfprintf.o)
                0x0000000008006450                _vfprintf_r
 .text.__sbprintf
                0x0000000008007878       0x78 /usr/lib/gcc/arm-none-eabi/4.9.3/../../../arm-none-eabi/lib/armv7e-m/fpu/libg.a(lib_a-vfprintf.o)
 .text.__swsetup_r
                0x00000000080078f0       0xc4 /usr/lib/gcc/arm-none-eabi/4.9.3/../../../arm-none-eabi/lib/armv7e-m/fpu/libg.a(lib_a-wsetup.o)
                0x00000000080078f0                __swsetup_r
 .text.__register_exitproc
                0x00000000080079b4       0xa4 /usr/lib/gcc/arm-none-eabi/4.9.3/../../../arm-none-eabi/lib/armv7e-m/fpu/libg.a(lib_a-__atexit.o)
                0x00000000080079b4                __register_exitproc
 .text.startup.register_fini
                0x0000000008007a58       0x14 /usr/lib/gcc/arm-none-eabi/4.9.3/../../../arm-none-eabi/lib/armv7e-m/fpu/libg.a(lib_a-__call_atexit.o)
 .text.quorem   0x0000000008007a6c      0x12c /usr/lib/gcc/arm-none-eabi/4.9.3/../../../arm-none-eabi/lib/armv7e-m/fpu/libg.a(lib_a-dtoa.o)
 .text._dtoa_r  0x0000000008007b98      0xea8 /usr/lib/gcc/arm-none-eabi/4.9.3/../../../arm-none-eabi/lib/armv7e-m/fpu/libg.a(lib_a-dtoa.o)
                0x0000000008007b98                _dtoa_r
 .text.__sflush_r
                0x0000000008008a40      0x154 /usr/lib/gcc/arm-none-eabi/4.9.3/../../../arm-none-eabi/lib/armv7e-m/fpu/libg.a(lib_a-fflush.o)
                0x0000000008008a40                __sflush_r
 .text._fflush_r
                0x0000000008008b94       0x2c /usr/lib/gcc/arm-none-eabi/4.9.3/../../../arm-none-eabi/lib/armv7e-m/fpu/libg.a(lib_a-fflush.o)
                0x0000000008008b94                _fflush_r
 .text._cleanup_r
                0x0000000008008bc0        0xc /usr/lib/gcc/arm-none-eabi/4.9.3/../../../arm-none-eabi/lib/armv7e-m/fpu/libg.a(lib_a-findfp.o)
                0x0000000008008bc0                _cleanup_r
 .text.__sinit.part.1
                0x0000000008008bcc       0xf0 /usr/lib/gcc/arm-none-eabi/4.9.3/../../../arm-none-eabi/lib/armv7e-m/fpu/libg.a(lib_a-findfp.o)
 .text.__sinit  0x0000000008008cbc        0xc /usr/lib/gcc/arm-none-eabi/4.9.3/../../../arm-none-eabi/lib/armv7e-m/fpu/libg.a(lib_a-findfp.o)
                0x0000000008008cbc                __sinit
 .text.__sfp_lock_acquire
                0x0000000008008cc8        0x4 /usr/lib/gcc/arm-none-eabi/4.9.3/../../../arm-none-eabi/lib/armv7e-m/fpu/libg.a(lib_a-findfp.o)
                0x0000000008008cc8                __sfp_lock_acquire
 .text.__sfp_lock_release
                0x0000000008008ccc        0x4 /usr/lib/gcc/arm-none-eabi/4.9.3/../../../arm-none-eabi/lib/armv7e-m/fpu/libg.a(lib_a-findfp.o)
                0x0000000008008ccc                __sfp_lock_release
 .text._malloc_trim_r
                0x0000000008008cd0       0x9c /usr/lib/gcc/arm-none-eabi/4.9.3/../../../arm-none-eabi/lib/armv7e-m/fpu/libg.a(lib_a-freer.o)
                0x0000000008008cd0                _malloc_trim_r
 .text._free_r  0x0000000008008d6c      0x1b0 /usr/lib/gcc/arm-none-eabi/4.9.3/../../../arm-none-eabi/lib/armv7e-m/fpu/libg.a(lib_a-freer.o)
                0x0000000008008d6c                _free_r
 .text.__sfvwrite_r
                0x0000000008008f1c      0x318 /usr/lib/gcc/arm-none-eabi/4.9.3/../../../arm-none-eabi/lib/armv7e-m/fpu/libg.a(lib_a-fvwrite.o)
                0x0000000008008f1c                __sfvwrite_r
 .text._fwalk_reent
                0x0000000008009234       0x54 /usr/lib/gcc/arm-none-eabi/4.9.3/../../../arm-none-eabi/lib/armv7e-m/fpu/libg.a(lib_a-fwalk.o)
                0x0000000008009234                _fwalk_reent
 .text.__locale_charset
                0x0000000008009288        0x8 /usr/lib/gcc/arm-none-eabi/4.9.3/../../../arm-none-eabi/lib/armv7e-m/fpu/libg.a(lib_a-locale.o)
                0x0000000008009288                __locale_charset
 .text.__locale_mb_cur_max
                0x0000000008009290        0xc /usr/lib/gcc/arm-none-eabi/4.9.3/../../../arm-none-eabi/lib/armv7e-m/fpu/libg.a(lib_a-locale.o)
                0x0000000008009290                __locale_mb_cur_max
 .text._localeconv_r
                0x000000000800929c        0x8 /usr/lib/gcc/arm-none-eabi/4.9.3/../../../arm-none-eabi/lib/armv7e-m/fpu/libg.a(lib_a-locale.o)
                0x000000000800929c                _localeconv_r
 .text.__smakebuf_r
                0x00000000080092a4       0xe0 /usr/lib/gcc/arm-none-eabi/4.9.3/../../../arm-none-eabi/lib/armv7e-m/fpu/libg.a(lib_a-makebuf.o)
                0x00000000080092a4                __smakebuf_r
 .text.malloc   0x0000000008009384       0x10 /usr/lib/gcc/arm-none-eabi/4.9.3/../../../arm-none-eabi/lib/armv7e-m/fpu/libg.a(lib_a-malloc.o)
                0x0000000008009384                malloc
 .text._malloc_r
                0x0000000008009394      0x524 /usr/lib/gcc/arm-none-eabi/4.9.3/../../../arm-none-eabi/lib/armv7e-m/fpu/libg.a(lib_a-mallocr.o)
                0x0000000008009394                _malloc_r
 .text.memchr   0x00000000080098b8       0x94 /usr/lib/gcc/arm-none-eabi/4.9.3/../../../arm-none-eabi/lib/armv7e-m/fpu/libg.a(lib_a-memchr.o)
                0x00000000080098b8                memchr
 .text.memmove  0x000000000800994c       0xc8 /usr/lib/gcc/arm-none-eabi/4.9.3/../../../arm-none-eabi/lib/armv7e-m/fpu/libg.a(lib_a-memmove.o)
                0x000000000800994c                memmove
 .text.__malloc_lock
                0x0000000008009a14        0x4 /usr/lib/gcc/arm-none-eabi/4.9.3/../../../arm-none-eabi/lib/armv7e-m/fpu/libg.a(lib_a-mlock.o)
                0x0000000008009a14                __malloc_lock
 .text.__malloc_unlock
                0x0000000008009a18        0x4 /usr/lib/gcc/arm-none-eabi/4.9.3/../../../arm-none-eabi/lib/armv7e-m/fpu/libg.a(lib_a-mlock.o)
                0x0000000008009a18                __malloc_unlock
 .text._Balloc  0x0000000008009a1c       0x4c /usr/lib/gcc/arm-none-eabi/4.9.3/../../../arm-none-eabi/lib/armv7e-m/fpu/libg.a(lib_a-mprec.o)
                0x0000000008009a1c                _Balloc
 .text._Bfree   0x0000000008009a68       0x14 /usr/lib/gcc/arm-none-eabi/4.9.3/../../../arm-none-eabi/lib/armv7e-m/fpu/libg.a(lib_a-mprec.o)
                0x0000000008009a68                _Bfree
 .text.__multadd
                0x0000000008009a7c       0x84 /usr/lib/gcc/arm-none-eabi/4.9.3/../../../arm-none-eabi/lib/armv7e-m/fpu/libg.a(lib_a-mprec.o)
                0x0000000008009a7c                __multadd
 .text.__hi0bits
                0x0000000008009b00       0x40 /usr/lib/gcc/arm-none-eabi/4.9.3/../../../arm-none-eabi/lib/armv7e-m/fpu/libg.a(lib_a-mprec.o)
                0x0000000008009b00                __hi0bits
 .text.__lo0bits
                0x0000000008009b40       0x5c /usr/lib/gcc/arm-none-eabi/4.9.3/../../../arm-none-eabi/lib/armv7e-m/fpu/libg.a(lib_a-mprec.o)
                0x0000000008009b40                __lo0bits
 .text.__i2b    0x0000000008009b9c       0x14 /usr/lib/gcc/arm-none-eabi/4.9.3/../../../arm-none-eabi/lib/armv7e-m/fpu/libg.a(lib_a-mprec.o)
                0x0000000008009b9c                __i2b
 .text.__multiply
                0x0000000008009bb0      0x134 /usr/lib/gcc/arm-none-eabi/4.9.3/../../../arm-none-eabi/lib/armv7e-m/fpu/libg.a(lib_a-mprec.o)
                0x0000000008009bb0                __multiply
 .text.__pow5mult
                0x0000000008009ce4       0xa0 /usr/lib/gcc/arm-none-eabi/4.9.3/../../../arm-none-eabi/lib/armv7e-m/fpu/libg.a(lib_a-mprec.o)
                0x0000000008009ce4                __pow5mult
 .text.__lshift
                0x0000000008009d84       0xac /usr/lib/gcc/arm-none-eabi/4.9.3/../../../arm-none-eabi/lib/armv7e-m/fpu/libg.a(lib_a-mprec.o)
                0x0000000008009d84                __lshift
 .text.__mcmp   0x0000000008009e30       0x48 /usr/lib/gcc/arm-none-eabi/4.9.3/../../../arm-none-eabi/lib/armv7e-m/fpu/libg.a(lib_a-mprec.o)
                0x0000000008009e30                __mcmp
 .text.__mdiff  0x0000000008009e78       0xd4 /usr/lib/gcc/arm-none-eabi/4.9.3/../../../arm-none-eabi/lib/armv7e-m/fpu/libg.a(lib_a-mprec.o)
                0x0000000008009e78                __mdiff
 .text.__d2b    0x0000000008009f4c       0xbc /usr/lib/gcc/arm-none-eabi/4.9.3/../../../arm-none-eabi/lib/armv7e-m/fpu/libg.a(lib_a-mprec.o)
                0x0000000008009f4c                __d2b
 .text._putc_r  0x000000000800a008       0x58 /usr/lib/gcc/arm-none-eabi/4.9.3/../../../arm-none-eabi/lib/armv7e-m/fpu/libg.a(lib_a-putc.o)
                0x000000000800a008                _putc_r
 .text._realloc_r
                0x000000000800a060      0x3ec /usr/lib/gcc/arm-none-eabi/4.9.3/../../../arm-none-eabi/lib/armv7e-m/fpu/libg.a(lib_a-reallocr.o)
                0x000000000800a060                _realloc_r
 .text.__fpclassifyd
                0x000000000800a44c       0x5c /usr/lib/gcc/arm-none-eabi/4.9.3/../../../arm-none-eabi/lib/armv7e-m/fpu/libg.a(lib_a-s_fpclassify.o)
                0x000000000800a44c                __fpclassifyd
 .text.__sread  0x000000000800a4a8       0x24 /usr/lib/gcc/arm-none-eabi/4.9.3/../../../arm-none-eabi/lib/armv7e-m/fpu/libg.a(lib_a-stdio.o)
                0x000000000800a4a8                __sread
 .text.__swrite
                0x000000000800a4cc       0x38 /usr/lib/gcc/arm-none-eabi/4.9.3/../../../arm-none-eabi/lib/armv7e-m/fpu/libg.a(lib_a-stdio.o)
                0x000000000800a4cc                __swrite
 .text.__sseek  0x000000000800a504       0x20 /usr/lib/gcc/arm-none-eabi/4.9.3/../../../arm-none-eabi/lib/armv7e-m/fpu/libg.a(lib_a-stdio.o)
                0x000000000800a504                __sseek
 .text.__sclose
                0x000000000800a524        0x8 /usr/lib/gcc/arm-none-eabi/4.9.3/../../../arm-none-eabi/lib/armv7e-m/fpu/libg.a(lib_a-stdio.o)
                0x000000000800a524                __sclose
 .text.__sprint_r.part.0
                0x000000000800a52c       0x78 /usr/lib/gcc/arm-none-eabi/4.9.3/../../../arm-none-eabi/lib/armv7e-m/fpu/libg.a(lib_a-vfiprintf.o)
 .text.__sprint_r
                0x000000000800a5a4       0x18 /usr/lib/gcc/arm-none-eabi/4.9.3/../../../arm-none-eabi/lib/armv7e-m/fpu/libg.a(lib_a-vfiprintf.o)
                0x000000000800a5a4                __sprint_r
 .text.__swbuf_r
                0x000000000800a5bc       0xa8 /usr/lib/gcc/arm-none-eabi/4.9.3/../../../arm-none-eabi/lib/armv7e-m/fpu/libg.a(lib_a-wbuf.o)
                0x000000000800a5bc                __swbuf_r
 .text._calloc_r
                0x000000000800a664       0x60 /usr/lib/gcc/arm-none-eabi/4.9.3/../../../arm-none-eabi/lib/armv7e-m/fpu/libg.a(lib_a-callocr.o)
                0x000000000800a664                _calloc_r
 .text._fclose_r
                0x000000000800a6c4       0x84 /usr/lib/gcc/arm-none-eabi/4.9.3/../../../arm-none-eabi/lib/armv7e-m/fpu/libg.a(lib_a-fclose.o)
                0x000000000800a6c4                _fclose_r
 .text.__fputwc
                0x000000000800a748       0xb0 /usr/lib/gcc/arm-none-eabi/4.9.3/../../../arm-none-eabi/lib/armv7e-m/fpu/libg.a(lib_a-fputwc.o)
                0x000000000800a748                __fputwc
 .text._fputwc_r
                0x000000000800a7f8       0x24 /usr/lib/gcc/arm-none-eabi/4.9.3/../../../arm-none-eabi/lib/armv7e-m/fpu/libg.a(lib_a-fputwc.o)
                0x000000000800a7f8                _fputwc_r
 .text._wcrtomb_r
                0x000000000800a81c       0x54 /usr/lib/gcc/arm-none-eabi/4.9.3/../../../arm-none-eabi/lib/armv7e-m/fpu/libg.a(lib_a-wcrtomb.o)
                0x000000000800a81c                _wcrtomb_r
 .text.__ascii_wctomb
                0x000000000800a870       0x1c /usr/lib/gcc/arm-none-eabi/4.9.3/../../../arm-none-eabi/lib/armv7e-m/fpu/libg.a(lib_a-wctomb_r.o)
                0x000000000800a870                __ascii_wctomb
 *(.glue_7)
 .glue_7        0x000000000800a88c        0x0 linker stubs
 *(.glue_7t)
 .glue_7t       0x000000000800a88c        0x0 linker stubs
 *(.eh_frame)
 .eh_frame      0x000000000800a88c        0x0 /usr/lib/gcc/arm-none-eabi/4.9.3/armv7e-m/fpu/crtbegin.o
 *(.init)
 .init          0x000000000800a88c        0x4 /usr/lib/gcc/arm-none-eabi/4.9.3/armv7e-m/fpu/crti.o
                0x000000000800a88c                _init
 .init          0x000000000800a890        0x8 /usr/lib/gcc/arm-none-eabi/4.9.3/armv7e-m/fpu/crtn.o
 *(.fini)
 .fini          0x000000000800a898        0x4 /usr/lib/gcc/arm-none-eabi/4.9.3/armv7e-m/fpu/crti.o
                0x000000000800a898                _fini
 .fini          0x000000000800a89c        0x8 /usr/lib/gcc/arm-none-eabi/4.9.3/armv7e-m/fpu/crtn.o
                0x000000000800a8a4                . = ALIGN (0x4)
                0x000000000800a8a4                _etext = .

.vfp11_veneer   0x000000000800a8a4        0x0
 .vfp11_veneer  0x000000000800a8a4        0x0 linker stubs

.v4_bx          0x000000000800a8a4        0x0
 .v4_bx         0x000000000800a8a4        0x0 linker stubs

.iplt           0x000000000800a8a4        0x0
 .iplt          0x000000000800a8a4        0x0 /usr/lib/gcc/arm-none-eabi/4.9.3/armv7e-m/fpu/crtbegin.o

.rodata         0x000000000800a8a8     0xf878
                0x000000000800a8a8                . = ALIGN (0x4)
 *(.rodata)
 .rodata        0x000000000800a8a8      0x494 build/decoder/STM32F30x_decoder.o
 *(.rodata*)
 .rodata.str1.1
                0x000000000800ad3c      0x1f3 build/main.o
                                        0x1fa (size before relaxing)
 .rodata.LEDs   0x000000000800af2f        0x8 build/main.o
                0x000000000800af2f                LEDs
 .rodata.str1.1
                0x000000000800af37       0x4b build/monitor.o
                                         0x4d (size before relaxing)
 .rodata.__FUNCTION__.10203
                0x000000000800af82        0x6 build/parser.o
 .rodata.str1.1
                0x000000000800af88       0xe1 build/parser.o
                                         0xe4 (size before relaxing)
 .rodata.str1.1
                0x000000000800b069      0x1fc build/dump.o
                                        0x1fe (size before relaxing)
 .rodata.str1.1
                0x000000000800b265       0xaa build/terminal.o
                                         0xac (size before relaxing)
 .rodata.str1.1
                0x000000000800b30f      0x51a build/decoder/decoder.o
                                        0x529 (size before relaxing)
 *fill*         0x000000000800b829        0x3 
 .rodata.DMA1_registers
                0x000000000800b82c      0x1e0 build/decoder/STM32F30x_decoder.o
                0x000000000800b82c                DMA1_registers
 .rodata.SPI1_DR_fields
                0x000000000800ba0c        0x8 build/decoder/STM32F30x_decoder.o
                0x000000000800ba0c                SPI1_DR_fields
 .rodata.ADC1_2_CSR_fields
                0x000000000800ba14       0xb0 build/decoder/STM32F30x_decoder.o
                0x000000000800ba14                ADC1_2_CSR_fields
 .rodata.USB_FS_USB_EP3R_fields
                0x000000000800bac4       0x50 build/decoder/STM32F30x_decoder.o
                0x000000000800bac4                USB_FS_USB_EP3R_fields
 .rodata.GPIOB_PUPDR_fields
                0x000000000800bb14       0x80 build/decoder/STM32F30x_decoder.o
                0x000000000800bb14                GPIOB_PUPDR_fields
 .rodata.TSC_IOG8CR_fields
                0x000000000800bb94        0x8 build/decoder/STM32F30x_decoder.o
                0x000000000800bb94                TSC_IOG8CR_fields
 .rodata.TIM1_CCMR3_Output_fields
                0x000000000800bb9c       0x50 build/decoder/STM32F30x_decoder.o
                0x000000000800bb9c                TIM1_CCMR3_Output_fields
 .rodata.TIM1_SMCR_fields
                0x000000000800bbec       0x48 build/decoder/STM32F30x_decoder.o
                0x000000000800bbec                TIM1_SMCR_fields
 .rodata.RTC_SHIFTR_fields
                0x000000000800bc34       0x10 build/decoder/STM32F30x_decoder.o
                0x000000000800bc34                RTC_SHIFTR_fields
 .rodata.CAN_F24R1_fields
                0x000000000800bc44      0x100 build/decoder/STM32F30x_decoder.o
                0x000000000800bc44                CAN_F24R1_fields
 .rodata.RTC_TSDR_fields
                0x000000000800bd44       0x28 build/decoder/STM32F30x_decoder.o
                0x000000000800bd44                RTC_TSDR_fields
 .rodata.RTC_BKP22R_fields
                0x000000000800bd6c        0x8 build/decoder/STM32F30x_decoder.o
                0x000000000800bd6c                RTC_BKP22R_fields
 .rodata.TIM1_CCMR2_Output_fields
                0x000000000800bd74       0x60 build/decoder/STM32F30x_decoder.o
                0x000000000800bd74                TIM1_CCMR2_Output_fields
 .rodata.TIM17_RCR_fields
                0x000000000800bdd4        0x8 build/decoder/STM32F30x_decoder.o
                0x000000000800bdd4                TIM17_RCR_fields
 .rodata.EXTI_EMR1_fields
                0x000000000800bddc      0x100 build/decoder/STM32F30x_decoder.o
                0x000000000800bddc                EXTI_EMR1_fields
 .rodata.USB_FS_ISTR_fields
                0x000000000800bedc       0x50 build/decoder/STM32F30x_decoder.o
                0x000000000800bedc                USB_FS_ISTR_fields
 .rodata.I2C1_ICR_fields
                0x000000000800bf2c       0x48 build/decoder/STM32F30x_decoder.o
                0x000000000800bf2c                I2C1_ICR_fields
 .rodata.TIM16_ARR_fields
                0x000000000800bf74        0x8 build/decoder/STM32F30x_decoder.o
                0x000000000800bf74                TIM16_ARR_fields
 .rodata.RTC_ISR_fields
                0x000000000800bf7c       0x88 build/decoder/STM32F30x_decoder.o
                0x000000000800bf7c                RTC_ISR_fields
 .rodata.RTC_BKP27R_fields
                0x000000000800c004        0x8 build/decoder/STM32F30x_decoder.o
                0x000000000800c004                RTC_BKP27R_fields
 .rodata.TIM8_CCR6_fields
                0x000000000800c00c        0x8 build/decoder/STM32F30x_decoder.o
                0x000000000800c00c                TIM8_CCR6_fields
 .rodata.TIM17_BDTR_fields
                0x000000000800c014       0x48 build/decoder/STM32F30x_decoder.o
                0x000000000800c014                TIM17_BDTR_fields
 .rodata.TIM8_CCMR1_Input_fields
                0x000000000800c05c       0x30 build/decoder/STM32F30x_decoder.o
                0x000000000800c05c                TIM8_CCMR1_Input_fields
 .rodata.DAC_registers
                0x000000000800c08c       0xe0 build/decoder/STM32F30x_decoder.o
                0x000000000800c08c                DAC_registers
 .rodata.IWDG_WINR_fields
                0x000000000800c16c        0x8 build/decoder/STM32F30x_decoder.o
                0x000000000800c16c                IWDG_WINR_fields
 .rodata.CAN_F19R2_fields
                0x000000000800c174      0x100 build/decoder/STM32F30x_decoder.o
                0x000000000800c174                CAN_F19R2_fields
 .rodata.CAN_RF1R_fields
                0x000000000800c274       0x20 build/decoder/STM32F30x_decoder.o
                0x000000000800c274                CAN_RF1R_fields
 .rodata.RTC_CALR_fields
                0x000000000800c294       0x20 build/decoder/STM32F30x_decoder.o
                0x000000000800c294                RTC_CALR_fields
 .rodata.TIM2_SR_fields
                0x000000000800c2b4       0x50 build/decoder/STM32F30x_decoder.o
                0x000000000800c2b4                TIM2_SR_fields
 .rodata.SYSCFG_EXTICR2_fields
                0x000000000800c304       0x20 build/decoder/STM32F30x_decoder.o
                0x000000000800c304                SYSCFG_EXTICR2_fields
 .rodata.CAN_MCR_fields
                0x000000000800c324       0x50 build/decoder/STM32F30x_decoder.o
                0x000000000800c324                CAN_MCR_fields
 .rodata.TIM17_SR_fields
                0x000000000800c374       0x30 build/decoder/STM32F30x_decoder.o
                0x000000000800c374                TIM17_SR_fields
 .rodata.USART1_GTPR_fields
                0x000000000800c3a4       0x10 build/decoder/STM32F30x_decoder.o
                0x000000000800c3a4                USART1_GTPR_fields
 .rodata.DAC_DOR1_fields
                0x000000000800c3b4        0x8 build/decoder/STM32F30x_decoder.o
                0x000000000800c3b4                DAC_DOR1_fields
 .rodata.CAN_F1R1_fields
                0x000000000800c3bc      0x100 build/decoder/STM32F30x_decoder.o
                0x000000000800c3bc                CAN_F1R1_fields
 .rodata.CAN_FA1R_fields
                0x000000000800c4bc       0xe0 build/decoder/STM32F30x_decoder.o
                0x000000000800c4bc                CAN_FA1R_fields
 .rodata.RTC_BKP6R_fields
                0x000000000800c59c        0x8 build/decoder/STM32F30x_decoder.o
                0x000000000800c59c                RTC_BKP6R_fields
 .rodata.RCC_CFGR_fields
                0x000000000800c5a4       0x60 build/decoder/STM32F30x_decoder.o
                0x000000000800c5a4                RCC_CFGR_fields
 .rodata.PWR_CR_fields
                0x000000000800c604       0x38 build/decoder/STM32F30x_decoder.o
                0x000000000800c604                PWR_CR_fields
 .rodata.NVIC_ISER0_fields
                0x000000000800c63c        0x8 build/decoder/STM32F30x_decoder.o
                0x000000000800c63c                NVIC_ISER0_fields
 .rodata.DMA1_CPAR7_fields
                0x000000000800c644        0x8 build/decoder/STM32F30x_decoder.o
                0x000000000800c644                DMA1_CPAR7_fields
 .rodata.TSC_IOHCR_fields
                0x000000000800c64c      0x100 build/decoder/STM32F30x_decoder.o
                0x000000000800c64c                TSC_IOHCR_fields
 .rodata.CAN_F27R1_fields
                0x000000000800c74c      0x100 build/decoder/STM32F30x_decoder.o
                0x000000000800c74c                CAN_F27R1_fields
 .rodata.TIM6_ARR_fields
                0x000000000800c84c        0x8 build/decoder/STM32F30x_decoder.o
                0x000000000800c84c                TIM6_ARR_fields
 .rodata.CAN_F12R1_fields
                0x000000000800c854      0x100 build/decoder/STM32F30x_decoder.o
                0x000000000800c854                CAN_F12R1_fields
 .rodata.TIM15_DCR_fields
                0x000000000800c954       0x10 build/decoder/STM32F30x_decoder.o
                0x000000000800c954                TIM15_DCR_fields
 .rodata.NVIC_IPR18_fields
                0x000000000800c964       0x20 build/decoder/STM32F30x_decoder.o
                0x000000000800c964                NVIC_IPR18_fields
 .rodata.RTC_BKP13R_fields
                0x000000000800c984        0x8 build/decoder/STM32F30x_decoder.o
                0x000000000800c984                RTC_BKP13R_fields
 .rodata.CAN_BTR_fields
                0x000000000800c98c       0x30 build/decoder/STM32F30x_decoder.o
                0x000000000800c98c                CAN_BTR_fields
 .rodata.TIM15_BDTR_fields
                0x000000000800c9bc       0x48 build/decoder/STM32F30x_decoder.o
                0x000000000800c9bc                TIM15_BDTR_fields
 .rodata.NVIC_IPR1_fields
                0x000000000800ca04       0x20 build/decoder/STM32F30x_decoder.o
                0x000000000800ca04                NVIC_IPR1_fields
 .rodata.TIM15_PSC_fields
                0x000000000800ca24        0x8 build/decoder/STM32F30x_decoder.o
                0x000000000800ca24                TIM15_PSC_fields
 .rodata.Flash_ACR_fields
                0x000000000800ca2c       0x18 build/decoder/STM32F30x_decoder.o
                0x000000000800ca2c                Flash_ACR_fields
 .rodata.TIM17_CCMR1_Output_fields
                0x000000000800ca44       0x28 build/decoder/STM32F30x_decoder.o
                0x000000000800ca44                TIM17_CCMR1_Output_fields
 .rodata.TIM2_ARR_fields
                0x000000000800ca6c       0x10 build/decoder/STM32F30x_decoder.o
                0x000000000800ca6c                TIM2_ARR_fields
 .rodata.Flash_registers
                0x000000000800ca7c       0x80 build/decoder/STM32F30x_decoder.o
                0x000000000800ca7c                Flash_registers
 .rodata.CAN_TDH0R_fields
                0x000000000800cafc       0x20 build/decoder/STM32F30x_decoder.o
                0x000000000800cafc                CAN_TDH0R_fields
 .rodata.TIM1_DCR_fields
                0x000000000800cb1c       0x10 build/decoder/STM32F30x_decoder.o
                0x000000000800cb1c                TIM1_DCR_fields
 .rodata.CAN_TI2R_fields
                0x000000000800cb2c       0x28 build/decoder/STM32F30x_decoder.o
                0x000000000800cb2c                CAN_TI2R_fields
 .rodata.ADC1_IER_fields
                0x000000000800cb54       0x58 build/decoder/STM32F30x_decoder.o
                0x000000000800cb54                ADC1_IER_fields
 .rodata.NVIC_ICPR2_fields
                0x000000000800cbac        0x8 build/decoder/STM32F30x_decoder.o
                0x000000000800cbac                NVIC_ICPR2_fields
 .rodata.EXTI_IMR1_fields
                0x000000000800cbb4      0x100 build/decoder/STM32F30x_decoder.o
                0x000000000800cbb4                EXTI_IMR1_fields
 .rodata.TSC_IOASCR_fields
                0x000000000800ccb4      0x100 build/decoder/STM32F30x_decoder.o
                0x000000000800ccb4                TSC_IOASCR_fields
 .rodata.RCC_CFGR2_fields
                0x000000000800cdb4       0x18 build/decoder/STM32F30x_decoder.o
                0x000000000800cdb4                RCC_CFGR2_fields
 .rodata.TIM1_PSC_fields
                0x000000000800cdcc        0x8 build/decoder/STM32F30x_decoder.o
                0x000000000800cdcc                TIM1_PSC_fields
 .rodata.Flash_KEYR_fields
                0x000000000800cdd4        0x8 build/decoder/STM32F30x_decoder.o
                0x000000000800cdd4                Flash_KEYR_fields
 .rodata.TIM8_CR2_fields
                0x000000000800cddc       0x78 build/decoder/STM32F30x_decoder.o
                0x000000000800cddc                TIM8_CR2_fields
 .rodata.ADC1_CFGR_fields
                0x000000000800ce54       0x98 build/decoder/STM32F30x_decoder.o
                0x000000000800ce54                ADC1_CFGR_fields
 .rodata.TIM17_EGR_fields
                0x000000000800ceec       0x28 build/decoder/STM32F30x_decoder.o
                0x000000000800ceec                TIM17_EGR_fields
 .rodata.TSC_IOGCSR_fields
                0x000000000800cf14       0x80 build/decoder/STM32F30x_decoder.o
                0x000000000800cf14                TSC_IOGCSR_fields
 .rodata.NVIC_IPR0_fields
                0x000000000800cf94       0x20 build/decoder/STM32F30x_decoder.o
                0x000000000800cf94                NVIC_IPR0_fields
 .rodata.NVIC_IPR8_fields
                0x000000000800cfb4       0x20 build/decoder/STM32F30x_decoder.o
                0x000000000800cfb4                NVIC_IPR8_fields
 .rodata.RTC_WUTR_fields
                0x000000000800cfd4        0x8 build/decoder/STM32F30x_decoder.o
                0x000000000800cfd4                RTC_WUTR_fields
 .rodata.GPIOB_OSPEEDR_fields
                0x000000000800cfdc       0x80 build/decoder/STM32F30x_decoder.o
                0x000000000800cfdc                GPIOB_OSPEEDR_fields
 .rodata.ADC1_ISR_fields
                0x000000000800d05c       0x58 build/decoder/STM32F30x_decoder.o
                0x000000000800d05c                ADC1_ISR_fields
 .rodata.NVIC_ICER1_fields
                0x000000000800d0b4        0x8 build/decoder/STM32F30x_decoder.o
                0x000000000800d0b4                NVIC_ICER1_fields
 .rodata.RTC_BKP7R_fields
                0x000000000800d0bc        0x8 build/decoder/STM32F30x_decoder.o
                0x000000000800d0bc                RTC_BKP7R_fields
 .rodata.CAN_RF0R_fields
                0x000000000800d0c4       0x20 build/decoder/STM32F30x_decoder.o
                0x000000000800d0c4                CAN_RF0R_fields
 .rodata.CAN_FS1R_fields
                0x000000000800d0e4       0xe0 build/decoder/STM32F30x_decoder.o
                0x000000000800d0e4                CAN_FS1R_fields
 .rodata.GPIOA_AFRL_fields
                0x000000000800d1c4       0x40 build/decoder/STM32F30x_decoder.o
                0x000000000800d1c4                GPIOA_AFRL_fields
 .rodata.DMA1_CMAR3_fields
                0x000000000800d204        0x8 build/decoder/STM32F30x_decoder.o
                0x000000000800d204                DMA1_CMAR3_fields
 .rodata.ADC1_SQR1_fields
                0x000000000800d20c       0x28 build/decoder/STM32F30x_decoder.o
                0x000000000800d20c                ADC1_SQR1_fields
 .rodata.CAN_F15R2_fields
                0x000000000800d234      0x100 build/decoder/STM32F30x_decoder.o
                0x000000000800d234                CAN_F15R2_fields
 .rodata.TIM2_DMAR_fields
                0x000000000800d334        0x8 build/decoder/STM32F30x_decoder.o
                0x000000000800d334                TIM2_DMAR_fields
 .rodata.I2C1_TIMEOUTR_fields
                0x000000000800d33c       0x28 build/decoder/STM32F30x_decoder.o
                0x000000000800d33c                I2C1_TIMEOUTR_fields
 .rodata.GPIOB_LCKR_fields
                0x000000000800d364       0x88 build/decoder/STM32F30x_decoder.o
                0x000000000800d364                GPIOB_LCKR_fields
 .rodata.DAC_DHR8R1_fields
                0x000000000800d3ec        0x8 build/decoder/STM32F30x_decoder.o
                0x000000000800d3ec                DAC_DHR8R1_fields
 .rodata.TIM1_CCMR1_Output_fields
                0x000000000800d3f4       0x60 build/decoder/STM32F30x_decoder.o
                0x000000000800d3f4                TIM1_CCMR1_Output_fields
 .rodata.TIM1_CCR2_fields
                0x000000000800d454        0x8 build/decoder/STM32F30x_decoder.o
                0x000000000800d454                TIM1_CCR2_fields
 .rodata.TIM1_OR_fields
                0x000000000800d45c       0x10 build/decoder/STM32F30x_decoder.o
                0x000000000800d45c                TIM1_OR_fields
 .rodata.USART1_TDR_fields
                0x000000000800d46c        0x8 build/decoder/STM32F30x_decoder.o
                0x000000000800d46c                USART1_TDR_fields
 .rodata.NVIC_STIR_fields
                0x000000000800d474        0x8 build/decoder/STM32F30x_decoder.o
                0x000000000800d474                NVIC_STIR_fields
 .rodata.USB_FS_USB_EP7R_fields
                0x000000000800d47c       0x50 build/decoder/STM32F30x_decoder.o
                0x000000000800d47c                USB_FS_USB_EP7R_fields
 .rodata.ADC1_SQR4_fields
                0x000000000800d4cc       0x10 build/decoder/STM32F30x_decoder.o
                0x000000000800d4cc                ADC1_SQR4_fields
 .rodata.SYSCFG_registers
                0x000000000800d4dc       0x70 build/decoder/STM32F30x_decoder.o
                0x000000000800d4dc                SYSCFG_registers
 .rodata.PWR_CSR_fields
                0x000000000800d54c       0x28 build/decoder/STM32F30x_decoder.o
                0x000000000800d54c                PWR_CSR_fields
 .rodata.GPIOB_AFRH_fields
                0x000000000800d574       0x40 build/decoder/STM32F30x_decoder.o
                0x000000000800d574                GPIOB_AFRH_fields
 .rodata.FPU_FPCCR_fields
                0x000000000800d5b4       0x48 build/decoder/STM32F30x_decoder.o
                0x000000000800d5b4                FPU_FPCCR_fields
 .rodata.DBGMCU_APB2FZ_fields
                0x000000000800d5fc       0x20 build/decoder/STM32F30x_decoder.o
                0x000000000800d5fc                DBGMCU_APB2FZ_fields
 .rodata.TIM8_CCR1_fields
                0x000000000800d61c        0x8 build/decoder/STM32F30x_decoder.o
                0x000000000800d61c                TIM8_CCR1_fields
 .rodata.WWDG_SR_fields
                0x000000000800d624        0x8 build/decoder/STM32F30x_decoder.o
                0x000000000800d624                WWDG_SR_fields
 .rodata.TIM16_DIER_fields
                0x000000000800d62c       0x48 build/decoder/STM32F30x_decoder.o
                0x000000000800d62c                TIM16_DIER_fields
 .rodata.TIM1_CCR5_fields
                0x000000000800d674       0x20 build/decoder/STM32F30x_decoder.o
                0x000000000800d674                TIM1_CCR5_fields
 .rodata.TIM8_BDTR_fields
                0x000000000800d694       0x60 build/decoder/STM32F30x_decoder.o
                0x000000000800d694                TIM8_BDTR_fields
 .rodata.Flash_CR_fields
                0x000000000800d6f4       0x58 build/decoder/STM32F30x_decoder.o
                0x000000000800d6f4                Flash_CR_fields
 .rodata.TIM1_DIER_fields
                0x000000000800d74c       0x78 build/decoder/STM32F30x_decoder.o
                0x000000000800d74c                TIM1_DIER_fields
 .rodata.RTC_BKP26R_fields
                0x000000000800d7c4        0x8 build/decoder/STM32F30x_decoder.o
                0x000000000800d7c4                RTC_BKP26R_fields
 .rodata.Flash_OBR_fields
                0x000000000800d7cc       0x58 build/decoder/STM32F30x_decoder.o
                0x000000000800d7cc                Flash_OBR_fields
 .rodata.ADC1_AWD2CR_fields
                0x000000000800d824        0x8 build/decoder/STM32F30x_decoder.o
                0x000000000800d824                ADC1_AWD2CR_fields
 .rodata.FPU_registers
                0x000000000800d82c       0x60 build/decoder/STM32F30x_decoder.o
                0x000000000800d82c                FPU_registers
 .rodata.DAC_CR_fields
                0x000000000800d88c       0x80 build/decoder/STM32F30x_decoder.o
                0x000000000800d88c                DAC_CR_fields
 .rodata.NVIC_IPR10_fields
                0x000000000800d90c       0x20 build/decoder/STM32F30x_decoder.o
                0x000000000800d90c                NVIC_IPR10_fields
 .rodata.TIM15_CCR1_fields
                0x000000000800d92c        0x8 build/decoder/STM32F30x_decoder.o
                0x000000000800d92c                TIM15_CCR1_fields
 .rodata.RTC_ALRMAR_fields
                0x000000000800d934       0x70 build/decoder/STM32F30x_decoder.o
                0x000000000800d934                RTC_ALRMAR_fields
 .rodata.GPIOA_BSRR_fields
                0x000000000800d9a4      0x100 build/decoder/STM32F30x_decoder.o
                0x000000000800d9a4                GPIOA_BSRR_fields
 .rodata.TIM16_SR_fields
                0x000000000800daa4       0x30 build/decoder/STM32F30x_decoder.o
                0x000000000800daa4                TIM16_SR_fields
 .rodata.CAN_F6R1_fields
                0x000000000800dad4      0x100 build/decoder/STM32F30x_decoder.o
                0x000000000800dad4                CAN_F6R1_fields
 .rodata.ADC1_OFR1_fields
                0x000000000800dbd4       0x18 build/decoder/STM32F30x_decoder.o
                0x000000000800dbd4                ADC1_OFR1_fields
 .rodata.TIM15_CR1_fields
                0x000000000800dbec       0x38 build/decoder/STM32F30x_decoder.o
                0x000000000800dbec                TIM15_CR1_fields
 .rodata.NVIC_IABR2_fields
                0x000000000800dc24        0x8 build/decoder/STM32F30x_decoder.o
                0x000000000800dc24                NVIC_IABR2_fields
 .rodata.DMA1_CCR2_fields
                0x000000000800dc2c       0x60 build/decoder/STM32F30x_decoder.o
                0x000000000800dc2c                DMA1_CCR2_fields
 .rodata.NVIC_IPR13_fields
                0x000000000800dc8c       0x20 build/decoder/STM32F30x_decoder.o
                0x000000000800dc8c                NVIC_IPR13_fields
 .rodata.CAN_F22R2_fields
                0x000000000800dcac      0x100 build/decoder/STM32F30x_decoder.o
                0x000000000800dcac                CAN_F22R2_fields
 .rodata.CAN_F0R2_fields
                0x000000000800ddac      0x100 build/decoder/STM32F30x_decoder.o
                0x000000000800ddac                CAN_F0R2_fields
 .rodata.RTC_BKP0R_fields
                0x000000000800deac        0x8 build/decoder/STM32F30x_decoder.o
                0x000000000800deac                RTC_BKP0R_fields
 .rodata.CAN_F19R1_fields
                0x000000000800deb4      0x100 build/decoder/STM32F30x_decoder.o
                0x000000000800deb4                CAN_F19R1_fields
 .rodata.DMA1_IFCR_fields
                0x000000000800dfb4       0xe0 build/decoder/STM32F30x_decoder.o
                0x000000000800dfb4                DMA1_IFCR_fields
 .rodata.TIM16_CCMR1_Input_fields
                0x000000000800e094       0x18 build/decoder/STM32F30x_decoder.o
                0x000000000800e094                TIM16_CCMR1_Input_fields
 .rodata.TIM2_SMCR_fields
                0x000000000800e0ac       0x48 build/decoder/STM32F30x_decoder.o
                0x000000000800e0ac                TIM2_SMCR_fields
 .rodata.CAN_TDT1R_fields
                0x000000000800e0f4       0x18 build/decoder/STM32F30x_decoder.o
                0x000000000800e0f4                CAN_TDT1R_fields
 .rodata.COMP_COMP6_CSR_fields
                0x000000000800e10c       0x58 build/decoder/STM32F30x_decoder.o
                0x000000000800e10c                COMP_COMP6_CSR_fields
 .rodata.I2C1_CR2_fields
                0x000000000800e164       0x68 build/decoder/STM32F30x_decoder.o
                0x000000000800e164                I2C1_CR2_fields
 .rodata.TIM1_CR1_fields
                0x000000000800e1cc       0x48 build/decoder/STM32F30x_decoder.o
                0x000000000800e1cc                TIM1_CR1_fields
 .rodata.CAN_F26R2_fields
                0x000000000800e214      0x100 build/decoder/STM32F30x_decoder.o
                0x000000000800e214                CAN_F26R2_fields
 .rodata.RTC_BKP10R_fields
                0x000000000800e314        0x8 build/decoder/STM32F30x_decoder.o
                0x000000000800e314                RTC_BKP10R_fields
 .rodata.DMA1_CMAR6_fields
                0x000000000800e31c        0x8 build/decoder/STM32F30x_decoder.o
                0x000000000800e31c                DMA1_CMAR6_fields
 .rodata.CAN_F11R2_fields
                0x000000000800e324      0x100 build/decoder/STM32F30x_decoder.o
                0x000000000800e324                CAN_F11R2_fields
 .rodata.NVIC_IPR20_fields
                0x000000000800e424       0x20 build/decoder/STM32F30x_decoder.o
                0x000000000800e424                NVIC_IPR20_fields
 .rodata.ADC1_DR_fields
                0x000000000800e444        0x8 build/decoder/STM32F30x_decoder.o
                0x000000000800e444                ADC1_DR_fields
 .rodata.CAN_F16R1_fields
                0x000000000800e44c      0x100 build/decoder/STM32F30x_decoder.o
                0x000000000800e44c                CAN_F16R1_fields
 .rodata.TSC_registers
                0x000000000800e54c      0x110 build/decoder/STM32F30x_decoder.o
                0x000000000800e54c                TSC_registers
 .rodata.ADC1_registers
                0x000000000800e65c      0x1b0 build/decoder/STM32F30x_decoder.o
                0x000000000800e65c                ADC1_registers
 .rodata.TIM17_CR2_fields
                0x000000000800e80c       0x28 build/decoder/STM32F30x_decoder.o
                0x000000000800e80c                TIM17_CR2_fields
 .rodata.PWR_registers
                0x000000000800e834       0x20 build/decoder/STM32F30x_decoder.o
                0x000000000800e834                PWR_registers
 .rodata.TIM8_ARR_fields
                0x000000000800e854        0x8 build/decoder/STM32F30x_decoder.o
                0x000000000800e854                TIM8_ARR_fields
 .rodata.EXTI_RTSR1_fields
                0x000000000800e85c       0xd0 build/decoder/STM32F30x_decoder.o
                0x000000000800e85c                EXTI_RTSR1_fields
 .rodata.RCC_APB2ENR_fields
                0x000000000800e92c       0x40 build/decoder/STM32F30x_decoder.o
                0x000000000800e92c                RCC_APB2ENR_fields
 .rodata.NVIC_IPR3_fields
                0x000000000800e96c       0x20 build/decoder/STM32F30x_decoder.o
                0x000000000800e96c                NVIC_IPR3_fields
 .rodata.I2C1_TIMINGR_fields
                0x000000000800e98c       0x28 build/decoder/STM32F30x_decoder.o
                0x000000000800e98c                I2C1_TIMINGR_fields
 .rodata.USART1_CR1_fields
                0x000000000800e9b4       0xa0 build/decoder/STM32F30x_decoder.o
                0x000000000800e9b4                USART1_CR1_fields
 .rodata.USART1_RDR_fields
                0x000000000800ea54        0x8 build/decoder/STM32F30x_decoder.o
                0x000000000800ea54                USART1_RDR_fields
 .rodata.CAN_F13R1_fields
                0x000000000800ea5c      0x100 build/decoder/STM32F30x_decoder.o
                0x000000000800ea5c                CAN_F13R1_fields
 .rodata.RCC_CSR_fields
                0x000000000800eb5c       0x50 build/decoder/STM32F30x_decoder.o
                0x000000000800eb5c                RCC_CSR_fields
 .rodata.NVIC_IABR0_fields
                0x000000000800ebac        0x8 build/decoder/STM32F30x_decoder.o
                0x000000000800ebac                NVIC_IABR0_fields
 .rodata.TIM2_EGR_fields
                0x000000000800ebb4       0x30 build/decoder/STM32F30x_decoder.o
                0x000000000800ebb4                TIM2_EGR_fields
 .rodata.USART1_CR3_fields
                0x000000000800ebe4       0x98 build/decoder/STM32F30x_decoder.o
                0x000000000800ebe4                USART1_CR3_fields
 .rodata.TIM2_DIER_fields
                0x000000000800ec7c       0x60 build/decoder/STM32F30x_decoder.o